Last login: Tue May 14 03:58:37 UTC 2019 from 182.75.137.218 on pts/1
total 116K
-rwxr-xr-x 1 root root  139 May 11 16:38 test.sh
-rwxr--r-- 1 root root   93 May 11 16:42 git.sh
drwxr-xr-x 4 root root 4.0K May 12 16:06 work
-rw-r--r-- 1 root root  652 May 12 16:06 ssh.sh
-rw-r--r-- 1 root root   14 May 12 16:06 README.md
drwxr-xr-x 2 root root 4.0K May 12 16:06 ping-a-list-of-urls
-rwxr-xr-x 1 root root   78 May 12 16:06 java-version.sh
-rw-r--r-- 1 root root  134 May 12 16:06 java_version
-rw-r--r-- 1 root root  12K May 12 16:06 .java.sh.swp
-rw-r--r-- 1 root root  161 May 12 16:06 dockerinstall.sh
-rw-r--r-- 1 root root  12K May 12 16:06 .ansible.swp
-rw-r--r-- 1 root root  254 May 12 16:06 ansible.sh
drwxr-xr-x 2 root root 4.0K May 12 16:06 ansible
-rwxr--r-- 1 root root   70 May 12 16:09 process.sh
dr-xr-x--- 5 root root 4.0K May 12 16:22 ..
drwxr-xr-x 8 root root 4.0K May 12 16:23 .git
-rwxr-xr-x 1 root root  339 May 14 03:54 ssh1.sh
-rw-r--r-- 1 root root  12K May 14 03:57 .test.sh.swp
-rw-r--r-- 1 root root  193 May 14 04:12 jenkins.sh
-rwxr-xr-x 1 root root  268 May 14 04:18 java.sh
-rw-r--r-- 1 root root    0 May 14 04:28 typescript
-rw-r--r-- 1 root root   57 May 14 05:07 git
-rw-r--r-- 1 root root    0 May 14 05:08 id
drwxr-xr-x 6 root root 4.0K May 14 05:10 .
-rw-r--r-- 1 root root   70 May 14 05:10 test.log
Last login: Tue May 14 05:10:07 UTC 2019
total 116K
-rwxr-xr-x 1 root root  139 May 11 16:38 test.sh
-rwxr--r-- 1 root root   93 May 11 16:42 git.sh
drwxr-xr-x 4 root root 4.0K May 12 16:06 work
-rw-r--r-- 1 root root  652 May 12 16:06 ssh.sh
-rw-r--r-- 1 root root   14 May 12 16:06 README.md
drwxr-xr-x 2 root root 4.0K May 12 16:06 ping-a-list-of-urls
-rwxr-xr-x 1 root root   78 May 12 16:06 java-version.sh
-rw-r--r-- 1 root root  134 May 12 16:06 java_version
-rw-r--r-- 1 root root  12K May 12 16:06 .java.sh.swp
-rw-r--r-- 1 root root  161 May 12 16:06 dockerinstall.sh
-rw-r--r-- 1 root root  12K May 12 16:06 .ansible.swp
-rw-r--r-- 1 root root  254 May 12 16:06 ansible.sh
drwxr-xr-x 2 root root 4.0K May 12 16:06 ansible
-rwxr--r-- 1 root root   70 May 12 16:09 process.sh
dr-xr-x--- 5 root root 4.0K May 12 16:22 ..
drwxr-xr-x 8 root root 4.0K May 12 16:23 .git
-rwxr-xr-x 1 root root  339 May 14 03:54 ssh1.sh
-rw-r--r-- 1 root root  12K May 14 03:57 .test.sh.swp
-rw-r--r-- 1 root root  193 May 14 04:12 jenkins.sh
-rwxr-xr-x 1 root root  268 May 14 04:18 java.sh
-rw-r--r-- 1 root root    0 May 14 04:28 typescript
-rw-r--r-- 1 root root   57 May 14 05:07 git
-rw-r--r-- 1 root root    0 May 14 05:08 id
drwxr-xr-x 6 root root 4.0K May 14 05:10 .
-rw-r--r-- 1 root root 1.4K May 14 05:10 test.log
Last login: Tue May 14 05:10:07 UTC 2019
total 116K
-rwxr-xr-x 1 root root  139 May 11 16:38 test.sh
-rwxr--r-- 1 root root   93 May 11 16:42 git.sh
drwxr-xr-x 4 root root 4.0K May 12 16:06 work
-rw-r--r-- 1 root root  652 May 12 16:06 ssh.sh
-rw-r--r-- 1 root root   14 May 12 16:06 README.md
drwxr-xr-x 2 root root 4.0K May 12 16:06 ping-a-list-of-urls
-rwxr-xr-x 1 root root   78 May 12 16:06 java-version.sh
-rw-r--r-- 1 root root  134 May 12 16:06 java_version
-rw-r--r-- 1 root root  12K May 12 16:06 .java.sh.swp
-rw-r--r-- 1 root root  161 May 12 16:06 dockerinstall.sh
-rw-r--r-- 1 root root  12K May 12 16:06 .ansible.swp
-rw-r--r-- 1 root root  254 May 12 16:06 ansible.sh
drwxr-xr-x 2 root root 4.0K May 12 16:06 ansible
-rwxr--r-- 1 root root   70 May 12 16:09 process.sh
dr-xr-x--- 5 root root 4.0K May 12 16:22 ..
drwxr-xr-x 8 root root 4.0K May 12 16:23 .git
-rwxr-xr-x 1 root root  339 May 14 03:54 ssh1.sh
-rw-r--r-- 1 root root  12K May 14 03:57 .test.sh.swp
-rw-r--r-- 1 root root  193 May 14 04:12 jenkins.sh
-rwxr-xr-x 1 root root  268 May 14 04:18 java.sh
-rw-r--r-- 1 root root    0 May 14 04:28 typescript
-rw-r--r-- 1 root root   57 May 14 05:07 git
-rw-r--r-- 1 root root    0 May 14 05:08 id
drwxr-xr-x 6 root root 4.0K May 14 05:10 .
-rw-r--r-- 1 root root 2.7K May 14 05:10 test.log
Last login: Tue May 14 05:10:07 UTC 2019
total 116K
-rwxr-xr-x 1 root root  139 May 11 16:38 test.sh
-rwxr--r-- 1 root root   93 May 11 16:42 git.sh
drwxr-xr-x 4 root root 4.0K May 12 16:06 work
-rw-r--r-- 1 root root  652 May 12 16:06 ssh.sh
-rw-r--r-- 1 root root   14 May 12 16:06 README.md
drwxr-xr-x 2 root root 4.0K May 12 16:06 ping-a-list-of-urls
-rwxr-xr-x 1 root root   78 May 12 16:06 java-version.sh
-rw-r--r-- 1 root root  134 May 12 16:06 java_version
-rw-r--r-- 1 root root  12K May 12 16:06 .java.sh.swp
-rw-r--r-- 1 root root  161 May 12 16:06 dockerinstall.sh
-rw-r--r-- 1 root root  12K May 12 16:06 .ansible.swp
-rw-r--r-- 1 root root  254 May 12 16:06 ansible.sh
drwxr-xr-x 2 root root 4.0K May 12 16:06 ansible
-rwxr--r-- 1 root root   70 May 12 16:09 process.sh
dr-xr-x--- 5 root root 4.0K May 12 16:22 ..
drwxr-xr-x 8 root root 4.0K May 12 16:23 .git
-rwxr-xr-x 1 root root  339 May 14 03:54 ssh1.sh
-rw-r--r-- 1 root root  12K May 14 03:57 .test.sh.swp
-rw-r--r-- 1 root root  193 May 14 04:12 jenkins.sh
-rwxr-xr-x 1 root root  268 May 14 04:18 java.sh
-rw-r--r-- 1 root root    0 May 14 04:28 typescript
-rw-r--r-- 1 root root   57 May 14 05:07 git
-rw-r--r-- 1 root root    0 May 14 05:08 id
drwxr-xr-x 6 root root 4.0K May 14 05:10 .
-rw-r--r-- 1 root root 4.0K May 14 05:10 test.log
Last login: Tue May 14 05:10:07 UTC 2019
total 120K
-rwxr-xr-x 1 root root  139 May 11 16:38 test.sh
-rwxr--r-- 1 root root   93 May 11 16:42 git.sh
drwxr-xr-x 4 root root 4.0K May 12 16:06 work
-rw-r--r-- 1 root root  652 May 12 16:06 ssh.sh
-rw-r--r-- 1 root root   14 May 12 16:06 README.md
drwxr-xr-x 2 root root 4.0K May 12 16:06 ping-a-list-of-urls
-rwxr-xr-x 1 root root   78 May 12 16:06 java-version.sh
-rw-r--r-- 1 root root  134 May 12 16:06 java_version
-rw-r--r-- 1 root root  12K May 12 16:06 .java.sh.swp
-rw-r--r-- 1 root root  161 May 12 16:06 dockerinstall.sh
-rw-r--r-- 1 root root  12K May 12 16:06 .ansible.swp
-rw-r--r-- 1 root root  254 May 12 16:06 ansible.sh
drwxr-xr-x 2 root root 4.0K May 12 16:06 ansible
-rwxr--r-- 1 root root   70 May 12 16:09 process.sh
dr-xr-x--- 5 root root 4.0K May 12 16:22 ..
drwxr-xr-x 8 root root 4.0K May 12 16:23 .git
-rwxr-xr-x 1 root root  339 May 14 03:54 ssh1.sh
-rw-r--r-- 1 root root  12K May 14 03:57 .test.sh.swp
-rw-r--r-- 1 root root  193 May 14 04:12 jenkins.sh
-rwxr-xr-x 1 root root  268 May 14 04:18 java.sh
-rw-r--r-- 1 root root    0 May 14 04:28 typescript
-rw-r--r-- 1 root root   57 May 14 05:07 git
-rw-r--r-- 1 root root    0 May 14 05:08 id
drwxr-xr-x 6 root root 4.0K May 14 05:10 .
-rw-r--r-- 1 root root 5.2K May 14 05:10 test.log
Last login: Tue May 14 05:10:07 UTC 2019
total 120K
-rwxr-xr-x 1 root root  139 May 11 16:38 test.sh
-rwxr--r-- 1 root root   93 May 11 16:42 git.sh
drwxr-xr-x 4 root root 4.0K May 12 16:06 work
-rw-r--r-- 1 root root  652 May 12 16:06 ssh.sh
-rw-r--r-- 1 root root   14 May 12 16:06 README.md
drwxr-xr-x 2 root root 4.0K May 12 16:06 ping-a-list-of-urls
-rwxr-xr-x 1 root root   78 May 12 16:06 java-version.sh
-rw-r--r-- 1 root root  134 May 12 16:06 java_version
-rw-r--r-- 1 root root  12K May 12 16:06 .java.sh.swp
-rw-r--r-- 1 root root  161 May 12 16:06 dockerinstall.sh
-rw-r--r-- 1 root root  12K May 12 16:06 .ansible.swp
-rw-r--r-- 1 root root  254 May 12 16:06 ansible.sh
drwxr-xr-x 2 root root 4.0K May 12 16:06 ansible
-rwxr--r-- 1 root root   70 May 12 16:09 process.sh
dr-xr-x--- 5 root root 4.0K May 12 16:22 ..
drwxr-xr-x 8 root root 4.0K May 12 16:23 .git
-rwxr-xr-x 1 root root  339 May 14 03:54 ssh1.sh
-rw-r--r-- 1 root root  12K May 14 03:57 .test.sh.swp
-rw-r--r-- 1 root root  193 May 14 04:12 jenkins.sh
-rwxr-xr-x 1 root root  268 May 14 04:18 java.sh
-rw-r--r-- 1 root root    0 May 14 04:28 typescript
-rw-r--r-- 1 root root   57 May 14 05:07 git
-rw-r--r-- 1 root root    0 May 14 05:08 id
drwxr-xr-x 6 root root 4.0K May 14 05:10 .
-rw-r--r-- 1 root root 6.5K May 14 05:10 test.log
Last login: Tue May 14 05:10:07 UTC 2019
total 120K
-rwxr-xr-x 1 root root  139 May 11 16:38 test.sh
-rwxr--r-- 1 root root   93 May 11 16:42 git.sh
drwxr-xr-x 4 root root 4.0K May 12 16:06 work
-rw-r--r-- 1 root root  652 May 12 16:06 ssh.sh
-rw-r--r-- 1 root root   14 May 12 16:06 README.md
drwxr-xr-x 2 root root 4.0K May 12 16:06 ping-a-list-of-urls
-rwxr-xr-x 1 root root   78 May 12 16:06 java-version.sh
-rw-r--r-- 1 root root  134 May 12 16:06 java_version
-rw-r--r-- 1 root root  12K May 12 16:06 .java.sh.swp
-rw-r--r-- 1 root root  161 May 12 16:06 dockerinstall.sh
-rw-r--r-- 1 root root  12K May 12 16:06 .ansible.swp
-rw-r--r-- 1 root root  254 May 12 16:06 ansible.sh
drwxr-xr-x 2 root root 4.0K May 12 16:06 ansible
-rwxr--r-- 1 root root   70 May 12 16:09 process.sh
dr-xr-x--- 5 root root 4.0K May 12 16:22 ..
drwxr-xr-x 8 root root 4.0K May 12 16:23 .git
-rwxr-xr-x 1 root root  339 May 14 03:54 ssh1.sh
-rw-r--r-- 1 root root  12K May 14 03:57 .test.sh.swp
-rw-r--r-- 1 root root  193 May 14 04:12 jenkins.sh
-rwxr-xr-x 1 root root  268 May 14 04:18 java.sh
-rw-r--r-- 1 root root    0 May 14 04:28 typescript
-rw-r--r-- 1 root root   57 May 14 05:07 git
-rw-r--r-- 1 root root    0 May 14 05:08 id
drwxr-xr-x 6 root root 4.0K May 14 05:10 .
-rw-r--r-- 1 root root 7.8K May 14 05:10 test.log
Last login: Tue May 14 05:10:07 UTC 2019
total 124K
-rwxr-xr-x 1 root root  139 May 11 16:38 test.sh
-rwxr--r-- 1 root root   93 May 11 16:42 git.sh
drwxr-xr-x 4 root root 4.0K May 12 16:06 work
-rw-r--r-- 1 root root  652 May 12 16:06 ssh.sh
-rw-r--r-- 1 root root   14 May 12 16:06 README.md
drwxr-xr-x 2 root root 4.0K May 12 16:06 ping-a-list-of-urls
-rwxr-xr-x 1 root root   78 May 12 16:06 java-version.sh
-rw-r--r-- 1 root root  134 May 12 16:06 java_version
-rw-r--r-- 1 root root  12K May 12 16:06 .java.sh.swp
-rw-r--r-- 1 root root  161 May 12 16:06 dockerinstall.sh
-rw-r--r-- 1 root root  12K May 12 16:06 .ansible.swp
-rw-r--r-- 1 root root  254 May 12 16:06 ansible.sh
drwxr-xr-x 2 root root 4.0K May 12 16:06 ansible
-rwxr--r-- 1 root root   70 May 12 16:09 process.sh
dr-xr-x--- 5 root root 4.0K May 12 16:22 ..
drwxr-xr-x 8 root root 4.0K May 12 16:23 .git
-rwxr-xr-x 1 root root  339 May 14 03:54 ssh1.sh
-rw-r--r-- 1 root root  12K May 14 03:57 .test.sh.swp
-rw-r--r-- 1 root root  193 May 14 04:12 jenkins.sh
-rwxr-xr-x 1 root root  268 May 14 04:18 java.sh
-rw-r--r-- 1 root root    0 May 14 04:28 typescript
-rw-r--r-- 1 root root   57 May 14 05:07 git
-rw-r--r-- 1 root root    0 May 14 05:08 id
drwxr-xr-x 6 root root 4.0K May 14 05:10 .
-rw-r--r-- 1 root root 9.1K May 14 05:10 test.log
Last login: Tue May 14 05:10:07 UTC 2019
total 124K
-rwxr-xr-x 1 root root  139 May 11 16:38 test.sh
-rwxr--r-- 1 root root   93 May 11 16:42 git.sh
drwxr-xr-x 4 root root 4.0K May 12 16:06 work
-rw-r--r-- 1 root root  652 May 12 16:06 ssh.sh
-rw-r--r-- 1 root root   14 May 12 16:06 README.md
drwxr-xr-x 2 root root 4.0K May 12 16:06 ping-a-list-of-urls
-rwxr-xr-x 1 root root   78 May 12 16:06 java-version.sh
-rw-r--r-- 1 root root  134 May 12 16:06 java_version
-rw-r--r-- 1 root root  12K May 12 16:06 .java.sh.swp
-rw-r--r-- 1 root root  161 May 12 16:06 dockerinstall.sh
-rw-r--r-- 1 root root  12K May 12 16:06 .ansible.swp
-rw-r--r-- 1 root root  254 May 12 16:06 ansible.sh
drwxr-xr-x 2 root root 4.0K May 12 16:06 ansible
-rwxr--r-- 1 root root   70 May 12 16:09 process.sh
dr-xr-x--- 5 root root 4.0K May 12 16:22 ..
drwxr-xr-x 8 root root 4.0K May 12 16:23 .git
-rwxr-xr-x 1 root root  339 May 14 03:54 ssh1.sh
-rw-r--r-- 1 root root  12K May 14 03:57 .test.sh.swp
-rw-r--r-- 1 root root  193 May 14 04:12 jenkins.sh
-rwxr-xr-x 1 root root  268 May 14 04:18 java.sh
-rw-r--r-- 1 root root    0 May 14 04:28 typescript
-rw-r--r-- 1 root root   57 May 14 05:07 git
-rw-r--r-- 1 root root    0 May 14 05:08 id
drwxr-xr-x 6 root root 4.0K May 14 05:10 .
-rw-r--r-- 1 root root  11K May 14 05:10 test.log
Last login: Tue May 14 05:10:07 UTC 2019
total 124K
-rwxr-xr-x 1 root root  139 May 11 16:38 test.sh
-rwxr--r-- 1 root root   93 May 11 16:42 git.sh
drwxr-xr-x 4 root root 4.0K May 12 16:06 work
-rw-r--r-- 1 root root  652 May 12 16:06 ssh.sh
-rw-r--r-- 1 root root   14 May 12 16:06 README.md
drwxr-xr-x 2 root root 4.0K May 12 16:06 ping-a-list-of-urls
-rwxr-xr-x 1 root root   78 May 12 16:06 java-version.sh
-rw-r--r-- 1 root root  134 May 12 16:06 java_version
-rw-r--r-- 1 root root  12K May 12 16:06 .java.sh.swp
-rw-r--r-- 1 root root  161 May 12 16:06 dockerinstall.sh
-rw-r--r-- 1 root root  12K May 12 16:06 .ansible.swp
-rw-r--r-- 1 root root  254 May 12 16:06 ansible.sh
drwxr-xr-x 2 root root 4.0K May 12 16:06 ansible
-rwxr--r-- 1 root root   70 May 12 16:09 process.sh
dr-xr-x--- 5 root root 4.0K May 12 16:22 ..
drwxr-xr-x 8 root root 4.0K May 12 16:23 .git
-rwxr-xr-x 1 root root  339 May 14 03:54 ssh1.sh
-rw-r--r-- 1 root root  12K May 14 03:57 .test.sh.swp
-rw-r--r-- 1 root root  193 May 14 04:12 jenkins.sh
-rwxr-xr-x 1 root root  268 May 14 04:18 java.sh
-rw-r--r-- 1 root root    0 May 14 04:28 typescript
-rw-r--r-- 1 root root   57 May 14 05:07 git
-rw-r--r-- 1 root root    0 May 14 05:08 id
drwxr-xr-x 6 root root 4.0K May 14 05:10 .
-rw-r--r-- 1 root root  12K May 14 05:10 test.log
Last login: Tue May 14 05:10:07 UTC 2019
total 128K
-rwxr-xr-x 1 root root  139 May 11 16:38 test.sh
-rwxr--r-- 1 root root   93 May 11 16:42 git.sh
drwxr-xr-x 4 root root 4.0K May 12 16:06 work
-rw-r--r-- 1 root root  652 May 12 16:06 ssh.sh
-rw-r--r-- 1 root root   14 May 12 16:06 README.md
drwxr-xr-x 2 root root 4.0K May 12 16:06 ping-a-list-of-urls
-rwxr-xr-x 1 root root   78 May 12 16:06 java-version.sh
-rw-r--r-- 1 root root  134 May 12 16:06 java_version
-rw-r--r-- 1 root root  12K May 12 16:06 .java.sh.swp
-rw-r--r-- 1 root root  161 May 12 16:06 dockerinstall.sh
-rw-r--r-- 1 root root  12K May 12 16:06 .ansible.swp
-rw-r--r-- 1 root root  254 May 12 16:06 ansible.sh
drwxr-xr-x 2 root root 4.0K May 12 16:06 ansible
-rwxr--r-- 1 root root   70 May 12 16:09 process.sh
dr-xr-x--- 5 root root 4.0K May 12 16:22 ..
drwxr-xr-x 8 root root 4.0K May 12 16:23 .git
-rwxr-xr-x 1 root root  339 May 14 03:54 ssh1.sh
-rw-r--r-- 1 root root  12K May 14 03:57 .test.sh.swp
-rw-r--r-- 1 root root  193 May 14 04:12 jenkins.sh
-rwxr-xr-x 1 root root  268 May 14 04:18 java.sh
-rw-r--r-- 1 root root    0 May 14 04:28 typescript
-rw-r--r-- 1 root root   57 May 14 05:07 git
-rw-r--r-- 1 root root    0 May 14 05:08 id
drwxr-xr-x 6 root root 4.0K May 14 05:10 .
-rw-r--r-- 1 root root  13K May 14 05:10 test.log
Last login: Tue May 14 05:10:07 UTC 2019
total 128K
-rwxr-xr-x 1 root root  139 May 11 16:38 test.sh
-rwxr--r-- 1 root root   93 May 11 16:42 git.sh
drwxr-xr-x 4 root root 4.0K May 12 16:06 work
-rw-r--r-- 1 root root  652 May 12 16:06 ssh.sh
-rw-r--r-- 1 root root   14 May 12 16:06 README.md
drwxr-xr-x 2 root root 4.0K May 12 16:06 ping-a-list-of-urls
-rwxr-xr-x 1 root root   78 May 12 16:06 java-version.sh
-rw-r--r-- 1 root root  134 May 12 16:06 java_version
-rw-r--r-- 1 root root  12K May 12 16:06 .java.sh.swp
-rw-r--r-- 1 root root  161 May 12 16:06 dockerinstall.sh
-rw-r--r-- 1 root root  12K May 12 16:06 .ansible.swp
-rw-r--r-- 1 root root  254 May 12 16:06 ansible.sh
drwxr-xr-x 2 root root 4.0K May 12 16:06 ansible
-rwxr--r-- 1 root root   70 May 12 16:09 process.sh
dr-xr-x--- 5 root root 4.0K May 12 16:22 ..
drwxr-xr-x 8 root root 4.0K May 12 16:23 .git
-rwxr-xr-x 1 root root  339 May 14 03:54 ssh1.sh
-rw-r--r-- 1 root root  12K May 14 03:57 .test.sh.swp
-rw-r--r-- 1 root root  193 May 14 04:12 jenkins.sh
-rwxr-xr-x 1 root root  268 May 14 04:18 java.sh
-rw-r--r-- 1 root root    0 May 14 04:28 typescript
-rw-r--r-- 1 root root   57 May 14 05:07 git
-rw-r--r-- 1 root root    0 May 14 05:08 id
drwxr-xr-x 6 root root 4.0K May 14 05:10 .
-rw-r--r-- 1 root root  15K May 14 05:10 test.log
Last login: Tue May 14 05:10:07 UTC 2019
total 128K
-rwxr-xr-x 1 root root  139 May 11 16:38 test.sh
-rwxr--r-- 1 root root   93 May 11 16:42 git.sh
drwxr-xr-x 4 root root 4.0K May 12 16:06 work
-rw-r--r-- 1 root root  652 May 12 16:06 ssh.sh
-rw-r--r-- 1 root root   14 May 12 16:06 README.md
drwxr-xr-x 2 root root 4.0K May 12 16:06 ping-a-list-of-urls
-rwxr-xr-x 1 root root   78 May 12 16:06 java-version.sh
-rw-r--r-- 1 root root  134 May 12 16:06 java_version
-rw-r--r-- 1 root root  12K May 12 16:06 .java.sh.swp
-rw-r--r-- 1 root root  161 May 12 16:06 dockerinstall.sh
-rw-r--r-- 1 root root  12K May 12 16:06 .ansible.swp
-rw-r--r-- 1 root root  254 May 12 16:06 ansible.sh
drwxr-xr-x 2 root root 4.0K May 12 16:06 ansible
-rwxr--r-- 1 root root   70 May 12 16:09 process.sh
dr-xr-x--- 5 root root 4.0K May 12 16:22 ..
drwxr-xr-x 8 root root 4.0K May 12 16:23 .git
-rwxr-xr-x 1 root root  339 May 14 03:54 ssh1.sh
-rw-r--r-- 1 root root  12K May 14 03:57 .test.sh.swp
-rw-r--r-- 1 root root  193 May 14 04:12 jenkins.sh
-rwxr-xr-x 1 root root  268 May 14 04:18 java.sh
-rw-r--r-- 1 root root    0 May 14 04:28 typescript
-rw-r--r-- 1 root root   57 May 14 05:07 git
-rw-r--r-- 1 root root    0 May 14 05:08 id
drwxr-xr-x 6 root root 4.0K May 14 05:10 .
-rw-r--r-- 1 root root  16K May 14 05:10 test.log
Last login: Tue May 14 05:10:07 UTC 2019
total 132K
-rwxr-xr-x 1 root root  139 May 11 16:38 test.sh
-rwxr--r-- 1 root root   93 May 11 16:42 git.sh
drwxr-xr-x 4 root root 4.0K May 12 16:06 work
-rw-r--r-- 1 root root  652 May 12 16:06 ssh.sh
-rw-r--r-- 1 root root   14 May 12 16:06 README.md
drwxr-xr-x 2 root root 4.0K May 12 16:06 ping-a-list-of-urls
-rwxr-xr-x 1 root root   78 May 12 16:06 java-version.sh
-rw-r--r-- 1 root root  134 May 12 16:06 java_version
-rw-r--r-- 1 root root  12K May 12 16:06 .java.sh.swp
-rw-r--r-- 1 root root  161 May 12 16:06 dockerinstall.sh
-rw-r--r-- 1 root root  12K May 12 16:06 .ansible.swp
-rw-r--r-- 1 root root  254 May 12 16:06 ansible.sh
drwxr-xr-x 2 root root 4.0K May 12 16:06 ansible
-rwxr--r-- 1 root root   70 May 12 16:09 process.sh
dr-xr-x--- 5 root root 4.0K May 12 16:22 ..
drwxr-xr-x 8 root root 4.0K May 12 16:23 .git
-rwxr-xr-x 1 root root  339 May 14 03:54 ssh1.sh
-rw-r--r-- 1 root root  12K May 14 03:57 .test.sh.swp
-rw-r--r-- 1 root root  193 May 14 04:12 jenkins.sh
-rwxr-xr-x 1 root root  268 May 14 04:18 java.sh
-rw-r--r-- 1 root root    0 May 14 04:28 typescript
-rw-r--r-- 1 root root   57 May 14 05:07 git
-rw-r--r-- 1 root root    0 May 14 05:08 id
drwxr-xr-x 6 root root 4.0K May 14 05:10 .
-rw-r--r-- 1 root root  17K May 14 05:10 test.log
Last login: Tue May 14 05:10:07 UTC 2019
total 132K
-rwxr-xr-x 1 root root  139 May 11 16:38 test.sh
-rwxr--r-- 1 root root   93 May 11 16:42 git.sh
drwxr-xr-x 4 root root 4.0K May 12 16:06 work
-rw-r--r-- 1 root root  652 May 12 16:06 ssh.sh
-rw-r--r-- 1 root root   14 May 12 16:06 README.md
drwxr-xr-x 2 root root 4.0K May 12 16:06 ping-a-list-of-urls
-rwxr-xr-x 1 root root   78 May 12 16:06 java-version.sh
-rw-r--r-- 1 root root  134 May 12 16:06 java_version
-rw-r--r-- 1 root root  12K May 12 16:06 .java.sh.swp
-rw-r--r-- 1 root root  161 May 12 16:06 dockerinstall.sh
-rw-r--r-- 1 root root  12K May 12 16:06 .ansible.swp
-rw-r--r-- 1 root root  254 May 12 16:06 ansible.sh
drwxr-xr-x 2 root root 4.0K May 12 16:06 ansible
-rwxr--r-- 1 root root   70 May 12 16:09 process.sh
dr-xr-x--- 5 root root 4.0K May 12 16:22 ..
drwxr-xr-x 8 root root 4.0K May 12 16:23 .git
-rwxr-xr-x 1 root root  339 May 14 03:54 ssh1.sh
-rw-r--r-- 1 root root  12K May 14 03:57 .test.sh.swp
-rw-r--r-- 1 root root  193 May 14 04:12 jenkins.sh
-rwxr-xr-x 1 root root  268 May 14 04:18 java.sh
-rw-r--r-- 1 root root    0 May 14 04:28 typescript
-rw-r--r-- 1 root root   57 May 14 05:07 git
-rw-r--r-- 1 root root    0 May 14 05:08 id
drwxr-xr-x 6 root root 4.0K May 14 05:10 .
-rw-r--r-- 1 root root  19K May 14 05:10 test.log
Last login: Tue May 14 05:10:07 UTC 2019
total 132K
-rwxr-xr-x 1 root root  139 May 11 16:38 test.sh
-rwxr--r-- 1 root root   93 May 11 16:42 git.sh
drwxr-xr-x 4 root root 4.0K May 12 16:06 work
-rw-r--r-- 1 root root  652 May 12 16:06 ssh.sh
-rw-r--r-- 1 root root   14 May 12 16:06 README.md
drwxr-xr-x 2 root root 4.0K May 12 16:06 ping-a-list-of-urls
-rwxr-xr-x 1 root root   78 May 12 16:06 java-version.sh
-rw-r--r-- 1 root root  134 May 12 16:06 java_version
-rw-r--r-- 1 root root  12K May 12 16:06 .java.sh.swp
-rw-r--r-- 1 root root  161 May 12 16:06 dockerinstall.sh
-rw-r--r-- 1 root root  12K May 12 16:06 .ansible.swp
-rw-r--r-- 1 root root  254 May 12 16:06 ansible.sh
drwxr-xr-x 2 root root 4.0K May 12 16:06 ansible
-rwxr--r-- 1 root root   70 May 12 16:09 process.sh
dr-xr-x--- 5 root root 4.0K May 12 16:22 ..
drwxr-xr-x 8 root root 4.0K May 12 16:23 .git
-rwxr-xr-x 1 root root  339 May 14 03:54 ssh1.sh
-rw-r--r-- 1 root root  12K May 14 03:57 .test.sh.swp
-rw-r--r-- 1 root root  193 May 14 04:12 jenkins.sh
-rwxr-xr-x 1 root root  268 May 14 04:18 java.sh
-rw-r--r-- 1 root root    0 May 14 04:28 typescript
-rw-r--r-- 1 root root   57 May 14 05:07 git
-rw-r--r-- 1 root root    0 May 14 05:08 id
drwxr-xr-x 6 root root 4.0K May 14 05:10 .
-rw-r--r-- 1 root root  20K May 14 05:10 test.log
Last login: Tue May 14 05:10:07 UTC 2019
total 136K
-rwxr-xr-x 1 root root  139 May 11 16:38 test.sh
-rwxr--r-- 1 root root   93 May 11 16:42 git.sh
drwxr-xr-x 4 root root 4.0K May 12 16:06 work
-rw-r--r-- 1 root root  652 May 12 16:06 ssh.sh
-rw-r--r-- 1 root root   14 May 12 16:06 README.md
drwxr-xr-x 2 root root 4.0K May 12 16:06 ping-a-list-of-urls
-rwxr-xr-x 1 root root   78 May 12 16:06 java-version.sh
-rw-r--r-- 1 root root  134 May 12 16:06 java_version
-rw-r--r-- 1 root root  12K May 12 16:06 .java.sh.swp
-rw-r--r-- 1 root root  161 May 12 16:06 dockerinstall.sh
-rw-r--r-- 1 root root  12K May 12 16:06 .ansible.swp
-rw-r--r-- 1 root root  254 May 12 16:06 ansible.sh
drwxr-xr-x 2 root root 4.0K May 12 16:06 ansible
-rwxr--r-- 1 root root   70 May 12 16:09 process.sh
dr-xr-x--- 5 root root 4.0K May 12 16:22 ..
drwxr-xr-x 8 root root 4.0K May 12 16:23 .git
-rwxr-xr-x 1 root root  339 May 14 03:54 ssh1.sh
-rw-r--r-- 1 root root  12K May 14 03:57 .test.sh.swp
-rw-r--r-- 1 root root  193 May 14 04:12 jenkins.sh
-rwxr-xr-x 1 root root  268 May 14 04:18 java.sh
-rw-r--r-- 1 root root    0 May 14 04:28 typescript
-rw-r--r-- 1 root root   57 May 14 05:07 git
-rw-r--r-- 1 root root    0 May 14 05:08 id
drwxr-xr-x 6 root root 4.0K May 14 05:10 .
-rw-r--r-- 1 root root  21K May 14 05:10 test.log
Last login: Tue May 14 05:10:07 UTC 2019
total 136K
-rwxr-xr-x 1 root root  139 May 11 16:38 test.sh
-rwxr--r-- 1 root root   93 May 11 16:42 git.sh
drwxr-xr-x 4 root root 4.0K May 12 16:06 work
-rw-r--r-- 1 root root  652 May 12 16:06 ssh.sh
-rw-r--r-- 1 root root   14 May 12 16:06 README.md
drwxr-xr-x 2 root root 4.0K May 12 16:06 ping-a-list-of-urls
-rwxr-xr-x 1 root root   78 May 12 16:06 java-version.sh
-rw-r--r-- 1 root root  134 May 12 16:06 java_version
-rw-r--r-- 1 root root  12K May 12 16:06 .java.sh.swp
-rw-r--r-- 1 root root  161 May 12 16:06 dockerinstall.sh
-rw-r--r-- 1 root root  12K May 12 16:06 .ansible.swp
-rw-r--r-- 1 root root  254 May 12 16:06 ansible.sh
drwxr-xr-x 2 root root 4.0K May 12 16:06 ansible
-rwxr--r-- 1 root root   70 May 12 16:09 process.sh
dr-xr-x--- 5 root root 4.0K May 12 16:22 ..
drwxr-xr-x 8 root root 4.0K May 12 16:23 .git
-rwxr-xr-x 1 root root  339 May 14 03:54 ssh1.sh
-rw-r--r-- 1 root root  12K May 14 03:57 .test.sh.swp
-rw-r--r-- 1 root root  193 May 14 04:12 jenkins.sh
-rwxr-xr-x 1 root root  268 May 14 04:18 java.sh
-rw-r--r-- 1 root root    0 May 14 04:28 typescript
-rw-r--r-- 1 root root   57 May 14 05:07 git
-rw-r--r-- 1 root root    0 May 14 05:08 id
drwxr-xr-x 6 root root 4.0K May 14 05:10 .
-rw-r--r-- 1 root root  22K May 14 05:10 test.log
Last login: Tue May 14 05:10:07 UTC 2019
total 136K
-rwxr-xr-x 1 root root  139 May 11 16:38 test.sh
-rwxr--r-- 1 root root   93 May 11 16:42 git.sh
drwxr-xr-x 4 root root 4.0K May 12 16:06 work
-rw-r--r-- 1 root root  652 May 12 16:06 ssh.sh
-rw-r--r-- 1 root root   14 May 12 16:06 README.md
drwxr-xr-x 2 root root 4.0K May 12 16:06 ping-a-list-of-urls
-rwxr-xr-x 1 root root   78 May 12 16:06 java-version.sh
-rw-r--r-- 1 root root  134 May 12 16:06 java_version
-rw-r--r-- 1 root root  12K May 12 16:06 .java.sh.swp
-rw-r--r-- 1 root root  161 May 12 16:06 dockerinstall.sh
-rw-r--r-- 1 root root  12K May 12 16:06 .ansible.swp
-rw-r--r-- 1 root root  254 May 12 16:06 ansible.sh
drwxr-xr-x 2 root root 4.0K May 12 16:06 ansible
-rwxr--r-- 1 root root   70 May 12 16:09 process.sh
dr-xr-x--- 5 root root 4.0K May 12 16:22 ..
drwxr-xr-x 8 root root 4.0K May 12 16:23 .git
-rwxr-xr-x 1 root root  339 May 14 03:54 ssh1.sh
-rw-r--r-- 1 root root  12K May 14 03:57 .test.sh.swp
-rw-r--r-- 1 root root  193 May 14 04:12 jenkins.sh
-rwxr-xr-x 1 root root  268 May 14 04:18 java.sh
-rw-r--r-- 1 root root    0 May 14 04:28 typescript
-rw-r--r-- 1 root root   57 May 14 05:07 git
-rw-r--r-- 1 root root    0 May 14 05:08 id
drwxr-xr-x 6 root root 4.0K May 14 05:10 .
-rw-r--r-- 1 root root  24K May 14 05:10 test.log
Last login: Tue May 14 05:10:07 UTC 2019
total 140K
-rwxr-xr-x 1 root root  139 May 11 16:38 test.sh
-rwxr--r-- 1 root root   93 May 11 16:42 git.sh
drwxr-xr-x 4 root root 4.0K May 12 16:06 work
-rw-r--r-- 1 root root  652 May 12 16:06 ssh.sh
-rw-r--r-- 1 root root   14 May 12 16:06 README.md
drwxr-xr-x 2 root root 4.0K May 12 16:06 ping-a-list-of-urls
-rwxr-xr-x 1 root root   78 May 12 16:06 java-version.sh
-rw-r--r-- 1 root root  134 May 12 16:06 java_version
-rw-r--r-- 1 root root  12K May 12 16:06 .java.sh.swp
-rw-r--r-- 1 root root  161 May 12 16:06 dockerinstall.sh
-rw-r--r-- 1 root root  12K May 12 16:06 .ansible.swp
-rw-r--r-- 1 root root  254 May 12 16:06 ansible.sh
drwxr-xr-x 2 root root 4.0K May 12 16:06 ansible
-rwxr--r-- 1 root root   70 May 12 16:09 process.sh
dr-xr-x--- 5 root root 4.0K May 12 16:22 ..
drwxr-xr-x 8 root root 4.0K May 12 16:23 .git
-rwxr-xr-x 1 root root  339 May 14 03:54 ssh1.sh
-rw-r--r-- 1 root root  12K May 14 03:57 .test.sh.swp
-rw-r--r-- 1 root root  193 May 14 04:12 jenkins.sh
-rwxr-xr-x 1 root root  268 May 14 04:18 java.sh
-rw-r--r-- 1 root root    0 May 14 04:28 typescript
-rw-r--r-- 1 root root   57 May 14 05:07 git
-rw-r--r-- 1 root root    0 May 14 05:08 id
drwxr-xr-x 6 root root 4.0K May 14 05:10 .
-rw-r--r-- 1 root root  25K May 14 05:10 test.log
Last login: Tue May 14 05:10:07 UTC 2019
total 140K
-rwxr-xr-x 1 root root  139 May 11 16:38 test.sh
-rwxr--r-- 1 root root   93 May 11 16:42 git.sh
drwxr-xr-x 4 root root 4.0K May 12 16:06 work
-rw-r--r-- 1 root root  652 May 12 16:06 ssh.sh
-rw-r--r-- 1 root root   14 May 12 16:06 README.md
drwxr-xr-x 2 root root 4.0K May 12 16:06 ping-a-list-of-urls
-rwxr-xr-x 1 root root   78 May 12 16:06 java-version.sh
-rw-r--r-- 1 root root  134 May 12 16:06 java_version
-rw-r--r-- 1 root root  12K May 12 16:06 .java.sh.swp
-rw-r--r-- 1 root root  161 May 12 16:06 dockerinstall.sh
-rw-r--r-- 1 root root  12K May 12 16:06 .ansible.swp
-rw-r--r-- 1 root root  254 May 12 16:06 ansible.sh
drwxr-xr-x 2 root root 4.0K May 12 16:06 ansible
-rwxr--r-- 1 root root   70 May 12 16:09 process.sh
dr-xr-x--- 5 root root 4.0K May 12 16:22 ..
drwxr-xr-x 8 root root 4.0K May 12 16:23 .git
-rwxr-xr-x 1 root root  339 May 14 03:54 ssh1.sh
-rw-r--r-- 1 root root  12K May 14 03:57 .test.sh.swp
-rw-r--r-- 1 root root  193 May 14 04:12 jenkins.sh
-rwxr-xr-x 1 root root  268 May 14 04:18 java.sh
-rw-r--r-- 1 root root    0 May 14 04:28 typescript
-rw-r--r-- 1 root root   57 May 14 05:07 git
-rw-r--r-- 1 root root    0 May 14 05:08 id
drwxr-xr-x 6 root root 4.0K May 14 05:10 .
-rw-r--r-- 1 root root  26K May 14 05:10 test.log
Last login: Tue May 14 05:10:07 UTC 2019
total 140K
-rwxr-xr-x 1 root root  139 May 11 16:38 test.sh
-rwxr--r-- 1 root root   93 May 11 16:42 git.sh
drwxr-xr-x 4 root root 4.0K May 12 16:06 work
-rw-r--r-- 1 root root  652 May 12 16:06 ssh.sh
-rw-r--r-- 1 root root   14 May 12 16:06 README.md
drwxr-xr-x 2 root root 4.0K May 12 16:06 ping-a-list-of-urls
-rwxr-xr-x 1 root root   78 May 12 16:06 java-version.sh
-rw-r--r-- 1 root root  134 May 12 16:06 java_version
-rw-r--r-- 1 root root  12K May 12 16:06 .java.sh.swp
-rw-r--r-- 1 root root  161 May 12 16:06 dockerinstall.sh
-rw-r--r-- 1 root root  12K May 12 16:06 .ansible.swp
-rw-r--r-- 1 root root  254 May 12 16:06 ansible.sh
drwxr-xr-x 2 root root 4.0K May 12 16:06 ansible
-rwxr--r-- 1 root root   70 May 12 16:09 process.sh
dr-xr-x--- 5 root root 4.0K May 12 16:22 ..
drwxr-xr-x 8 root root 4.0K May 12 16:23 .git
-rwxr-xr-x 1 root root  339 May 14 03:54 ssh1.sh
-rw-r--r-- 1 root root  12K May 14 03:57 .test.sh.swp
-rw-r--r-- 1 root root  193 May 14 04:12 jenkins.sh
-rwxr-xr-x 1 root root  268 May 14 04:18 java.sh
-rw-r--r-- 1 root root    0 May 14 04:28 typescript
-rw-r--r-- 1 root root   57 May 14 05:07 git
-rw-r--r-- 1 root root    0 May 14 05:08 id
drwxr-xr-x 6 root root 4.0K May 14 05:10 .
-rw-r--r-- 1 root root  27K May 14 05:10 test.log
Last login: Tue May 14 05:10:07 UTC 2019
total 144K
-rwxr-xr-x 1 root root  139 May 11 16:38 test.sh
-rwxr--r-- 1 root root   93 May 11 16:42 git.sh
drwxr-xr-x 4 root root 4.0K May 12 16:06 work
-rw-r--r-- 1 root root  652 May 12 16:06 ssh.sh
-rw-r--r-- 1 root root   14 May 12 16:06 README.md
drwxr-xr-x 2 root root 4.0K May 12 16:06 ping-a-list-of-urls
-rwxr-xr-x 1 root root   78 May 12 16:06 java-version.sh
-rw-r--r-- 1 root root  134 May 12 16:06 java_version
-rw-r--r-- 1 root root  12K May 12 16:06 .java.sh.swp
-rw-r--r-- 1 root root  161 May 12 16:06 dockerinstall.sh
-rw-r--r-- 1 root root  12K May 12 16:06 .ansible.swp
-rw-r--r-- 1 root root  254 May 12 16:06 ansible.sh
drwxr-xr-x 2 root root 4.0K May 12 16:06 ansible
-rwxr--r-- 1 root root   70 May 12 16:09 process.sh
dr-xr-x--- 5 root root 4.0K May 12 16:22 ..
drwxr-xr-x 8 root root 4.0K May 12 16:23 .git
-rwxr-xr-x 1 root root  339 May 14 03:54 ssh1.sh
-rw-r--r-- 1 root root  12K May 14 03:57 .test.sh.swp
-rw-r--r-- 1 root root  193 May 14 04:12 jenkins.sh
-rwxr-xr-x 1 root root  268 May 14 04:18 java.sh
-rw-r--r-- 1 root root    0 May 14 04:28 typescript
-rw-r--r-- 1 root root   57 May 14 05:07 git
-rw-r--r-- 1 root root    0 May 14 05:08 id
drwxr-xr-x 6 root root 4.0K May 14 05:10 .
-rw-r--r-- 1 root root  29K May 14 05:10 test.log
Last login: Tue May 14 05:10:07 UTC 2019
total 144K
-rwxr-xr-x 1 root root  139 May 11 16:38 test.sh
-rwxr--r-- 1 root root   93 May 11 16:42 git.sh
drwxr-xr-x 4 root root 4.0K May 12 16:06 work
-rw-r--r-- 1 root root  652 May 12 16:06 ssh.sh
-rw-r--r-- 1 root root   14 May 12 16:06 README.md
drwxr-xr-x 2 root root 4.0K May 12 16:06 ping-a-list-of-urls
-rwxr-xr-x 1 root root   78 May 12 16:06 java-version.sh
-rw-r--r-- 1 root root  134 May 12 16:06 java_version
-rw-r--r-- 1 root root  12K May 12 16:06 .java.sh.swp
-rw-r--r-- 1 root root  161 May 12 16:06 dockerinstall.sh
-rw-r--r-- 1 root root  12K May 12 16:06 .ansible.swp
-rw-r--r-- 1 root root  254 May 12 16:06 ansible.sh
drwxr-xr-x 2 root root 4.0K May 12 16:06 ansible
-rwxr--r-- 1 root root   70 May 12 16:09 process.sh
dr-xr-x--- 5 root root 4.0K May 12 16:22 ..
drwxr-xr-x 8 root root 4.0K May 12 16:23 .git
-rwxr-xr-x 1 root root  339 May 14 03:54 ssh1.sh
-rw-r--r-- 1 root root  12K May 14 03:57 .test.sh.swp
-rw-r--r-- 1 root root  193 May 14 04:12 jenkins.sh
-rwxr-xr-x 1 root root  268 May 14 04:18 java.sh
-rw-r--r-- 1 root root    0 May 14 04:28 typescript
-rw-r--r-- 1 root root   57 May 14 05:07 git
-rw-r--r-- 1 root root    0 May 14 05:08 id
drwxr-xr-x 6 root root 4.0K May 14 05:10 .
-rw-r--r-- 1 root root  30K May 14 05:10 test.log
Last login: Tue May 14 05:10:07 UTC 2019
total 144K
-rwxr-xr-x 1 root root  139 May 11 16:38 test.sh
-rwxr--r-- 1 root root   93 May 11 16:42 git.sh
drwxr-xr-x 4 root root 4.0K May 12 16:06 work
-rw-r--r-- 1 root root  652 May 12 16:06 ssh.sh
-rw-r--r-- 1 root root   14 May 12 16:06 README.md
drwxr-xr-x 2 root root 4.0K May 12 16:06 ping-a-list-of-urls
-rwxr-xr-x 1 root root   78 May 12 16:06 java-version.sh
-rw-r--r-- 1 root root  134 May 12 16:06 java_version
-rw-r--r-- 1 root root  12K May 12 16:06 .java.sh.swp
-rw-r--r-- 1 root root  161 May 12 16:06 dockerinstall.sh
-rw-r--r-- 1 root root  12K May 12 16:06 .ansible.swp
-rw-r--r-- 1 root root  254 May 12 16:06 ansible.sh
drwxr-xr-x 2 root root 4.0K May 12 16:06 ansible
-rwxr--r-- 1 root root   70 May 12 16:09 process.sh
dr-xr-x--- 5 root root 4.0K May 12 16:22 ..
drwxr-xr-x 8 root root 4.0K May 12 16:23 .git
-rwxr-xr-x 1 root root  339 May 14 03:54 ssh1.sh
-rw-r--r-- 1 root root  12K May 14 03:57 .test.sh.swp
-rw-r--r-- 1 root root  193 May 14 04:12 jenkins.sh
-rwxr-xr-x 1 root root  268 May 14 04:18 java.sh
-rw-r--r-- 1 root root    0 May 14 04:28 typescript
-rw-r--r-- 1 root root   57 May 14 05:07 git
-rw-r--r-- 1 root root    0 May 14 05:08 id
drwxr-xr-x 6 root root 4.0K May 14 05:10 .
-rw-r--r-- 1 root root  31K May 14 05:10 test.log
Last login: Tue May 14 05:10:07 UTC 2019
total 148K
-rwxr-xr-x 1 root root  139 May 11 16:38 test.sh
-rwxr--r-- 1 root root   93 May 11 16:42 git.sh
drwxr-xr-x 4 root root 4.0K May 12 16:06 work
-rw-r--r-- 1 root root  652 May 12 16:06 ssh.sh
-rw-r--r-- 1 root root   14 May 12 16:06 README.md
drwxr-xr-x 2 root root 4.0K May 12 16:06 ping-a-list-of-urls
-rwxr-xr-x 1 root root   78 May 12 16:06 java-version.sh
-rw-r--r-- 1 root root  134 May 12 16:06 java_version
-rw-r--r-- 1 root root  12K May 12 16:06 .java.sh.swp
-rw-r--r-- 1 root root  161 May 12 16:06 dockerinstall.sh
-rw-r--r-- 1 root root  12K May 12 16:06 .ansible.swp
-rw-r--r-- 1 root root  254 May 12 16:06 ansible.sh
drwxr-xr-x 2 root root 4.0K May 12 16:06 ansible
-rwxr--r-- 1 root root   70 May 12 16:09 process.sh
dr-xr-x--- 5 root root 4.0K May 12 16:22 ..
drwxr-xr-x 8 root root 4.0K May 12 16:23 .git
-rwxr-xr-x 1 root root  339 May 14 03:54 ssh1.sh
-rw-r--r-- 1 root root  12K May 14 03:57 .test.sh.swp
-rw-r--r-- 1 root root  193 May 14 04:12 jenkins.sh
-rwxr-xr-x 1 root root  268 May 14 04:18 java.sh
-rw-r--r-- 1 root root    0 May 14 04:28 typescript
-rw-r--r-- 1 root root   57 May 14 05:07 git
-rw-r--r-- 1 root root    0 May 14 05:08 id
drwxr-xr-x 6 root root 4.0K May 14 05:10 .
-rw-r--r-- 1 root root  33K May 14 05:10 test.log
Last login: Tue May 14 05:10:07 UTC 2019
total 148K
-rwxr-xr-x 1 root root  139 May 11 16:38 test.sh
-rwxr--r-- 1 root root   93 May 11 16:42 git.sh
drwxr-xr-x 4 root root 4.0K May 12 16:06 work
-rw-r--r-- 1 root root  652 May 12 16:06 ssh.sh
-rw-r--r-- 1 root root   14 May 12 16:06 README.md
drwxr-xr-x 2 root root 4.0K May 12 16:06 ping-a-list-of-urls
-rwxr-xr-x 1 root root   78 May 12 16:06 java-version.sh
-rw-r--r-- 1 root root  134 May 12 16:06 java_version
-rw-r--r-- 1 root root  12K May 12 16:06 .java.sh.swp
-rw-r--r-- 1 root root  161 May 12 16:06 dockerinstall.sh
-rw-r--r-- 1 root root  12K May 12 16:06 .ansible.swp
-rw-r--r-- 1 root root  254 May 12 16:06 ansible.sh
drwxr-xr-x 2 root root 4.0K May 12 16:06 ansible
-rwxr--r-- 1 root root   70 May 12 16:09 process.sh
dr-xr-x--- 5 root root 4.0K May 12 16:22 ..
drwxr-xr-x 8 root root 4.0K May 12 16:23 .git
-rwxr-xr-x 1 root root  339 May 14 03:54 ssh1.sh
-rw-r--r-- 1 root root  12K May 14 03:57 .test.sh.swp
-rw-r--r-- 1 root root  193 May 14 04:12 jenkins.sh
-rwxr-xr-x 1 root root  268 May 14 04:18 java.sh
-rw-r--r-- 1 root root    0 May 14 04:28 typescript
-rw-r--r-- 1 root root   57 May 14 05:07 git
-rw-r--r-- 1 root root    0 May 14 05:08 id
drwxr-xr-x 6 root root 4.0K May 14 05:10 .
-rw-r--r-- 1 root root  34K May 14 05:10 test.log
Last login: Tue May 14 05:10:07 UTC 2019
total 148K
-rwxr-xr-x 1 root root  139 May 11 16:38 test.sh
-rwxr--r-- 1 root root   93 May 11 16:42 git.sh
drwxr-xr-x 4 root root 4.0K May 12 16:06 work
-rw-r--r-- 1 root root  652 May 12 16:06 ssh.sh
-rw-r--r-- 1 root root   14 May 12 16:06 README.md
drwxr-xr-x 2 root root 4.0K May 12 16:06 ping-a-list-of-urls
-rwxr-xr-x 1 root root   78 May 12 16:06 java-version.sh
-rw-r--r-- 1 root root  134 May 12 16:06 java_version
-rw-r--r-- 1 root root  12K May 12 16:06 .java.sh.swp
-rw-r--r-- 1 root root  161 May 12 16:06 dockerinstall.sh
-rw-r--r-- 1 root root  12K May 12 16:06 .ansible.swp
-rw-r--r-- 1 root root  254 May 12 16:06 ansible.sh
drwxr-xr-x 2 root root 4.0K May 12 16:06 ansible
-rwxr--r-- 1 root root   70 May 12 16:09 process.sh
dr-xr-x--- 5 root root 4.0K May 12 16:22 ..
drwxr-xr-x 8 root root 4.0K May 12 16:23 .git
-rwxr-xr-x 1 root root  339 May 14 03:54 ssh1.sh
-rw-r--r-- 1 root root  12K May 14 03:57 .test.sh.swp
-rw-r--r-- 1 root root  193 May 14 04:12 jenkins.sh
-rwxr-xr-x 1 root root  268 May 14 04:18 java.sh
-rw-r--r-- 1 root root    0 May 14 04:28 typescript
-rw-r--r-- 1 root root   57 May 14 05:07 git
-rw-r--r-- 1 root root    0 May 14 05:08 id
drwxr-xr-x 6 root root 4.0K May 14 05:10 .
-rw-r--r-- 1 root root  35K May 14 05:10 test.log
Last login: Tue May 14 05:10:07 UTC 2019
total 148K
-rwxr-xr-x 1 root root  139 May 11 16:38 test.sh
-rwxr--r-- 1 root root   93 May 11 16:42 git.sh
drwxr-xr-x 4 root root 4.0K May 12 16:06 work
-rw-r--r-- 1 root root  652 May 12 16:06 ssh.sh
-rw-r--r-- 1 root root   14 May 12 16:06 README.md
drwxr-xr-x 2 root root 4.0K May 12 16:06 ping-a-list-of-urls
-rwxr-xr-x 1 root root   78 May 12 16:06 java-version.sh
-rw-r--r-- 1 root root  134 May 12 16:06 java_version
-rw-r--r-- 1 root root  12K May 12 16:06 .java.sh.swp
-rw-r--r-- 1 root root  161 May 12 16:06 dockerinstall.sh
-rw-r--r-- 1 root root  12K May 12 16:06 .ansible.swp
-rw-r--r-- 1 root root  254 May 12 16:06 ansible.sh
drwxr-xr-x 2 root root 4.0K May 12 16:06 ansible
-rwxr--r-- 1 root root   70 May 12 16:09 process.sh
dr-xr-x--- 5 root root 4.0K May 12 16:22 ..
drwxr-xr-x 8 root root 4.0K May 12 16:23 .git
-rwxr-xr-x 1 root root  339 May 14 03:54 ssh1.sh
-rw-r--r-- 1 root root  12K May 14 03:57 .test.sh.swp
-rw-r--r-- 1 root root  193 May 14 04:12 jenkins.sh
-rwxr-xr-x 1 root root  268 May 14 04:18 java.sh
-rw-r--r-- 1 root root    0 May 14 04:28 typescript
-rw-r--r-- 1 root root   57 May 14 05:07 git
-rw-r--r-- 1 root root    0 May 14 05:08 id
drwxr-xr-x 6 root root 4.0K May 14 05:10 .
-rw-r--r-- 1 root root  36K May 14 05:10 test.log
Last login: Tue May 14 05:10:07 UTC 2019
total 152K
-rwxr-xr-x 1 root root  139 May 11 16:38 test.sh
-rwxr--r-- 1 root root   93 May 11 16:42 git.sh
drwxr-xr-x 4 root root 4.0K May 12 16:06 work
-rw-r--r-- 1 root root  652 May 12 16:06 ssh.sh
-rw-r--r-- 1 root root   14 May 12 16:06 README.md
drwxr-xr-x 2 root root 4.0K May 12 16:06 ping-a-list-of-urls
-rwxr-xr-x 1 root root   78 May 12 16:06 java-version.sh
-rw-r--r-- 1 root root  134 May 12 16:06 java_version
-rw-r--r-- 1 root root  12K May 12 16:06 .java.sh.swp
-rw-r--r-- 1 root root  161 May 12 16:06 dockerinstall.sh
-rw-r--r-- 1 root root  12K May 12 16:06 .ansible.swp
-rw-r--r-- 1 root root  254 May 12 16:06 ansible.sh
drwxr-xr-x 2 root root 4.0K May 12 16:06 ansible
-rwxr--r-- 1 root root   70 May 12 16:09 process.sh
dr-xr-x--- 5 root root 4.0K May 12 16:22 ..
drwxr-xr-x 8 root root 4.0K May 12 16:23 .git
-rwxr-xr-x 1 root root  339 May 14 03:54 ssh1.sh
-rw-r--r-- 1 root root  12K May 14 03:57 .test.sh.swp
-rw-r--r-- 1 root root  193 May 14 04:12 jenkins.sh
-rwxr-xr-x 1 root root  268 May 14 04:18 java.sh
-rw-r--r-- 1 root root    0 May 14 04:28 typescript
-rw-r--r-- 1 root root   57 May 14 05:07 git
-rw-r--r-- 1 root root    0 May 14 05:08 id
drwxr-xr-x 6 root root 4.0K May 14 05:10 .
-rw-r--r-- 1 root root  38K May 14 05:10 test.log
Last login: Tue May 14 05:10:07 UTC 2019
total 152K
-rwxr-xr-x 1 root root  139 May 11 16:38 test.sh
-rwxr--r-- 1 root root   93 May 11 16:42 git.sh
drwxr-xr-x 4 root root 4.0K May 12 16:06 work
-rw-r--r-- 1 root root  652 May 12 16:06 ssh.sh
-rw-r--r-- 1 root root   14 May 12 16:06 README.md
drwxr-xr-x 2 root root 4.0K May 12 16:06 ping-a-list-of-urls
-rwxr-xr-x 1 root root   78 May 12 16:06 java-version.sh
-rw-r--r-- 1 root root  134 May 12 16:06 java_version
-rw-r--r-- 1 root root  12K May 12 16:06 .java.sh.swp
-rw-r--r-- 1 root root  161 May 12 16:06 dockerinstall.sh
-rw-r--r-- 1 root root  12K May 12 16:06 .ansible.swp
-rw-r--r-- 1 root root  254 May 12 16:06 ansible.sh
drwxr-xr-x 2 root root 4.0K May 12 16:06 ansible
-rwxr--r-- 1 root root   70 May 12 16:09 process.sh
dr-xr-x--- 5 root root 4.0K May 12 16:22 ..
drwxr-xr-x 8 root root 4.0K May 12 16:23 .git
-rwxr-xr-x 1 root root  339 May 14 03:54 ssh1.sh
-rw-r--r-- 1 root root  12K May 14 03:57 .test.sh.swp
-rw-r--r-- 1 root root  193 May 14 04:12 jenkins.sh
-rwxr-xr-x 1 root root  268 May 14 04:18 java.sh
-rw-r--r-- 1 root root    0 May 14 04:28 typescript
-rw-r--r-- 1 root root   57 May 14 05:07 git
-rw-r--r-- 1 root root    0 May 14 05:08 id
drwxr-xr-x 6 root root 4.0K May 14 05:10 .
-rw-r--r-- 1 root root  39K May 14 05:10 test.log
Last login: Tue May 14 05:10:07 UTC 2019
total 152K
-rwxr-xr-x 1 root root  139 May 11 16:38 test.sh
-rwxr--r-- 1 root root   93 May 11 16:42 git.sh
drwxr-xr-x 4 root root 4.0K May 12 16:06 work
-rw-r--r-- 1 root root  652 May 12 16:06 ssh.sh
-rw-r--r-- 1 root root   14 May 12 16:06 README.md
drwxr-xr-x 2 root root 4.0K May 12 16:06 ping-a-list-of-urls
-rwxr-xr-x 1 root root   78 May 12 16:06 java-version.sh
-rw-r--r-- 1 root root  134 May 12 16:06 java_version
-rw-r--r-- 1 root root  12K May 12 16:06 .java.sh.swp
-rw-r--r-- 1 root root  161 May 12 16:06 dockerinstall.sh
-rw-r--r-- 1 root root  12K May 12 16:06 .ansible.swp
-rw-r--r-- 1 root root  254 May 12 16:06 ansible.sh
drwxr-xr-x 2 root root 4.0K May 12 16:06 ansible
-rwxr--r-- 1 root root   70 May 12 16:09 process.sh
dr-xr-x--- 5 root root 4.0K May 12 16:22 ..
drwxr-xr-x 8 root root 4.0K May 12 16:23 .git
-rwxr-xr-x 1 root root  339 May 14 03:54 ssh1.sh
-rw-r--r-- 1 root root  12K May 14 03:57 .test.sh.swp
-rw-r--r-- 1 root root  193 May 14 04:12 jenkins.sh
-rwxr-xr-x 1 root root  268 May 14 04:18 java.sh
-rw-r--r-- 1 root root    0 May 14 04:28 typescript
-rw-r--r-- 1 root root   57 May 14 05:07 git
-rw-r--r-- 1 root root    0 May 14 05:08 id
drwxr-xr-x 6 root root 4.0K May 14 05:10 .
-rw-r--r-- 1 root root  40K May 14 05:10 test.log
Last login: Tue May 14 05:10:07 UTC 2019
total 156K
-rwxr-xr-x 1 root root  139 May 11 16:38 test.sh
-rwxr--r-- 1 root root   93 May 11 16:42 git.sh
drwxr-xr-x 4 root root 4.0K May 12 16:06 work
-rw-r--r-- 1 root root  652 May 12 16:06 ssh.sh
-rw-r--r-- 1 root root   14 May 12 16:06 README.md
drwxr-xr-x 2 root root 4.0K May 12 16:06 ping-a-list-of-urls
-rwxr-xr-x 1 root root   78 May 12 16:06 java-version.sh
-rw-r--r-- 1 root root  134 May 12 16:06 java_version
-rw-r--r-- 1 root root  12K May 12 16:06 .java.sh.swp
-rw-r--r-- 1 root root  161 May 12 16:06 dockerinstall.sh
-rw-r--r-- 1 root root  12K May 12 16:06 .ansible.swp
-rw-r--r-- 1 root root  254 May 12 16:06 ansible.sh
drwxr-xr-x 2 root root 4.0K May 12 16:06 ansible
-rwxr--r-- 1 root root   70 May 12 16:09 process.sh
dr-xr-x--- 5 root root 4.0K May 12 16:22 ..
drwxr-xr-x 8 root root 4.0K May 12 16:23 .git
-rwxr-xr-x 1 root root  339 May 14 03:54 ssh1.sh
-rw-r--r-- 1 root root  12K May 14 03:57 .test.sh.swp
-rw-r--r-- 1 root root  193 May 14 04:12 jenkins.sh
-rwxr-xr-x 1 root root  268 May 14 04:18 java.sh
-rw-r--r-- 1 root root    0 May 14 04:28 typescript
-rw-r--r-- 1 root root   57 May 14 05:07 git
-rw-r--r-- 1 root root    0 May 14 05:08 id
drwxr-xr-x 6 root root 4.0K May 14 05:10 .
-rw-r--r-- 1 root root  42K May 14 05:10 test.log
Last login: Tue May 14 05:10:07 UTC 2019
total 156K
-rwxr-xr-x 1 root root  139 May 11 16:38 test.sh
-rwxr--r-- 1 root root   93 May 11 16:42 git.sh
drwxr-xr-x 4 root root 4.0K May 12 16:06 work
-rw-r--r-- 1 root root  652 May 12 16:06 ssh.sh
-rw-r--r-- 1 root root   14 May 12 16:06 README.md
drwxr-xr-x 2 root root 4.0K May 12 16:06 ping-a-list-of-urls
-rwxr-xr-x 1 root root   78 May 12 16:06 java-version.sh
-rw-r--r-- 1 root root  134 May 12 16:06 java_version
-rw-r--r-- 1 root root  12K May 12 16:06 .java.sh.swp
-rw-r--r-- 1 root root  161 May 12 16:06 dockerinstall.sh
-rw-r--r-- 1 root root  12K May 12 16:06 .ansible.swp
-rw-r--r-- 1 root root  254 May 12 16:06 ansible.sh
drwxr-xr-x 2 root root 4.0K May 12 16:06 ansible
-rwxr--r-- 1 root root   70 May 12 16:09 process.sh
dr-xr-x--- 5 root root 4.0K May 12 16:22 ..
drwxr-xr-x 8 root root 4.0K May 12 16:23 .git
-rwxr-xr-x 1 root root  339 May 14 03:54 ssh1.sh
-rw-r--r-- 1 root root  12K May 14 03:57 .test.sh.swp
-rw-r--r-- 1 root root  193 May 14 04:12 jenkins.sh
-rwxr-xr-x 1 root root  268 May 14 04:18 java.sh
-rw-r--r-- 1 root root    0 May 14 04:28 typescript
-rw-r--r-- 1 root root   57 May 14 05:07 git
-rw-r--r-- 1 root root    0 May 14 05:08 id
drwxr-xr-x 6 root root 4.0K May 14 05:10 .
-rw-r--r-- 1 root root  43K May 14 05:10 test.log
Last login: Tue May 14 05:10:07 UTC 2019
total 156K
-rwxr-xr-x 1 root root  139 May 11 16:38 test.sh
-rwxr--r-- 1 root root   93 May 11 16:42 git.sh
drwxr-xr-x 4 root root 4.0K May 12 16:06 work
-rw-r--r-- 1 root root  652 May 12 16:06 ssh.sh
-rw-r--r-- 1 root root   14 May 12 16:06 README.md
drwxr-xr-x 2 root root 4.0K May 12 16:06 ping-a-list-of-urls
-rwxr-xr-x 1 root root   78 May 12 16:06 java-version.sh
-rw-r--r-- 1 root root  134 May 12 16:06 java_version
-rw-r--r-- 1 root root  12K May 12 16:06 .java.sh.swp
-rw-r--r-- 1 root root  161 May 12 16:06 dockerinstall.sh
-rw-r--r-- 1 root root  12K May 12 16:06 .ansible.swp
-rw-r--r-- 1 root root  254 May 12 16:06 ansible.sh
drwxr-xr-x 2 root root 4.0K May 12 16:06 ansible
-rwxr--r-- 1 root root   70 May 12 16:09 process.sh
dr-xr-x--- 5 root root 4.0K May 12 16:22 ..
drwxr-xr-x 8 root root 4.0K May 12 16:23 .git
-rwxr-xr-x 1 root root  339 May 14 03:54 ssh1.sh
-rw-r--r-- 1 root root  12K May 14 03:57 .test.sh.swp
-rw-r--r-- 1 root root  193 May 14 04:12 jenkins.sh
-rwxr-xr-x 1 root root  268 May 14 04:18 java.sh
-rw-r--r-- 1 root root    0 May 14 04:28 typescript
-rw-r--r-- 1 root root   57 May 14 05:07 git
-rw-r--r-- 1 root root    0 May 14 05:08 id
drwxr-xr-x 6 root root 4.0K May 14 05:10 .
-rw-r--r-- 1 root root  44K May 14 05:10 test.log
Last login: Tue May 14 05:10:07 UTC 2019
total 160K
-rwxr-xr-x 1 root root  139 May 11 16:38 test.sh
-rwxr--r-- 1 root root   93 May 11 16:42 git.sh
drwxr-xr-x 4 root root 4.0K May 12 16:06 work
-rw-r--r-- 1 root root  652 May 12 16:06 ssh.sh
-rw-r--r-- 1 root root   14 May 12 16:06 README.md
drwxr-xr-x 2 root root 4.0K May 12 16:06 ping-a-list-of-urls
-rwxr-xr-x 1 root root   78 May 12 16:06 java-version.sh
-rw-r--r-- 1 root root  134 May 12 16:06 java_version
-rw-r--r-- 1 root root  12K May 12 16:06 .java.sh.swp
-rw-r--r-- 1 root root  161 May 12 16:06 dockerinstall.sh
-rw-r--r-- 1 root root  12K May 12 16:06 .ansible.swp
-rw-r--r-- 1 root root  254 May 12 16:06 ansible.sh
drwxr-xr-x 2 root root 4.0K May 12 16:06 ansible
-rwxr--r-- 1 root root   70 May 12 16:09 process.sh
dr-xr-x--- 5 root root 4.0K May 12 16:22 ..
drwxr-xr-x 8 root root 4.0K May 12 16:23 .git
-rwxr-xr-x 1 root root  339 May 14 03:54 ssh1.sh
-rw-r--r-- 1 root root  12K May 14 03:57 .test.sh.swp
-rw-r--r-- 1 root root  193 May 14 04:12 jenkins.sh
-rwxr-xr-x 1 root root  268 May 14 04:18 java.sh
-rw-r--r-- 1 root root    0 May 14 04:28 typescript
-rw-r--r-- 1 root root   57 May 14 05:07 git
-rw-r--r-- 1 root root    0 May 14 05:08 id
drwxr-xr-x 6 root root 4.0K May 14 05:10 .
-rw-r--r-- 1 root root  45K May 14 05:10 test.log
Last login: Tue May 14 05:10:07 UTC 2019
total 160K
-rwxr-xr-x 1 root root  139 May 11 16:38 test.sh
-rwxr--r-- 1 root root   93 May 11 16:42 git.sh
drwxr-xr-x 4 root root 4.0K May 12 16:06 work
-rw-r--r-- 1 root root  652 May 12 16:06 ssh.sh
-rw-r--r-- 1 root root   14 May 12 16:06 README.md
drwxr-xr-x 2 root root 4.0K May 12 16:06 ping-a-list-of-urls
-rwxr-xr-x 1 root root   78 May 12 16:06 java-version.sh
-rw-r--r-- 1 root root  134 May 12 16:06 java_version
-rw-r--r-- 1 root root  12K May 12 16:06 .java.sh.swp
-rw-r--r-- 1 root root  161 May 12 16:06 dockerinstall.sh
-rw-r--r-- 1 root root  12K May 12 16:06 .ansible.swp
-rw-r--r-- 1 root root  254 May 12 16:06 ansible.sh
drwxr-xr-x 2 root root 4.0K May 12 16:06 ansible
-rwxr--r-- 1 root root   70 May 12 16:09 process.sh
dr-xr-x--- 5 root root 4.0K May 12 16:22 ..
drwxr-xr-x 8 root root 4.0K May 12 16:23 .git
-rwxr-xr-x 1 root root  339 May 14 03:54 ssh1.sh
-rw-r--r-- 1 root root  12K May 14 03:57 .test.sh.swp
-rw-r--r-- 1 root root  193 May 14 04:12 jenkins.sh
-rwxr-xr-x 1 root root  268 May 14 04:18 java.sh
-rw-r--r-- 1 root root    0 May 14 04:28 typescript
-rw-r--r-- 1 root root   57 May 14 05:07 git
-rw-r--r-- 1 root root    0 May 14 05:08 id
drwxr-xr-x 6 root root 4.0K May 14 05:10 .
-rw-r--r-- 1 root root  47K May 14 05:10 test.log
Last login: Tue May 14 05:10:07 UTC 2019
total 160K
-rwxr-xr-x 1 root root  139 May 11 16:38 test.sh
-rwxr--r-- 1 root root   93 May 11 16:42 git.sh
drwxr-xr-x 4 root root 4.0K May 12 16:06 work
-rw-r--r-- 1 root root  652 May 12 16:06 ssh.sh
-rw-r--r-- 1 root root   14 May 12 16:06 README.md
drwxr-xr-x 2 root root 4.0K May 12 16:06 ping-a-list-of-urls
-rwxr-xr-x 1 root root   78 May 12 16:06 java-version.sh
-rw-r--r-- 1 root root  134 May 12 16:06 java_version
-rw-r--r-- 1 root root  12K May 12 16:06 .java.sh.swp
-rw-r--r-- 1 root root  161 May 12 16:06 dockerinstall.sh
-rw-r--r-- 1 root root  12K May 12 16:06 .ansible.swp
-rw-r--r-- 1 root root  254 May 12 16:06 ansible.sh
drwxr-xr-x 2 root root 4.0K May 12 16:06 ansible
-rwxr--r-- 1 root root   70 May 12 16:09 process.sh
dr-xr-x--- 5 root root 4.0K May 12 16:22 ..
drwxr-xr-x 8 root root 4.0K May 12 16:23 .git
-rwxr-xr-x 1 root root  339 May 14 03:54 ssh1.sh
-rw-r--r-- 1 root root  12K May 14 03:57 .test.sh.swp
-rw-r--r-- 1 root root  193 May 14 04:12 jenkins.sh
-rwxr-xr-x 1 root root  268 May 14 04:18 java.sh
-rw-r--r-- 1 root root    0 May 14 04:28 typescript
-rw-r--r-- 1 root root   57 May 14 05:07 git
-rw-r--r-- 1 root root    0 May 14 05:08 id
drwxr-xr-x 6 root root 4.0K May 14 05:10 .
-rw-r--r-- 1 root root  48K May 14 05:10 test.log
Last login: Tue May 14 05:10:07 UTC 2019
total 164K
-rwxr-xr-x 1 root root  139 May 11 16:38 test.sh
-rwxr--r-- 1 root root   93 May 11 16:42 git.sh
drwxr-xr-x 4 root root 4.0K May 12 16:06 work
-rw-r--r-- 1 root root  652 May 12 16:06 ssh.sh
-rw-r--r-- 1 root root   14 May 12 16:06 README.md
drwxr-xr-x 2 root root 4.0K May 12 16:06 ping-a-list-of-urls
-rwxr-xr-x 1 root root   78 May 12 16:06 java-version.sh
-rw-r--r-- 1 root root  134 May 12 16:06 java_version
-rw-r--r-- 1 root root  12K May 12 16:06 .java.sh.swp
-rw-r--r-- 1 root root  161 May 12 16:06 dockerinstall.sh
-rw-r--r-- 1 root root  12K May 12 16:06 .ansible.swp
-rw-r--r-- 1 root root  254 May 12 16:06 ansible.sh
drwxr-xr-x 2 root root 4.0K May 12 16:06 ansible
-rwxr--r-- 1 root root   70 May 12 16:09 process.sh
dr-xr-x--- 5 root root 4.0K May 12 16:22 ..
drwxr-xr-x 8 root root 4.0K May 12 16:23 .git
-rwxr-xr-x 1 root root  339 May 14 03:54 ssh1.sh
-rw-r--r-- 1 root root  12K May 14 03:57 .test.sh.swp
-rw-r--r-- 1 root root  193 May 14 04:12 jenkins.sh
-rwxr-xr-x 1 root root  268 May 14 04:18 java.sh
-rw-r--r-- 1 root root    0 May 14 04:28 typescript
-rw-r--r-- 1 root root   57 May 14 05:07 git
-rw-r--r-- 1 root root    0 May 14 05:08 id
drwxr-xr-x 6 root root 4.0K May 14 05:10 .
-rw-r--r-- 1 root root  49K May 14 05:10 test.log
Last login: Tue May 14 05:10:07 UTC 2019
total 164K
-rwxr-xr-x 1 root root  139 May 11 16:38 test.sh
-rwxr--r-- 1 root root   93 May 11 16:42 git.sh
drwxr-xr-x 4 root root 4.0K May 12 16:06 work
-rw-r--r-- 1 root root  652 May 12 16:06 ssh.sh
-rw-r--r-- 1 root root   14 May 12 16:06 README.md
drwxr-xr-x 2 root root 4.0K May 12 16:06 ping-a-list-of-urls
-rwxr-xr-x 1 root root   78 May 12 16:06 java-version.sh
-rw-r--r-- 1 root root  134 May 12 16:06 java_version
-rw-r--r-- 1 root root  12K May 12 16:06 .java.sh.swp
-rw-r--r-- 1 root root  161 May 12 16:06 dockerinstall.sh
-rw-r--r-- 1 root root  12K May 12 16:06 .ansible.swp
-rw-r--r-- 1 root root  254 May 12 16:06 ansible.sh
drwxr-xr-x 2 root root 4.0K May 12 16:06 ansible
-rwxr--r-- 1 root root   70 May 12 16:09 process.sh
dr-xr-x--- 5 root root 4.0K May 12 16:22 ..
drwxr-xr-x 8 root root 4.0K May 12 16:23 .git
-rwxr-xr-x 1 root root  339 May 14 03:54 ssh1.sh
-rw-r--r-- 1 root root  12K May 14 03:57 .test.sh.swp
-rw-r--r-- 1 root root  193 May 14 04:12 jenkins.sh
-rwxr-xr-x 1 root root  268 May 14 04:18 java.sh
-rw-r--r-- 1 root root    0 May 14 04:28 typescript
-rw-r--r-- 1 root root   57 May 14 05:07 git
-rw-r--r-- 1 root root    0 May 14 05:08 id
drwxr-xr-x 6 root root 4.0K May 14 05:10 .
-rw-r--r-- 1 root root  51K May 14 05:10 test.log
Last login: Tue May 14 05:10:07 UTC 2019
total 164K
-rwxr-xr-x 1 root root  139 May 11 16:38 test.sh
-rwxr--r-- 1 root root   93 May 11 16:42 git.sh
drwxr-xr-x 4 root root 4.0K May 12 16:06 work
-rw-r--r-- 1 root root  652 May 12 16:06 ssh.sh
-rw-r--r-- 1 root root   14 May 12 16:06 README.md
drwxr-xr-x 2 root root 4.0K May 12 16:06 ping-a-list-of-urls
-rwxr-xr-x 1 root root   78 May 12 16:06 java-version.sh
-rw-r--r-- 1 root root  134 May 12 16:06 java_version
-rw-r--r-- 1 root root  12K May 12 16:06 .java.sh.swp
-rw-r--r-- 1 root root  161 May 12 16:06 dockerinstall.sh
-rw-r--r-- 1 root root  12K May 12 16:06 .ansible.swp
-rw-r--r-- 1 root root  254 May 12 16:06 ansible.sh
drwxr-xr-x 2 root root 4.0K May 12 16:06 ansible
-rwxr--r-- 1 root root   70 May 12 16:09 process.sh
dr-xr-x--- 5 root root 4.0K May 12 16:22 ..
drwxr-xr-x 8 root root 4.0K May 12 16:23 .git
-rwxr-xr-x 1 root root  339 May 14 03:54 ssh1.sh
-rw-r--r-- 1 root root  12K May 14 03:57 .test.sh.swp
-rw-r--r-- 1 root root  193 May 14 04:12 jenkins.sh
-rwxr-xr-x 1 root root  268 May 14 04:18 java.sh
-rw-r--r-- 1 root root    0 May 14 04:28 typescript
-rw-r--r-- 1 root root   57 May 14 05:07 git
-rw-r--r-- 1 root root    0 May 14 05:08 id
drwxr-xr-x 6 root root 4.0K May 14 05:10 .
-rw-r--r-- 1 root root  52K May 14 05:10 test.log
Last login: Tue May 14 05:10:08 UTC 2019
total 168K
-rwxr-xr-x 1 root root  139 May 11 16:38 test.sh
-rwxr--r-- 1 root root   93 May 11 16:42 git.sh
drwxr-xr-x 4 root root 4.0K May 12 16:06 work
-rw-r--r-- 1 root root  652 May 12 16:06 ssh.sh
-rw-r--r-- 1 root root   14 May 12 16:06 README.md
drwxr-xr-x 2 root root 4.0K May 12 16:06 ping-a-list-of-urls
-rwxr-xr-x 1 root root   78 May 12 16:06 java-version.sh
-rw-r--r-- 1 root root  134 May 12 16:06 java_version
-rw-r--r-- 1 root root  12K May 12 16:06 .java.sh.swp
-rw-r--r-- 1 root root  161 May 12 16:06 dockerinstall.sh
-rw-r--r-- 1 root root  12K May 12 16:06 .ansible.swp
-rw-r--r-- 1 root root  254 May 12 16:06 ansible.sh
drwxr-xr-x 2 root root 4.0K May 12 16:06 ansible
-rwxr--r-- 1 root root   70 May 12 16:09 process.sh
dr-xr-x--- 5 root root 4.0K May 12 16:22 ..
drwxr-xr-x 8 root root 4.0K May 12 16:23 .git
-rwxr-xr-x 1 root root  339 May 14 03:54 ssh1.sh
-rw-r--r-- 1 root root  12K May 14 03:57 .test.sh.swp
-rw-r--r-- 1 root root  193 May 14 04:12 jenkins.sh
-rwxr-xr-x 1 root root  268 May 14 04:18 java.sh
-rw-r--r-- 1 root root    0 May 14 04:28 typescript
-rw-r--r-- 1 root root   57 May 14 05:07 git
-rw-r--r-- 1 root root    0 May 14 05:08 id
drwxr-xr-x 6 root root 4.0K May 14 05:10 .
-rw-r--r-- 1 root root  53K May 14 05:10 test.log
Last login: Tue May 14 05:10:08 UTC 2019
total 168K
-rwxr-xr-x 1 root root  139 May 11 16:38 test.sh
-rwxr--r-- 1 root root   93 May 11 16:42 git.sh
drwxr-xr-x 4 root root 4.0K May 12 16:06 work
-rw-r--r-- 1 root root  652 May 12 16:06 ssh.sh
-rw-r--r-- 1 root root   14 May 12 16:06 README.md
drwxr-xr-x 2 root root 4.0K May 12 16:06 ping-a-list-of-urls
-rwxr-xr-x 1 root root   78 May 12 16:06 java-version.sh
-rw-r--r-- 1 root root  134 May 12 16:06 java_version
-rw-r--r-- 1 root root  12K May 12 16:06 .java.sh.swp
-rw-r--r-- 1 root root  161 May 12 16:06 dockerinstall.sh
-rw-r--r-- 1 root root  12K May 12 16:06 .ansible.swp
-rw-r--r-- 1 root root  254 May 12 16:06 ansible.sh
drwxr-xr-x 2 root root 4.0K May 12 16:06 ansible
-rwxr--r-- 1 root root   70 May 12 16:09 process.sh
dr-xr-x--- 5 root root 4.0K May 12 16:22 ..
drwxr-xr-x 8 root root 4.0K May 12 16:23 .git
-rwxr-xr-x 1 root root  339 May 14 03:54 ssh1.sh
-rw-r--r-- 1 root root  12K May 14 03:57 .test.sh.swp
-rw-r--r-- 1 root root  193 May 14 04:12 jenkins.sh
-rwxr-xr-x 1 root root  268 May 14 04:18 java.sh
-rw-r--r-- 1 root root    0 May 14 04:28 typescript
-rw-r--r-- 1 root root   57 May 14 05:07 git
-rw-r--r-- 1 root root    0 May 14 05:08 id
drwxr-xr-x 6 root root 4.0K May 14 05:10 .
-rw-r--r-- 1 root root  54K May 14 05:10 test.log
Last login: Tue May 14 05:10:08 UTC 2019
total 168K
-rwxr-xr-x 1 root root  139 May 11 16:38 test.sh
-rwxr--r-- 1 root root   93 May 11 16:42 git.sh
drwxr-xr-x 4 root root 4.0K May 12 16:06 work
-rw-r--r-- 1 root root  652 May 12 16:06 ssh.sh
-rw-r--r-- 1 root root   14 May 12 16:06 README.md
drwxr-xr-x 2 root root 4.0K May 12 16:06 ping-a-list-of-urls
-rwxr-xr-x 1 root root   78 May 12 16:06 java-version.sh
-rw-r--r-- 1 root root  134 May 12 16:06 java_version
-rw-r--r-- 1 root root  12K May 12 16:06 .java.sh.swp
-rw-r--r-- 1 root root  161 May 12 16:06 dockerinstall.sh
-rw-r--r-- 1 root root  12K May 12 16:06 .ansible.swp
-rw-r--r-- 1 root root  254 May 12 16:06 ansible.sh
drwxr-xr-x 2 root root 4.0K May 12 16:06 ansible
-rwxr--r-- 1 root root   70 May 12 16:09 process.sh
dr-xr-x--- 5 root root 4.0K May 12 16:22 ..
drwxr-xr-x 8 root root 4.0K May 12 16:23 .git
-rwxr-xr-x 1 root root  339 May 14 03:54 ssh1.sh
-rw-r--r-- 1 root root  12K May 14 03:57 .test.sh.swp
-rw-r--r-- 1 root root  193 May 14 04:12 jenkins.sh
-rwxr-xr-x 1 root root  268 May 14 04:18 java.sh
-rw-r--r-- 1 root root    0 May 14 04:28 typescript
-rw-r--r-- 1 root root   57 May 14 05:07 git
-rw-r--r-- 1 root root    0 May 14 05:08 id
drwxr-xr-x 6 root root 4.0K May 14 05:10 .
-rw-r--r-- 1 root root  56K May 14 05:10 test.log
Last login: Tue May 14 05:10:08 UTC 2019
total 172K
-rwxr-xr-x 1 root root  139 May 11 16:38 test.sh
-rwxr--r-- 1 root root   93 May 11 16:42 git.sh
drwxr-xr-x 4 root root 4.0K May 12 16:06 work
-rw-r--r-- 1 root root  652 May 12 16:06 ssh.sh
-rw-r--r-- 1 root root   14 May 12 16:06 README.md
drwxr-xr-x 2 root root 4.0K May 12 16:06 ping-a-list-of-urls
-rwxr-xr-x 1 root root   78 May 12 16:06 java-version.sh
-rw-r--r-- 1 root root  134 May 12 16:06 java_version
-rw-r--r-- 1 root root  12K May 12 16:06 .java.sh.swp
-rw-r--r-- 1 root root  161 May 12 16:06 dockerinstall.sh
-rw-r--r-- 1 root root  12K May 12 16:06 .ansible.swp
-rw-r--r-- 1 root root  254 May 12 16:06 ansible.sh
drwxr-xr-x 2 root root 4.0K May 12 16:06 ansible
-rwxr--r-- 1 root root   70 May 12 16:09 process.sh
dr-xr-x--- 5 root root 4.0K May 12 16:22 ..
drwxr-xr-x 8 root root 4.0K May 12 16:23 .git
-rwxr-xr-x 1 root root  339 May 14 03:54 ssh1.sh
-rw-r--r-- 1 root root  12K May 14 03:57 .test.sh.swp
-rw-r--r-- 1 root root  193 May 14 04:12 jenkins.sh
-rwxr-xr-x 1 root root  268 May 14 04:18 java.sh
-rw-r--r-- 1 root root    0 May 14 04:28 typescript
-rw-r--r-- 1 root root   57 May 14 05:07 git
-rw-r--r-- 1 root root    0 May 14 05:08 id
drwxr-xr-x 6 root root 4.0K May 14 05:10 .
-rw-r--r-- 1 root root  57K May 14 05:10 test.log
Last login: Tue May 14 05:10:08 UTC 2019
total 172K
-rwxr-xr-x 1 root root  139 May 11 16:38 test.sh
-rwxr--r-- 1 root root   93 May 11 16:42 git.sh
drwxr-xr-x 4 root root 4.0K May 12 16:06 work
-rw-r--r-- 1 root root  652 May 12 16:06 ssh.sh
-rw-r--r-- 1 root root   14 May 12 16:06 README.md
drwxr-xr-x 2 root root 4.0K May 12 16:06 ping-a-list-of-urls
-rwxr-xr-x 1 root root   78 May 12 16:06 java-version.sh
-rw-r--r-- 1 root root  134 May 12 16:06 java_version
-rw-r--r-- 1 root root  12K May 12 16:06 .java.sh.swp
-rw-r--r-- 1 root root  161 May 12 16:06 dockerinstall.sh
-rw-r--r-- 1 root root  12K May 12 16:06 .ansible.swp
-rw-r--r-- 1 root root  254 May 12 16:06 ansible.sh
drwxr-xr-x 2 root root 4.0K May 12 16:06 ansible
-rwxr--r-- 1 root root   70 May 12 16:09 process.sh
dr-xr-x--- 5 root root 4.0K May 12 16:22 ..
drwxr-xr-x 8 root root 4.0K May 12 16:23 .git
-rwxr-xr-x 1 root root  339 May 14 03:54 ssh1.sh
-rw-r--r-- 1 root root  12K May 14 03:57 .test.sh.swp
-rw-r--r-- 1 root root  193 May 14 04:12 jenkins.sh
-rwxr-xr-x 1 root root  268 May 14 04:18 java.sh
-rw-r--r-- 1 root root    0 May 14 04:28 typescript
-rw-r--r-- 1 root root   57 May 14 05:07 git
-rw-r--r-- 1 root root    0 May 14 05:08 id
drwxr-xr-x 6 root root 4.0K May 14 05:10 .
-rw-r--r-- 1 root root  58K May 14 05:10 test.log
Last login: Tue May 14 05:10:08 UTC 2019
total 172K
-rwxr-xr-x 1 root root  139 May 11 16:38 test.sh
-rwxr--r-- 1 root root   93 May 11 16:42 git.sh
drwxr-xr-x 4 root root 4.0K May 12 16:06 work
-rw-r--r-- 1 root root  652 May 12 16:06 ssh.sh
-rw-r--r-- 1 root root   14 May 12 16:06 README.md
drwxr-xr-x 2 root root 4.0K May 12 16:06 ping-a-list-of-urls
-rwxr-xr-x 1 root root   78 May 12 16:06 java-version.sh
-rw-r--r-- 1 root root  134 May 12 16:06 java_version
-rw-r--r-- 1 root root  12K May 12 16:06 .java.sh.swp
-rw-r--r-- 1 root root  161 May 12 16:06 dockerinstall.sh
-rw-r--r-- 1 root root  12K May 12 16:06 .ansible.swp
-rw-r--r-- 1 root root  254 May 12 16:06 ansible.sh
drwxr-xr-x 2 root root 4.0K May 12 16:06 ansible
-rwxr--r-- 1 root root   70 May 12 16:09 process.sh
dr-xr-x--- 5 root root 4.0K May 12 16:22 ..
drwxr-xr-x 8 root root 4.0K May 12 16:23 .git
-rwxr-xr-x 1 root root  339 May 14 03:54 ssh1.sh
-rw-r--r-- 1 root root  12K May 14 03:57 .test.sh.swp
-rw-r--r-- 1 root root  193 May 14 04:12 jenkins.sh
-rwxr-xr-x 1 root root  268 May 14 04:18 java.sh
-rw-r--r-- 1 root root    0 May 14 04:28 typescript
-rw-r--r-- 1 root root   57 May 14 05:07 git
-rw-r--r-- 1 root root    0 May 14 05:08 id
drwxr-xr-x 6 root root 4.0K May 14 05:10 .
-rw-r--r-- 1 root root  60K May 14 05:10 test.log
Last login: Tue May 14 05:10:08 UTC 2019
total 176K
-rwxr-xr-x 1 root root  139 May 11 16:38 test.sh
-rwxr--r-- 1 root root   93 May 11 16:42 git.sh
drwxr-xr-x 4 root root 4.0K May 12 16:06 work
-rw-r--r-- 1 root root  652 May 12 16:06 ssh.sh
-rw-r--r-- 1 root root   14 May 12 16:06 README.md
drwxr-xr-x 2 root root 4.0K May 12 16:06 ping-a-list-of-urls
-rwxr-xr-x 1 root root   78 May 12 16:06 java-version.sh
-rw-r--r-- 1 root root  134 May 12 16:06 java_version
-rw-r--r-- 1 root root  12K May 12 16:06 .java.sh.swp
-rw-r--r-- 1 root root  161 May 12 16:06 dockerinstall.sh
-rw-r--r-- 1 root root  12K May 12 16:06 .ansible.swp
-rw-r--r-- 1 root root  254 May 12 16:06 ansible.sh
drwxr-xr-x 2 root root 4.0K May 12 16:06 ansible
-rwxr--r-- 1 root root   70 May 12 16:09 process.sh
dr-xr-x--- 5 root root 4.0K May 12 16:22 ..
drwxr-xr-x 8 root root 4.0K May 12 16:23 .git
-rwxr-xr-x 1 root root  339 May 14 03:54 ssh1.sh
-rw-r--r-- 1 root root  12K May 14 03:57 .test.sh.swp
-rw-r--r-- 1 root root  193 May 14 04:12 jenkins.sh
-rwxr-xr-x 1 root root  268 May 14 04:18 java.sh
-rw-r--r-- 1 root root    0 May 14 04:28 typescript
-rw-r--r-- 1 root root   57 May 14 05:07 git
-rw-r--r-- 1 root root    0 May 14 05:08 id
drwxr-xr-x 6 root root 4.0K May 14 05:10 .
-rw-r--r-- 1 root root  61K May 14 05:10 test.log
Last login: Tue May 14 05:10:08 UTC 2019
total 176K
-rwxr-xr-x 1 root root  139 May 11 16:38 test.sh
-rwxr--r-- 1 root root   93 May 11 16:42 git.sh
drwxr-xr-x 4 root root 4.0K May 12 16:06 work
-rw-r--r-- 1 root root  652 May 12 16:06 ssh.sh
-rw-r--r-- 1 root root   14 May 12 16:06 README.md
drwxr-xr-x 2 root root 4.0K May 12 16:06 ping-a-list-of-urls
-rwxr-xr-x 1 root root   78 May 12 16:06 java-version.sh
-rw-r--r-- 1 root root  134 May 12 16:06 java_version
-rw-r--r-- 1 root root  12K May 12 16:06 .java.sh.swp
-rw-r--r-- 1 root root  161 May 12 16:06 dockerinstall.sh
-rw-r--r-- 1 root root  12K May 12 16:06 .ansible.swp
-rw-r--r-- 1 root root  254 May 12 16:06 ansible.sh
drwxr-xr-x 2 root root 4.0K May 12 16:06 ansible
-rwxr--r-- 1 root root   70 May 12 16:09 process.sh
dr-xr-x--- 5 root root 4.0K May 12 16:22 ..
drwxr-xr-x 8 root root 4.0K May 12 16:23 .git
-rwxr-xr-x 1 root root  339 May 14 03:54 ssh1.sh
-rw-r--r-- 1 root root  12K May 14 03:57 .test.sh.swp
-rw-r--r-- 1 root root  193 May 14 04:12 jenkins.sh
-rwxr-xr-x 1 root root  268 May 14 04:18 java.sh
-rw-r--r-- 1 root root    0 May 14 04:28 typescript
-rw-r--r-- 1 root root   57 May 14 05:07 git
-rw-r--r-- 1 root root    0 May 14 05:08 id
drwxr-xr-x 6 root root 4.0K May 14 05:10 .
-rw-r--r-- 1 root root  62K May 14 05:10 test.log
Last login: Tue May 14 05:10:08 UTC 2019
total 176K
-rwxr-xr-x 1 root root  139 May 11 16:38 test.sh
-rwxr--r-- 1 root root   93 May 11 16:42 git.sh
drwxr-xr-x 4 root root 4.0K May 12 16:06 work
-rw-r--r-- 1 root root  652 May 12 16:06 ssh.sh
-rw-r--r-- 1 root root   14 May 12 16:06 README.md
drwxr-xr-x 2 root root 4.0K May 12 16:06 ping-a-list-of-urls
-rwxr-xr-x 1 root root   78 May 12 16:06 java-version.sh
-rw-r--r-- 1 root root  134 May 12 16:06 java_version
-rw-r--r-- 1 root root  12K May 12 16:06 .java.sh.swp
-rw-r--r-- 1 root root  161 May 12 16:06 dockerinstall.sh
-rw-r--r-- 1 root root  12K May 12 16:06 .ansible.swp
-rw-r--r-- 1 root root  254 May 12 16:06 ansible.sh
drwxr-xr-x 2 root root 4.0K May 12 16:06 ansible
-rwxr--r-- 1 root root   70 May 12 16:09 process.sh
dr-xr-x--- 5 root root 4.0K May 12 16:22 ..
drwxr-xr-x 8 root root 4.0K May 12 16:23 .git
-rwxr-xr-x 1 root root  339 May 14 03:54 ssh1.sh
-rw-r--r-- 1 root root  12K May 14 03:57 .test.sh.swp
-rw-r--r-- 1 root root  193 May 14 04:12 jenkins.sh
-rwxr-xr-x 1 root root  268 May 14 04:18 java.sh
-rw-r--r-- 1 root root    0 May 14 04:28 typescript
-rw-r--r-- 1 root root   57 May 14 05:07 git
-rw-r--r-- 1 root root    0 May 14 05:08 id
drwxr-xr-x 6 root root 4.0K May 14 05:10 .
-rw-r--r-- 1 root root  63K May 14 05:10 test.log
Last login: Tue May 14 05:10:08 UTC 2019
total 180K
-rwxr-xr-x 1 root root  139 May 11 16:38 test.sh
-rwxr--r-- 1 root root   93 May 11 16:42 git.sh
drwxr-xr-x 4 root root 4.0K May 12 16:06 work
-rw-r--r-- 1 root root  652 May 12 16:06 ssh.sh
-rw-r--r-- 1 root root   14 May 12 16:06 README.md
drwxr-xr-x 2 root root 4.0K May 12 16:06 ping-a-list-of-urls
-rwxr-xr-x 1 root root   78 May 12 16:06 java-version.sh
-rw-r--r-- 1 root root  134 May 12 16:06 java_version
-rw-r--r-- 1 root root  12K May 12 16:06 .java.sh.swp
-rw-r--r-- 1 root root  161 May 12 16:06 dockerinstall.sh
-rw-r--r-- 1 root root  12K May 12 16:06 .ansible.swp
-rw-r--r-- 1 root root  254 May 12 16:06 ansible.sh
drwxr-xr-x 2 root root 4.0K May 12 16:06 ansible
-rwxr--r-- 1 root root   70 May 12 16:09 process.sh
dr-xr-x--- 5 root root 4.0K May 12 16:22 ..
drwxr-xr-x 8 root root 4.0K May 12 16:23 .git
-rwxr-xr-x 1 root root  339 May 14 03:54 ssh1.sh
-rw-r--r-- 1 root root  12K May 14 03:57 .test.sh.swp
-rw-r--r-- 1 root root  193 May 14 04:12 jenkins.sh
-rwxr-xr-x 1 root root  268 May 14 04:18 java.sh
-rw-r--r-- 1 root root    0 May 14 04:28 typescript
-rw-r--r-- 1 root root   57 May 14 05:07 git
-rw-r--r-- 1 root root    0 May 14 05:08 id
drwxr-xr-x 6 root root 4.0K May 14 05:10 .
-rw-r--r-- 1 root root  65K May 14 05:10 test.log
Last login: Tue May 14 05:10:08 UTC 2019
total 180K
-rwxr-xr-x 1 root root  139 May 11 16:38 test.sh
-rwxr--r-- 1 root root   93 May 11 16:42 git.sh
drwxr-xr-x 4 root root 4.0K May 12 16:06 work
-rw-r--r-- 1 root root  652 May 12 16:06 ssh.sh
-rw-r--r-- 1 root root   14 May 12 16:06 README.md
drwxr-xr-x 2 root root 4.0K May 12 16:06 ping-a-list-of-urls
-rwxr-xr-x 1 root root   78 May 12 16:06 java-version.sh
-rw-r--r-- 1 root root  134 May 12 16:06 java_version
-rw-r--r-- 1 root root  12K May 12 16:06 .java.sh.swp
-rw-r--r-- 1 root root  161 May 12 16:06 dockerinstall.sh
-rw-r--r-- 1 root root  12K May 12 16:06 .ansible.swp
-rw-r--r-- 1 root root  254 May 12 16:06 ansible.sh
drwxr-xr-x 2 root root 4.0K May 12 16:06 ansible
-rwxr--r-- 1 root root   70 May 12 16:09 process.sh
dr-xr-x--- 5 root root 4.0K May 12 16:22 ..
drwxr-xr-x 8 root root 4.0K May 12 16:23 .git
-rwxr-xr-x 1 root root  339 May 14 03:54 ssh1.sh
-rw-r--r-- 1 root root  12K May 14 03:57 .test.sh.swp
-rw-r--r-- 1 root root  193 May 14 04:12 jenkins.sh
-rwxr-xr-x 1 root root  268 May 14 04:18 java.sh
-rw-r--r-- 1 root root    0 May 14 04:28 typescript
-rw-r--r-- 1 root root   57 May 14 05:07 git
-rw-r--r-- 1 root root    0 May 14 05:08 id
drwxr-xr-x 6 root root 4.0K May 14 05:10 .
-rw-r--r-- 1 root root  66K May 14 05:10 test.log
Last login: Tue May 14 05:10:08 UTC 2019
total 180K
-rwxr-xr-x 1 root root  139 May 11 16:38 test.sh
-rwxr--r-- 1 root root   93 May 11 16:42 git.sh
drwxr-xr-x 4 root root 4.0K May 12 16:06 work
-rw-r--r-- 1 root root  652 May 12 16:06 ssh.sh
-rw-r--r-- 1 root root   14 May 12 16:06 README.md
drwxr-xr-x 2 root root 4.0K May 12 16:06 ping-a-list-of-urls
-rwxr-xr-x 1 root root   78 May 12 16:06 java-version.sh
-rw-r--r-- 1 root root  134 May 12 16:06 java_version
-rw-r--r-- 1 root root  12K May 12 16:06 .java.sh.swp
-rw-r--r-- 1 root root  161 May 12 16:06 dockerinstall.sh
-rw-r--r-- 1 root root  12K May 12 16:06 .ansible.swp
-rw-r--r-- 1 root root  254 May 12 16:06 ansible.sh
drwxr-xr-x 2 root root 4.0K May 12 16:06 ansible
-rwxr--r-- 1 root root   70 May 12 16:09 process.sh
dr-xr-x--- 5 root root 4.0K May 12 16:22 ..
drwxr-xr-x 8 root root 4.0K May 12 16:23 .git
-rwxr-xr-x 1 root root  339 May 14 03:54 ssh1.sh
-rw-r--r-- 1 root root  12K May 14 03:57 .test.sh.swp
-rw-r--r-- 1 root root  193 May 14 04:12 jenkins.sh
-rwxr-xr-x 1 root root  268 May 14 04:18 java.sh
-rw-r--r-- 1 root root    0 May 14 04:28 typescript
-rw-r--r-- 1 root root   57 May 14 05:07 git
-rw-r--r-- 1 root root    0 May 14 05:08 id
drwxr-xr-x 6 root root 4.0K May 14 05:10 .
-rw-r--r-- 1 root root  67K May 14 05:10 test.log
Last login: Tue May 14 05:10:08 UTC 2019
total 184K
-rwxr-xr-x 1 root root  139 May 11 16:38 test.sh
-rwxr--r-- 1 root root   93 May 11 16:42 git.sh
drwxr-xr-x 4 root root 4.0K May 12 16:06 work
-rw-r--r-- 1 root root  652 May 12 16:06 ssh.sh
-rw-r--r-- 1 root root   14 May 12 16:06 README.md
drwxr-xr-x 2 root root 4.0K May 12 16:06 ping-a-list-of-urls
-rwxr-xr-x 1 root root   78 May 12 16:06 java-version.sh
-rw-r--r-- 1 root root  134 May 12 16:06 java_version
-rw-r--r-- 1 root root  12K May 12 16:06 .java.sh.swp
-rw-r--r-- 1 root root  161 May 12 16:06 dockerinstall.sh
-rw-r--r-- 1 root root  12K May 12 16:06 .ansible.swp
-rw-r--r-- 1 root root  254 May 12 16:06 ansible.sh
drwxr-xr-x 2 root root 4.0K May 12 16:06 ansible
-rwxr--r-- 1 root root   70 May 12 16:09 process.sh
dr-xr-x--- 5 root root 4.0K May 12 16:22 ..
drwxr-xr-x 8 root root 4.0K May 12 16:23 .git
-rwxr-xr-x 1 root root  339 May 14 03:54 ssh1.sh
-rw-r--r-- 1 root root  12K May 14 03:57 .test.sh.swp
-rw-r--r-- 1 root root  193 May 14 04:12 jenkins.sh
-rwxr-xr-x 1 root root  268 May 14 04:18 java.sh
-rw-r--r-- 1 root root    0 May 14 04:28 typescript
-rw-r--r-- 1 root root   57 May 14 05:07 git
-rw-r--r-- 1 root root    0 May 14 05:08 id
drwxr-xr-x 6 root root 4.0K May 14 05:10 .
-rw-r--r-- 1 root root  69K May 14 05:10 test.log
Last login: Tue May 14 05:10:08 UTC 2019
total 184K
-rwxr-xr-x 1 root root  139 May 11 16:38 test.sh
-rwxr--r-- 1 root root   93 May 11 16:42 git.sh
drwxr-xr-x 4 root root 4.0K May 12 16:06 work
-rw-r--r-- 1 root root  652 May 12 16:06 ssh.sh
-rw-r--r-- 1 root root   14 May 12 16:06 README.md
drwxr-xr-x 2 root root 4.0K May 12 16:06 ping-a-list-of-urls
-rwxr-xr-x 1 root root   78 May 12 16:06 java-version.sh
-rw-r--r-- 1 root root  134 May 12 16:06 java_version
-rw-r--r-- 1 root root  12K May 12 16:06 .java.sh.swp
-rw-r--r-- 1 root root  161 May 12 16:06 dockerinstall.sh
-rw-r--r-- 1 root root  12K May 12 16:06 .ansible.swp
-rw-r--r-- 1 root root  254 May 12 16:06 ansible.sh
drwxr-xr-x 2 root root 4.0K May 12 16:06 ansible
-rwxr--r-- 1 root root   70 May 12 16:09 process.sh
dr-xr-x--- 5 root root 4.0K May 12 16:22 ..
drwxr-xr-x 8 root root 4.0K May 12 16:23 .git
-rwxr-xr-x 1 root root  339 May 14 03:54 ssh1.sh
-rw-r--r-- 1 root root  12K May 14 03:57 .test.sh.swp
-rw-r--r-- 1 root root  193 May 14 04:12 jenkins.sh
-rwxr-xr-x 1 root root  268 May 14 04:18 java.sh
-rw-r--r-- 1 root root    0 May 14 04:28 typescript
-rw-r--r-- 1 root root   57 May 14 05:07 git
-rw-r--r-- 1 root root    0 May 14 05:08 id
drwxr-xr-x 6 root root 4.0K May 14 05:10 .
-rw-r--r-- 1 root root  70K May 14 05:10 test.log
Last login: Tue May 14 05:10:08 UTC 2019
total 184K
-rwxr-xr-x 1 root root  139 May 11 16:38 test.sh
-rwxr--r-- 1 root root   93 May 11 16:42 git.sh
drwxr-xr-x 4 root root 4.0K May 12 16:06 work
-rw-r--r-- 1 root root  652 May 12 16:06 ssh.sh
-rw-r--r-- 1 root root   14 May 12 16:06 README.md
drwxr-xr-x 2 root root 4.0K May 12 16:06 ping-a-list-of-urls
-rwxr-xr-x 1 root root   78 May 12 16:06 java-version.sh
-rw-r--r-- 1 root root  134 May 12 16:06 java_version
-rw-r--r-- 1 root root  12K May 12 16:06 .java.sh.swp
-rw-r--r-- 1 root root  161 May 12 16:06 dockerinstall.sh
-rw-r--r-- 1 root root  12K May 12 16:06 .ansible.swp
-rw-r--r-- 1 root root  254 May 12 16:06 ansible.sh
drwxr-xr-x 2 root root 4.0K May 12 16:06 ansible
-rwxr--r-- 1 root root   70 May 12 16:09 process.sh
dr-xr-x--- 5 root root 4.0K May 12 16:22 ..
drwxr-xr-x 8 root root 4.0K May 12 16:23 .git
-rwxr-xr-x 1 root root  339 May 14 03:54 ssh1.sh
-rw-r--r-- 1 root root  12K May 14 03:57 .test.sh.swp
-rw-r--r-- 1 root root  193 May 14 04:12 jenkins.sh
-rwxr-xr-x 1 root root  268 May 14 04:18 java.sh
-rw-r--r-- 1 root root    0 May 14 04:28 typescript
-rw-r--r-- 1 root root   57 May 14 05:07 git
-rw-r--r-- 1 root root    0 May 14 05:08 id
drwxr-xr-x 6 root root 4.0K May 14 05:10 .
-rw-r--r-- 1 root root  71K May 14 05:10 test.log
Last login: Tue May 14 05:10:08 UTC 2019
total 184K
-rwxr-xr-x 1 root root  139 May 11 16:38 test.sh
-rwxr--r-- 1 root root   93 May 11 16:42 git.sh
drwxr-xr-x 4 root root 4.0K May 12 16:06 work
-rw-r--r-- 1 root root  652 May 12 16:06 ssh.sh
-rw-r--r-- 1 root root   14 May 12 16:06 README.md
drwxr-xr-x 2 root root 4.0K May 12 16:06 ping-a-list-of-urls
-rwxr-xr-x 1 root root   78 May 12 16:06 java-version.sh
-rw-r--r-- 1 root root  134 May 12 16:06 java_version
-rw-r--r-- 1 root root  12K May 12 16:06 .java.sh.swp
-rw-r--r-- 1 root root  161 May 12 16:06 dockerinstall.sh
-rw-r--r-- 1 root root  12K May 12 16:06 .ansible.swp
-rw-r--r-- 1 root root  254 May 12 16:06 ansible.sh
drwxr-xr-x 2 root root 4.0K May 12 16:06 ansible
-rwxr--r-- 1 root root   70 May 12 16:09 process.sh
dr-xr-x--- 5 root root 4.0K May 12 16:22 ..
drwxr-xr-x 8 root root 4.0K May 12 16:23 .git
-rwxr-xr-x 1 root root  339 May 14 03:54 ssh1.sh
-rw-r--r-- 1 root root  12K May 14 03:57 .test.sh.swp
-rw-r--r-- 1 root root  193 May 14 04:12 jenkins.sh
-rwxr-xr-x 1 root root  268 May 14 04:18 java.sh
-rw-r--r-- 1 root root    0 May 14 04:28 typescript
-rw-r--r-- 1 root root   57 May 14 05:07 git
-rw-r--r-- 1 root root    0 May 14 05:08 id
drwxr-xr-x 6 root root 4.0K May 14 05:10 .
-rw-r--r-- 1 root root  72K May 14 05:10 test.log
Last login: Tue May 14 05:10:08 UTC 2019
total 188K
-rwxr-xr-x 1 root root  139 May 11 16:38 test.sh
-rwxr--r-- 1 root root   93 May 11 16:42 git.sh
drwxr-xr-x 4 root root 4.0K May 12 16:06 work
-rw-r--r-- 1 root root  652 May 12 16:06 ssh.sh
-rw-r--r-- 1 root root   14 May 12 16:06 README.md
drwxr-xr-x 2 root root 4.0K May 12 16:06 ping-a-list-of-urls
-rwxr-xr-x 1 root root   78 May 12 16:06 java-version.sh
-rw-r--r-- 1 root root  134 May 12 16:06 java_version
-rw-r--r-- 1 root root  12K May 12 16:06 .java.sh.swp
-rw-r--r-- 1 root root  161 May 12 16:06 dockerinstall.sh
-rw-r--r-- 1 root root  12K May 12 16:06 .ansible.swp
-rw-r--r-- 1 root root  254 May 12 16:06 ansible.sh
drwxr-xr-x 2 root root 4.0K May 12 16:06 ansible
-rwxr--r-- 1 root root   70 May 12 16:09 process.sh
dr-xr-x--- 5 root root 4.0K May 12 16:22 ..
drwxr-xr-x 8 root root 4.0K May 12 16:23 .git
-rwxr-xr-x 1 root root  339 May 14 03:54 ssh1.sh
-rw-r--r-- 1 root root  12K May 14 03:57 .test.sh.swp
-rw-r--r-- 1 root root  193 May 14 04:12 jenkins.sh
-rwxr-xr-x 1 root root  268 May 14 04:18 java.sh
-rw-r--r-- 1 root root    0 May 14 04:28 typescript
-rw-r--r-- 1 root root   57 May 14 05:07 git
-rw-r--r-- 1 root root    0 May 14 05:08 id
drwxr-xr-x 6 root root 4.0K May 14 05:10 .
-rw-r--r-- 1 root root  74K May 14 05:10 test.log
Last login: Tue May 14 05:10:08 UTC 2019
total 188K
-rwxr-xr-x 1 root root  139 May 11 16:38 test.sh
-rwxr--r-- 1 root root   93 May 11 16:42 git.sh
drwxr-xr-x 4 root root 4.0K May 12 16:06 work
-rw-r--r-- 1 root root  652 May 12 16:06 ssh.sh
-rw-r--r-- 1 root root   14 May 12 16:06 README.md
drwxr-xr-x 2 root root 4.0K May 12 16:06 ping-a-list-of-urls
-rwxr-xr-x 1 root root   78 May 12 16:06 java-version.sh
-rw-r--r-- 1 root root  134 May 12 16:06 java_version
-rw-r--r-- 1 root root  12K May 12 16:06 .java.sh.swp
-rw-r--r-- 1 root root  161 May 12 16:06 dockerinstall.sh
-rw-r--r-- 1 root root  12K May 12 16:06 .ansible.swp
-rw-r--r-- 1 root root  254 May 12 16:06 ansible.sh
drwxr-xr-x 2 root root 4.0K May 12 16:06 ansible
-rwxr--r-- 1 root root   70 May 12 16:09 process.sh
dr-xr-x--- 5 root root 4.0K May 12 16:22 ..
drwxr-xr-x 8 root root 4.0K May 12 16:23 .git
-rwxr-xr-x 1 root root  339 May 14 03:54 ssh1.sh
-rw-r--r-- 1 root root  12K May 14 03:57 .test.sh.swp
-rw-r--r-- 1 root root  193 May 14 04:12 jenkins.sh
-rwxr-xr-x 1 root root  268 May 14 04:18 java.sh
-rw-r--r-- 1 root root    0 May 14 04:28 typescript
-rw-r--r-- 1 root root   57 May 14 05:07 git
-rw-r--r-- 1 root root    0 May 14 05:08 id
drwxr-xr-x 6 root root 4.0K May 14 05:10 .
-rw-r--r-- 1 root root  75K May 14 05:10 test.log
Last login: Tue May 14 05:10:08 UTC 2019
total 188K
-rwxr-xr-x 1 root root  139 May 11 16:38 test.sh
-rwxr--r-- 1 root root   93 May 11 16:42 git.sh
drwxr-xr-x 4 root root 4.0K May 12 16:06 work
-rw-r--r-- 1 root root  652 May 12 16:06 ssh.sh
-rw-r--r-- 1 root root   14 May 12 16:06 README.md
drwxr-xr-x 2 root root 4.0K May 12 16:06 ping-a-list-of-urls
-rwxr-xr-x 1 root root   78 May 12 16:06 java-version.sh
-rw-r--r-- 1 root root  134 May 12 16:06 java_version
-rw-r--r-- 1 root root  12K May 12 16:06 .java.sh.swp
-rw-r--r-- 1 root root  161 May 12 16:06 dockerinstall.sh
-rw-r--r-- 1 root root  12K May 12 16:06 .ansible.swp
-rw-r--r-- 1 root root  254 May 12 16:06 ansible.sh
drwxr-xr-x 2 root root 4.0K May 12 16:06 ansible
-rwxr--r-- 1 root root   70 May 12 16:09 process.sh
dr-xr-x--- 5 root root 4.0K May 12 16:22 ..
drwxr-xr-x 8 root root 4.0K May 12 16:23 .git
-rwxr-xr-x 1 root root  339 May 14 03:54 ssh1.sh
-rw-r--r-- 1 root root  12K May 14 03:57 .test.sh.swp
-rw-r--r-- 1 root root  193 May 14 04:12 jenkins.sh
-rwxr-xr-x 1 root root  268 May 14 04:18 java.sh
-rw-r--r-- 1 root root    0 May 14 04:28 typescript
-rw-r--r-- 1 root root   57 May 14 05:07 git
-rw-r--r-- 1 root root    0 May 14 05:08 id
drwxr-xr-x 6 root root 4.0K May 14 05:10 .
-rw-r--r-- 1 root root  76K May 14 05:10 test.log
Last login: Tue May 14 05:10:08 UTC 2019
total 192K
-rwxr-xr-x 1 root root  139 May 11 16:38 test.sh
-rwxr--r-- 1 root root   93 May 11 16:42 git.sh
drwxr-xr-x 4 root root 4.0K May 12 16:06 work
-rw-r--r-- 1 root root  652 May 12 16:06 ssh.sh
-rw-r--r-- 1 root root   14 May 12 16:06 README.md
drwxr-xr-x 2 root root 4.0K May 12 16:06 ping-a-list-of-urls
-rwxr-xr-x 1 root root   78 May 12 16:06 java-version.sh
-rw-r--r-- 1 root root  134 May 12 16:06 java_version
-rw-r--r-- 1 root root  12K May 12 16:06 .java.sh.swp
-rw-r--r-- 1 root root  161 May 12 16:06 dockerinstall.sh
-rw-r--r-- 1 root root  12K May 12 16:06 .ansible.swp
-rw-r--r-- 1 root root  254 May 12 16:06 ansible.sh
drwxr-xr-x 2 root root 4.0K May 12 16:06 ansible
-rwxr--r-- 1 root root   70 May 12 16:09 process.sh
dr-xr-x--- 5 root root 4.0K May 12 16:22 ..
drwxr-xr-x 8 root root 4.0K May 12 16:23 .git
-rwxr-xr-x 1 root root  339 May 14 03:54 ssh1.sh
-rw-r--r-- 1 root root  12K May 14 03:57 .test.sh.swp
-rw-r--r-- 1 root root  193 May 14 04:12 jenkins.sh
-rwxr-xr-x 1 root root  268 May 14 04:18 java.sh
-rw-r--r-- 1 root root    0 May 14 04:28 typescript
-rw-r--r-- 1 root root   57 May 14 05:07 git
-rw-r--r-- 1 root root    0 May 14 05:08 id
drwxr-xr-x 6 root root 4.0K May 14 05:10 .
-rw-r--r-- 1 root root  78K May 14 05:10 test.log
Last login: Tue May 14 05:10:08 UTC 2019
total 192K
-rwxr-xr-x 1 root root  139 May 11 16:38 test.sh
-rwxr--r-- 1 root root   93 May 11 16:42 git.sh
drwxr-xr-x 4 root root 4.0K May 12 16:06 work
-rw-r--r-- 1 root root  652 May 12 16:06 ssh.sh
-rw-r--r-- 1 root root   14 May 12 16:06 README.md
drwxr-xr-x 2 root root 4.0K May 12 16:06 ping-a-list-of-urls
-rwxr-xr-x 1 root root   78 May 12 16:06 java-version.sh
-rw-r--r-- 1 root root  134 May 12 16:06 java_version
-rw-r--r-- 1 root root  12K May 12 16:06 .java.sh.swp
-rw-r--r-- 1 root root  161 May 12 16:06 dockerinstall.sh
-rw-r--r-- 1 root root  12K May 12 16:06 .ansible.swp
-rw-r--r-- 1 root root  254 May 12 16:06 ansible.sh
drwxr-xr-x 2 root root 4.0K May 12 16:06 ansible
-rwxr--r-- 1 root root   70 May 12 16:09 process.sh
dr-xr-x--- 5 root root 4.0K May 12 16:22 ..
drwxr-xr-x 8 root root 4.0K May 12 16:23 .git
-rwxr-xr-x 1 root root  339 May 14 03:54 ssh1.sh
-rw-r--r-- 1 root root  12K May 14 03:57 .test.sh.swp
-rw-r--r-- 1 root root  193 May 14 04:12 jenkins.sh
-rwxr-xr-x 1 root root  268 May 14 04:18 java.sh
-rw-r--r-- 1 root root    0 May 14 04:28 typescript
-rw-r--r-- 1 root root   57 May 14 05:07 git
-rw-r--r-- 1 root root    0 May 14 05:08 id
drwxr-xr-x 6 root root 4.0K May 14 05:10 .
-rw-r--r-- 1 root root  79K May 14 05:10 test.log
Last login: Tue May 14 05:10:08 UTC 2019
total 192K
-rwxr-xr-x 1 root root  139 May 11 16:38 test.sh
-rwxr--r-- 1 root root   93 May 11 16:42 git.sh
drwxr-xr-x 4 root root 4.0K May 12 16:06 work
-rw-r--r-- 1 root root  652 May 12 16:06 ssh.sh
-rw-r--r-- 1 root root   14 May 12 16:06 README.md
drwxr-xr-x 2 root root 4.0K May 12 16:06 ping-a-list-of-urls
-rwxr-xr-x 1 root root   78 May 12 16:06 java-version.sh
-rw-r--r-- 1 root root  134 May 12 16:06 java_version
-rw-r--r-- 1 root root  12K May 12 16:06 .java.sh.swp
-rw-r--r-- 1 root root  161 May 12 16:06 dockerinstall.sh
-rw-r--r-- 1 root root  12K May 12 16:06 .ansible.swp
-rw-r--r-- 1 root root  254 May 12 16:06 ansible.sh
drwxr-xr-x 2 root root 4.0K May 12 16:06 ansible
-rwxr--r-- 1 root root   70 May 12 16:09 process.sh
dr-xr-x--- 5 root root 4.0K May 12 16:22 ..
drwxr-xr-x 8 root root 4.0K May 12 16:23 .git
-rwxr-xr-x 1 root root  339 May 14 03:54 ssh1.sh
-rw-r--r-- 1 root root  12K May 14 03:57 .test.sh.swp
-rw-r--r-- 1 root root  193 May 14 04:12 jenkins.sh
-rwxr-xr-x 1 root root  268 May 14 04:18 java.sh
-rw-r--r-- 1 root root    0 May 14 04:28 typescript
-rw-r--r-- 1 root root   57 May 14 05:07 git
-rw-r--r-- 1 root root    0 May 14 05:08 id
drwxr-xr-x 6 root root 4.0K May 14 05:10 .
-rw-r--r-- 1 root root  80K May 14 05:10 test.log
Last login: Tue May 14 05:10:08 UTC 2019
total 196K
-rwxr-xr-x 1 root root  139 May 11 16:38 test.sh
-rwxr--r-- 1 root root   93 May 11 16:42 git.sh
drwxr-xr-x 4 root root 4.0K May 12 16:06 work
-rw-r--r-- 1 root root  652 May 12 16:06 ssh.sh
-rw-r--r-- 1 root root   14 May 12 16:06 README.md
drwxr-xr-x 2 root root 4.0K May 12 16:06 ping-a-list-of-urls
-rwxr-xr-x 1 root root   78 May 12 16:06 java-version.sh
-rw-r--r-- 1 root root  134 May 12 16:06 java_version
-rw-r--r-- 1 root root  12K May 12 16:06 .java.sh.swp
-rw-r--r-- 1 root root  161 May 12 16:06 dockerinstall.sh
-rw-r--r-- 1 root root  12K May 12 16:06 .ansible.swp
-rw-r--r-- 1 root root  254 May 12 16:06 ansible.sh
drwxr-xr-x 2 root root 4.0K May 12 16:06 ansible
-rwxr--r-- 1 root root   70 May 12 16:09 process.sh
dr-xr-x--- 5 root root 4.0K May 12 16:22 ..
drwxr-xr-x 8 root root 4.0K May 12 16:23 .git
-rwxr-xr-x 1 root root  339 May 14 03:54 ssh1.sh
-rw-r--r-- 1 root root  12K May 14 03:57 .test.sh.swp
-rw-r--r-- 1 root root  193 May 14 04:12 jenkins.sh
-rwxr-xr-x 1 root root  268 May 14 04:18 java.sh
-rw-r--r-- 1 root root    0 May 14 04:28 typescript
-rw-r--r-- 1 root root   57 May 14 05:07 git
-rw-r--r-- 1 root root    0 May 14 05:08 id
drwxr-xr-x 6 root root 4.0K May 14 05:10 .
-rw-r--r-- 1 root root  81K May 14 05:10 test.log
Last login: Tue May 14 05:10:08 UTC 2019
total 196K
-rwxr-xr-x 1 root root  139 May 11 16:38 test.sh
-rwxr--r-- 1 root root   93 May 11 16:42 git.sh
drwxr-xr-x 4 root root 4.0K May 12 16:06 work
-rw-r--r-- 1 root root  652 May 12 16:06 ssh.sh
-rw-r--r-- 1 root root   14 May 12 16:06 README.md
drwxr-xr-x 2 root root 4.0K May 12 16:06 ping-a-list-of-urls
-rwxr-xr-x 1 root root   78 May 12 16:06 java-version.sh
-rw-r--r-- 1 root root  134 May 12 16:06 java_version
-rw-r--r-- 1 root root  12K May 12 16:06 .java.sh.swp
-rw-r--r-- 1 root root  161 May 12 16:06 dockerinstall.sh
-rw-r--r-- 1 root root  12K May 12 16:06 .ansible.swp
-rw-r--r-- 1 root root  254 May 12 16:06 ansible.sh
drwxr-xr-x 2 root root 4.0K May 12 16:06 ansible
-rwxr--r-- 1 root root   70 May 12 16:09 process.sh
dr-xr-x--- 5 root root 4.0K May 12 16:22 ..
drwxr-xr-x 8 root root 4.0K May 12 16:23 .git
-rwxr-xr-x 1 root root  339 May 14 03:54 ssh1.sh
-rw-r--r-- 1 root root  12K May 14 03:57 .test.sh.swp
-rw-r--r-- 1 root root  193 May 14 04:12 jenkins.sh
-rwxr-xr-x 1 root root  268 May 14 04:18 java.sh
-rw-r--r-- 1 root root    0 May 14 04:28 typescript
-rw-r--r-- 1 root root   57 May 14 05:07 git
-rw-r--r-- 1 root root    0 May 14 05:08 id
drwxr-xr-x 6 root root 4.0K May 14 05:10 .
-rw-r--r-- 1 root root  83K May 14 05:10 test.log
Last login: Tue May 14 05:10:08 UTC 2019
total 196K
-rwxr-xr-x 1 root root  139 May 11 16:38 test.sh
-rwxr--r-- 1 root root   93 May 11 16:42 git.sh
drwxr-xr-x 4 root root 4.0K May 12 16:06 work
-rw-r--r-- 1 root root  652 May 12 16:06 ssh.sh
-rw-r--r-- 1 root root   14 May 12 16:06 README.md
drwxr-xr-x 2 root root 4.0K May 12 16:06 ping-a-list-of-urls
-rwxr-xr-x 1 root root   78 May 12 16:06 java-version.sh
-rw-r--r-- 1 root root  134 May 12 16:06 java_version
-rw-r--r-- 1 root root  12K May 12 16:06 .java.sh.swp
-rw-r--r-- 1 root root  161 May 12 16:06 dockerinstall.sh
-rw-r--r-- 1 root root  12K May 12 16:06 .ansible.swp
-rw-r--r-- 1 root root  254 May 12 16:06 ansible.sh
drwxr-xr-x 2 root root 4.0K May 12 16:06 ansible
-rwxr--r-- 1 root root   70 May 12 16:09 process.sh
dr-xr-x--- 5 root root 4.0K May 12 16:22 ..
drwxr-xr-x 8 root root 4.0K May 12 16:23 .git
-rwxr-xr-x 1 root root  339 May 14 03:54 ssh1.sh
-rw-r--r-- 1 root root  12K May 14 03:57 .test.sh.swp
-rw-r--r-- 1 root root  193 May 14 04:12 jenkins.sh
-rwxr-xr-x 1 root root  268 May 14 04:18 java.sh
-rw-r--r-- 1 root root    0 May 14 04:28 typescript
-rw-r--r-- 1 root root   57 May 14 05:07 git
-rw-r--r-- 1 root root    0 May 14 05:08 id
drwxr-xr-x 6 root root 4.0K May 14 05:10 .
-rw-r--r-- 1 root root  84K May 14 05:10 test.log
Last login: Tue May 14 05:10:08 UTC 2019
total 200K
-rwxr-xr-x 1 root root  139 May 11 16:38 test.sh
-rwxr--r-- 1 root root   93 May 11 16:42 git.sh
drwxr-xr-x 4 root root 4.0K May 12 16:06 work
-rw-r--r-- 1 root root  652 May 12 16:06 ssh.sh
-rw-r--r-- 1 root root   14 May 12 16:06 README.md
drwxr-xr-x 2 root root 4.0K May 12 16:06 ping-a-list-of-urls
-rwxr-xr-x 1 root root   78 May 12 16:06 java-version.sh
-rw-r--r-- 1 root root  134 May 12 16:06 java_version
-rw-r--r-- 1 root root  12K May 12 16:06 .java.sh.swp
-rw-r--r-- 1 root root  161 May 12 16:06 dockerinstall.sh
-rw-r--r-- 1 root root  12K May 12 16:06 .ansible.swp
-rw-r--r-- 1 root root  254 May 12 16:06 ansible.sh
drwxr-xr-x 2 root root 4.0K May 12 16:06 ansible
-rwxr--r-- 1 root root   70 May 12 16:09 process.sh
dr-xr-x--- 5 root root 4.0K May 12 16:22 ..
drwxr-xr-x 8 root root 4.0K May 12 16:23 .git
-rwxr-xr-x 1 root root  339 May 14 03:54 ssh1.sh
-rw-r--r-- 1 root root  12K May 14 03:57 .test.sh.swp
-rw-r--r-- 1 root root  193 May 14 04:12 jenkins.sh
-rwxr-xr-x 1 root root  268 May 14 04:18 java.sh
-rw-r--r-- 1 root root    0 May 14 04:28 typescript
-rw-r--r-- 1 root root   57 May 14 05:07 git
-rw-r--r-- 1 root root    0 May 14 05:08 id
drwxr-xr-x 6 root root 4.0K May 14 05:10 .
-rw-r--r-- 1 root root  85K May 14 05:10 test.log
Last login: Tue May 14 05:10:08 UTC 2019
total 200K
-rwxr-xr-x 1 root root  139 May 11 16:38 test.sh
-rwxr--r-- 1 root root   93 May 11 16:42 git.sh
drwxr-xr-x 4 root root 4.0K May 12 16:06 work
-rw-r--r-- 1 root root  652 May 12 16:06 ssh.sh
-rw-r--r-- 1 root root   14 May 12 16:06 README.md
drwxr-xr-x 2 root root 4.0K May 12 16:06 ping-a-list-of-urls
-rwxr-xr-x 1 root root   78 May 12 16:06 java-version.sh
-rw-r--r-- 1 root root  134 May 12 16:06 java_version
-rw-r--r-- 1 root root  12K May 12 16:06 .java.sh.swp
-rw-r--r-- 1 root root  161 May 12 16:06 dockerinstall.sh
-rw-r--r-- 1 root root  12K May 12 16:06 .ansible.swp
-rw-r--r-- 1 root root  254 May 12 16:06 ansible.sh
drwxr-xr-x 2 root root 4.0K May 12 16:06 ansible
-rwxr--r-- 1 root root   70 May 12 16:09 process.sh
dr-xr-x--- 5 root root 4.0K May 12 16:22 ..
drwxr-xr-x 8 root root 4.0K May 12 16:23 .git
-rwxr-xr-x 1 root root  339 May 14 03:54 ssh1.sh
-rw-r--r-- 1 root root  12K May 14 03:57 .test.sh.swp
-rw-r--r-- 1 root root  193 May 14 04:12 jenkins.sh
-rwxr-xr-x 1 root root  268 May 14 04:18 java.sh
-rw-r--r-- 1 root root    0 May 14 04:28 typescript
-rw-r--r-- 1 root root   57 May 14 05:07 git
-rw-r--r-- 1 root root    0 May 14 05:08 id
drwxr-xr-x 6 root root 4.0K May 14 05:10 .
-rw-r--r-- 1 root root  86K May 14 05:10 test.log
Last login: Tue May 14 05:10:09 UTC 2019
total 200K
-rwxr-xr-x 1 root root  139 May 11 16:38 test.sh
-rwxr--r-- 1 root root   93 May 11 16:42 git.sh
drwxr-xr-x 4 root root 4.0K May 12 16:06 work
-rw-r--r-- 1 root root  652 May 12 16:06 ssh.sh
-rw-r--r-- 1 root root   14 May 12 16:06 README.md
drwxr-xr-x 2 root root 4.0K May 12 16:06 ping-a-list-of-urls
-rwxr-xr-x 1 root root   78 May 12 16:06 java-version.sh
-rw-r--r-- 1 root root  134 May 12 16:06 java_version
-rw-r--r-- 1 root root  12K May 12 16:06 .java.sh.swp
-rw-r--r-- 1 root root  161 May 12 16:06 dockerinstall.sh
-rw-r--r-- 1 root root  12K May 12 16:06 .ansible.swp
-rw-r--r-- 1 root root  254 May 12 16:06 ansible.sh
drwxr-xr-x 2 root root 4.0K May 12 16:06 ansible
-rwxr--r-- 1 root root   70 May 12 16:09 process.sh
dr-xr-x--- 5 root root 4.0K May 12 16:22 ..
drwxr-xr-x 8 root root 4.0K May 12 16:23 .git
-rwxr-xr-x 1 root root  339 May 14 03:54 ssh1.sh
-rw-r--r-- 1 root root  12K May 14 03:57 .test.sh.swp
-rw-r--r-- 1 root root  193 May 14 04:12 jenkins.sh
-rwxr-xr-x 1 root root  268 May 14 04:18 java.sh
-rw-r--r-- 1 root root    0 May 14 04:28 typescript
-rw-r--r-- 1 root root   57 May 14 05:07 git
-rw-r--r-- 1 root root    0 May 14 05:08 id
drwxr-xr-x 6 root root 4.0K May 14 05:10 .
-rw-r--r-- 1 root root  88K May 14 05:10 test.log
Last login: Tue May 14 05:10:09 UTC 2019
total 204K
-rwxr-xr-x 1 root root  139 May 11 16:38 test.sh
-rwxr--r-- 1 root root   93 May 11 16:42 git.sh
drwxr-xr-x 4 root root 4.0K May 12 16:06 work
-rw-r--r-- 1 root root  652 May 12 16:06 ssh.sh
-rw-r--r-- 1 root root   14 May 12 16:06 README.md
drwxr-xr-x 2 root root 4.0K May 12 16:06 ping-a-list-of-urls
-rwxr-xr-x 1 root root   78 May 12 16:06 java-version.sh
-rw-r--r-- 1 root root  134 May 12 16:06 java_version
-rw-r--r-- 1 root root  12K May 12 16:06 .java.sh.swp
-rw-r--r-- 1 root root  161 May 12 16:06 dockerinstall.sh
-rw-r--r-- 1 root root  12K May 12 16:06 .ansible.swp
-rw-r--r-- 1 root root  254 May 12 16:06 ansible.sh
drwxr-xr-x 2 root root 4.0K May 12 16:06 ansible
-rwxr--r-- 1 root root   70 May 12 16:09 process.sh
dr-xr-x--- 5 root root 4.0K May 12 16:22 ..
drwxr-xr-x 8 root root 4.0K May 12 16:23 .git
-rwxr-xr-x 1 root root  339 May 14 03:54 ssh1.sh
-rw-r--r-- 1 root root  12K May 14 03:57 .test.sh.swp
-rw-r--r-- 1 root root  193 May 14 04:12 jenkins.sh
-rwxr-xr-x 1 root root  268 May 14 04:18 java.sh
-rw-r--r-- 1 root root    0 May 14 04:28 typescript
-rw-r--r-- 1 root root   57 May 14 05:07 git
-rw-r--r-- 1 root root    0 May 14 05:08 id
drwxr-xr-x 6 root root 4.0K May 14 05:10 .
-rw-r--r-- 1 root root  89K May 14 05:10 test.log
Last login: Tue May 14 05:10:09 UTC 2019
total 204K
-rwxr-xr-x 1 root root  139 May 11 16:38 test.sh
-rwxr--r-- 1 root root   93 May 11 16:42 git.sh
drwxr-xr-x 4 root root 4.0K May 12 16:06 work
-rw-r--r-- 1 root root  652 May 12 16:06 ssh.sh
-rw-r--r-- 1 root root   14 May 12 16:06 README.md
drwxr-xr-x 2 root root 4.0K May 12 16:06 ping-a-list-of-urls
-rwxr-xr-x 1 root root   78 May 12 16:06 java-version.sh
-rw-r--r-- 1 root root  134 May 12 16:06 java_version
-rw-r--r-- 1 root root  12K May 12 16:06 .java.sh.swp
-rw-r--r-- 1 root root  161 May 12 16:06 dockerinstall.sh
-rw-r--r-- 1 root root  12K May 12 16:06 .ansible.swp
-rw-r--r-- 1 root root  254 May 12 16:06 ansible.sh
drwxr-xr-x 2 root root 4.0K May 12 16:06 ansible
-rwxr--r-- 1 root root   70 May 12 16:09 process.sh
dr-xr-x--- 5 root root 4.0K May 12 16:22 ..
drwxr-xr-x 8 root root 4.0K May 12 16:23 .git
-rwxr-xr-x 1 root root  339 May 14 03:54 ssh1.sh
-rw-r--r-- 1 root root  12K May 14 03:57 .test.sh.swp
-rw-r--r-- 1 root root  193 May 14 04:12 jenkins.sh
-rwxr-xr-x 1 root root  268 May 14 04:18 java.sh
-rw-r--r-- 1 root root    0 May 14 04:28 typescript
-rw-r--r-- 1 root root   57 May 14 05:07 git
-rw-r--r-- 1 root root    0 May 14 05:08 id
drwxr-xr-x 6 root root 4.0K May 14 05:10 .
-rw-r--r-- 1 root root  90K May 14 05:10 test.log
Last login: Tue May 14 05:10:09 UTC 2019
total 204K
-rwxr-xr-x 1 root root  139 May 11 16:38 test.sh
-rwxr--r-- 1 root root   93 May 11 16:42 git.sh
drwxr-xr-x 4 root root 4.0K May 12 16:06 work
-rw-r--r-- 1 root root  652 May 12 16:06 ssh.sh
-rw-r--r-- 1 root root   14 May 12 16:06 README.md
drwxr-xr-x 2 root root 4.0K May 12 16:06 ping-a-list-of-urls
-rwxr-xr-x 1 root root   78 May 12 16:06 java-version.sh
-rw-r--r-- 1 root root  134 May 12 16:06 java_version
-rw-r--r-- 1 root root  12K May 12 16:06 .java.sh.swp
-rw-r--r-- 1 root root  161 May 12 16:06 dockerinstall.sh
-rw-r--r-- 1 root root  12K May 12 16:06 .ansible.swp
-rw-r--r-- 1 root root  254 May 12 16:06 ansible.sh
drwxr-xr-x 2 root root 4.0K May 12 16:06 ansible
-rwxr--r-- 1 root root   70 May 12 16:09 process.sh
dr-xr-x--- 5 root root 4.0K May 12 16:22 ..
drwxr-xr-x 8 root root 4.0K May 12 16:23 .git
-rwxr-xr-x 1 root root  339 May 14 03:54 ssh1.sh
-rw-r--r-- 1 root root  12K May 14 03:57 .test.sh.swp
-rw-r--r-- 1 root root  193 May 14 04:12 jenkins.sh
-rwxr-xr-x 1 root root  268 May 14 04:18 java.sh
-rw-r--r-- 1 root root    0 May 14 04:28 typescript
-rw-r--r-- 1 root root   57 May 14 05:07 git
-rw-r--r-- 1 root root    0 May 14 05:08 id
drwxr-xr-x 6 root root 4.0K May 14 05:10 .
-rw-r--r-- 1 root root  92K May 14 05:10 test.log
Last login: Tue May 14 05:10:09 UTC 2019
total 208K
-rwxr-xr-x 1 root root  139 May 11 16:38 test.sh
-rwxr--r-- 1 root root   93 May 11 16:42 git.sh
drwxr-xr-x 4 root root 4.0K May 12 16:06 work
-rw-r--r-- 1 root root  652 May 12 16:06 ssh.sh
-rw-r--r-- 1 root root   14 May 12 16:06 README.md
drwxr-xr-x 2 root root 4.0K May 12 16:06 ping-a-list-of-urls
-rwxr-xr-x 1 root root   78 May 12 16:06 java-version.sh
-rw-r--r-- 1 root root  134 May 12 16:06 java_version
-rw-r--r-- 1 root root  12K May 12 16:06 .java.sh.swp
-rw-r--r-- 1 root root  161 May 12 16:06 dockerinstall.sh
-rw-r--r-- 1 root root  12K May 12 16:06 .ansible.swp
-rw-r--r-- 1 root root  254 May 12 16:06 ansible.sh
drwxr-xr-x 2 root root 4.0K May 12 16:06 ansible
-rwxr--r-- 1 root root   70 May 12 16:09 process.sh
dr-xr-x--- 5 root root 4.0K May 12 16:22 ..
drwxr-xr-x 8 root root 4.0K May 12 16:23 .git
-rwxr-xr-x 1 root root  339 May 14 03:54 ssh1.sh
-rw-r--r-- 1 root root  12K May 14 03:57 .test.sh.swp
-rw-r--r-- 1 root root  193 May 14 04:12 jenkins.sh
-rwxr-xr-x 1 root root  268 May 14 04:18 java.sh
-rw-r--r-- 1 root root    0 May 14 04:28 typescript
-rw-r--r-- 1 root root   57 May 14 05:07 git
-rw-r--r-- 1 root root    0 May 14 05:08 id
drwxr-xr-x 6 root root 4.0K May 14 05:10 .
-rw-r--r-- 1 root root  93K May 14 05:10 test.log
Last login: Tue May 14 05:10:09 UTC 2019
total 208K
-rwxr-xr-x 1 root root  139 May 11 16:38 test.sh
-rwxr--r-- 1 root root   93 May 11 16:42 git.sh
drwxr-xr-x 4 root root 4.0K May 12 16:06 work
-rw-r--r-- 1 root root  652 May 12 16:06 ssh.sh
-rw-r--r-- 1 root root   14 May 12 16:06 README.md
drwxr-xr-x 2 root root 4.0K May 12 16:06 ping-a-list-of-urls
-rwxr-xr-x 1 root root   78 May 12 16:06 java-version.sh
-rw-r--r-- 1 root root  134 May 12 16:06 java_version
-rw-r--r-- 1 root root  12K May 12 16:06 .java.sh.swp
-rw-r--r-- 1 root root  161 May 12 16:06 dockerinstall.sh
-rw-r--r-- 1 root root  12K May 12 16:06 .ansible.swp
-rw-r--r-- 1 root root  254 May 12 16:06 ansible.sh
drwxr-xr-x 2 root root 4.0K May 12 16:06 ansible
-rwxr--r-- 1 root root   70 May 12 16:09 process.sh
dr-xr-x--- 5 root root 4.0K May 12 16:22 ..
drwxr-xr-x 8 root root 4.0K May 12 16:23 .git
-rwxr-xr-x 1 root root  339 May 14 03:54 ssh1.sh
-rw-r--r-- 1 root root  12K May 14 03:57 .test.sh.swp
-rw-r--r-- 1 root root  193 May 14 04:12 jenkins.sh
-rwxr-xr-x 1 root root  268 May 14 04:18 java.sh
-rw-r--r-- 1 root root    0 May 14 04:28 typescript
-rw-r--r-- 1 root root   57 May 14 05:07 git
-rw-r--r-- 1 root root    0 May 14 05:08 id
drwxr-xr-x 6 root root 4.0K May 14 05:10 .
-rw-r--r-- 1 root root  94K May 14 05:10 test.log
Last login: Tue May 14 05:10:09 UTC 2019
total 208K
-rwxr-xr-x 1 root root  139 May 11 16:38 test.sh
-rwxr--r-- 1 root root   93 May 11 16:42 git.sh
drwxr-xr-x 4 root root 4.0K May 12 16:06 work
-rw-r--r-- 1 root root  652 May 12 16:06 ssh.sh
-rw-r--r-- 1 root root   14 May 12 16:06 README.md
drwxr-xr-x 2 root root 4.0K May 12 16:06 ping-a-list-of-urls
-rwxr-xr-x 1 root root   78 May 12 16:06 java-version.sh
-rw-r--r-- 1 root root  134 May 12 16:06 java_version
-rw-r--r-- 1 root root  12K May 12 16:06 .java.sh.swp
-rw-r--r-- 1 root root  161 May 12 16:06 dockerinstall.sh
-rw-r--r-- 1 root root  12K May 12 16:06 .ansible.swp
-rw-r--r-- 1 root root  254 May 12 16:06 ansible.sh
drwxr-xr-x 2 root root 4.0K May 12 16:06 ansible
-rwxr--r-- 1 root root   70 May 12 16:09 process.sh
dr-xr-x--- 5 root root 4.0K May 12 16:22 ..
drwxr-xr-x 8 root root 4.0K May 12 16:23 .git
-rwxr-xr-x 1 root root  339 May 14 03:54 ssh1.sh
-rw-r--r-- 1 root root  12K May 14 03:57 .test.sh.swp
-rw-r--r-- 1 root root  193 May 14 04:12 jenkins.sh
-rwxr-xr-x 1 root root  268 May 14 04:18 java.sh
-rw-r--r-- 1 root root    0 May 14 04:28 typescript
-rw-r--r-- 1 root root   57 May 14 05:07 git
-rw-r--r-- 1 root root    0 May 14 05:08 id
drwxr-xr-x 6 root root 4.0K May 14 05:10 .
-rw-r--r-- 1 root root  95K May 14 05:10 test.log
Last login: Tue May 14 05:10:09 UTC 2019
total 212K
-rwxr-xr-x 1 root root  139 May 11 16:38 test.sh
-rwxr--r-- 1 root root   93 May 11 16:42 git.sh
drwxr-xr-x 4 root root 4.0K May 12 16:06 work
-rw-r--r-- 1 root root  652 May 12 16:06 ssh.sh
-rw-r--r-- 1 root root   14 May 12 16:06 README.md
drwxr-xr-x 2 root root 4.0K May 12 16:06 ping-a-list-of-urls
-rwxr-xr-x 1 root root   78 May 12 16:06 java-version.sh
-rw-r--r-- 1 root root  134 May 12 16:06 java_version
-rw-r--r-- 1 root root  12K May 12 16:06 .java.sh.swp
-rw-r--r-- 1 root root  161 May 12 16:06 dockerinstall.sh
-rw-r--r-- 1 root root  12K May 12 16:06 .ansible.swp
-rw-r--r-- 1 root root  254 May 12 16:06 ansible.sh
drwxr-xr-x 2 root root 4.0K May 12 16:06 ansible
-rwxr--r-- 1 root root   70 May 12 16:09 process.sh
dr-xr-x--- 5 root root 4.0K May 12 16:22 ..
drwxr-xr-x 8 root root 4.0K May 12 16:23 .git
-rwxr-xr-x 1 root root  339 May 14 03:54 ssh1.sh
-rw-r--r-- 1 root root  12K May 14 03:57 .test.sh.swp
-rw-r--r-- 1 root root  193 May 14 04:12 jenkins.sh
-rwxr-xr-x 1 root root  268 May 14 04:18 java.sh
-rw-r--r-- 1 root root    0 May 14 04:28 typescript
-rw-r--r-- 1 root root   57 May 14 05:07 git
-rw-r--r-- 1 root root    0 May 14 05:08 id
drwxr-xr-x 6 root root 4.0K May 14 05:10 .
-rw-r--r-- 1 root root  97K May 14 05:10 test.log
Last login: Tue May 14 05:10:09 UTC 2019
total 212K
-rwxr-xr-x 1 root root  139 May 11 16:38 test.sh
-rwxr--r-- 1 root root   93 May 11 16:42 git.sh
drwxr-xr-x 4 root root 4.0K May 12 16:06 work
-rw-r--r-- 1 root root  652 May 12 16:06 ssh.sh
-rw-r--r-- 1 root root   14 May 12 16:06 README.md
drwxr-xr-x 2 root root 4.0K May 12 16:06 ping-a-list-of-urls
-rwxr-xr-x 1 root root   78 May 12 16:06 java-version.sh
-rw-r--r-- 1 root root  134 May 12 16:06 java_version
-rw-r--r-- 1 root root  12K May 12 16:06 .java.sh.swp
-rw-r--r-- 1 root root  161 May 12 16:06 dockerinstall.sh
-rw-r--r-- 1 root root  12K May 12 16:06 .ansible.swp
-rw-r--r-- 1 root root  254 May 12 16:06 ansible.sh
drwxr-xr-x 2 root root 4.0K May 12 16:06 ansible
-rwxr--r-- 1 root root   70 May 12 16:09 process.sh
dr-xr-x--- 5 root root 4.0K May 12 16:22 ..
drwxr-xr-x 8 root root 4.0K May 12 16:23 .git
-rwxr-xr-x 1 root root  339 May 14 03:54 ssh1.sh
-rw-r--r-- 1 root root  12K May 14 03:57 .test.sh.swp
-rw-r--r-- 1 root root  193 May 14 04:12 jenkins.sh
-rwxr-xr-x 1 root root  268 May 14 04:18 java.sh
-rw-r--r-- 1 root root    0 May 14 04:28 typescript
-rw-r--r-- 1 root root   57 May 14 05:07 git
-rw-r--r-- 1 root root    0 May 14 05:08 id
drwxr-xr-x 6 root root 4.0K May 14 05:10 .
-rw-r--r-- 1 root root  98K May 14 05:10 test.log
Last login: Tue May 14 05:10:09 UTC 2019
total 212K
-rwxr-xr-x 1 root root  139 May 11 16:38 test.sh
-rwxr--r-- 1 root root   93 May 11 16:42 git.sh
drwxr-xr-x 4 root root 4.0K May 12 16:06 work
-rw-r--r-- 1 root root  652 May 12 16:06 ssh.sh
-rw-r--r-- 1 root root   14 May 12 16:06 README.md
drwxr-xr-x 2 root root 4.0K May 12 16:06 ping-a-list-of-urls
-rwxr-xr-x 1 root root   78 May 12 16:06 java-version.sh
-rw-r--r-- 1 root root  134 May 12 16:06 java_version
-rw-r--r-- 1 root root  12K May 12 16:06 .java.sh.swp
-rw-r--r-- 1 root root  161 May 12 16:06 dockerinstall.sh
-rw-r--r-- 1 root root  12K May 12 16:06 .ansible.swp
-rw-r--r-- 1 root root  254 May 12 16:06 ansible.sh
drwxr-xr-x 2 root root 4.0K May 12 16:06 ansible
-rwxr--r-- 1 root root   70 May 12 16:09 process.sh
dr-xr-x--- 5 root root 4.0K May 12 16:22 ..
drwxr-xr-x 8 root root 4.0K May 12 16:23 .git
-rwxr-xr-x 1 root root  339 May 14 03:54 ssh1.sh
-rw-r--r-- 1 root root  12K May 14 03:57 .test.sh.swp
-rw-r--r-- 1 root root  193 May 14 04:12 jenkins.sh
-rwxr-xr-x 1 root root  268 May 14 04:18 java.sh
-rw-r--r-- 1 root root    0 May 14 04:28 typescript
-rw-r--r-- 1 root root   57 May 14 05:07 git
-rw-r--r-- 1 root root    0 May 14 05:08 id
drwxr-xr-x 6 root root 4.0K May 14 05:10 .
-rw-r--r-- 1 root root  99K May 14 05:10 test.log
Last login: Tue May 14 05:10:09 UTC 2019
total 216K
-rwxr-xr-x 1 root root  139 May 11 16:38 test.sh
-rwxr--r-- 1 root root   93 May 11 16:42 git.sh
drwxr-xr-x 4 root root 4.0K May 12 16:06 work
-rw-r--r-- 1 root root  652 May 12 16:06 ssh.sh
-rw-r--r-- 1 root root   14 May 12 16:06 README.md
drwxr-xr-x 2 root root 4.0K May 12 16:06 ping-a-list-of-urls
-rwxr-xr-x 1 root root   78 May 12 16:06 java-version.sh
-rw-r--r-- 1 root root  134 May 12 16:06 java_version
-rw-r--r-- 1 root root  12K May 12 16:06 .java.sh.swp
-rw-r--r-- 1 root root  161 May 12 16:06 dockerinstall.sh
-rw-r--r-- 1 root root  12K May 12 16:06 .ansible.swp
-rw-r--r-- 1 root root  254 May 12 16:06 ansible.sh
drwxr-xr-x 2 root root 4.0K May 12 16:06 ansible
-rwxr--r-- 1 root root   70 May 12 16:09 process.sh
dr-xr-x--- 5 root root 4.0K May 12 16:22 ..
drwxr-xr-x 8 root root 4.0K May 12 16:23 .git
-rwxr-xr-x 1 root root  339 May 14 03:54 ssh1.sh
-rw-r--r-- 1 root root  12K May 14 03:57 .test.sh.swp
-rw-r--r-- 1 root root  193 May 14 04:12 jenkins.sh
-rwxr-xr-x 1 root root  268 May 14 04:18 java.sh
-rw-r--r-- 1 root root    0 May 14 04:28 typescript
-rw-r--r-- 1 root root   57 May 14 05:07 git
-rw-r--r-- 1 root root    0 May 14 05:08 id
drwxr-xr-x 6 root root 4.0K May 14 05:10 .
-rw-r--r-- 1 root root 101K May 14 05:10 test.log
Last login: Tue May 14 05:10:09 UTC 2019
total 216K
-rwxr-xr-x 1 root root  139 May 11 16:38 test.sh
-rwxr--r-- 1 root root   93 May 11 16:42 git.sh
drwxr-xr-x 4 root root 4.0K May 12 16:06 work
-rw-r--r-- 1 root root  652 May 12 16:06 ssh.sh
-rw-r--r-- 1 root root   14 May 12 16:06 README.md
drwxr-xr-x 2 root root 4.0K May 12 16:06 ping-a-list-of-urls
-rwxr-xr-x 1 root root   78 May 12 16:06 java-version.sh
-rw-r--r-- 1 root root  134 May 12 16:06 java_version
-rw-r--r-- 1 root root  12K May 12 16:06 .java.sh.swp
-rw-r--r-- 1 root root  161 May 12 16:06 dockerinstall.sh
-rw-r--r-- 1 root root  12K May 12 16:06 .ansible.swp
-rw-r--r-- 1 root root  254 May 12 16:06 ansible.sh
drwxr-xr-x 2 root root 4.0K May 12 16:06 ansible
-rwxr--r-- 1 root root   70 May 12 16:09 process.sh
dr-xr-x--- 5 root root 4.0K May 12 16:22 ..
drwxr-xr-x 8 root root 4.0K May 12 16:23 .git
-rwxr-xr-x 1 root root  339 May 14 03:54 ssh1.sh
-rw-r--r-- 1 root root  12K May 14 03:57 .test.sh.swp
-rw-r--r-- 1 root root  193 May 14 04:12 jenkins.sh
-rwxr-xr-x 1 root root  268 May 14 04:18 java.sh
-rw-r--r-- 1 root root    0 May 14 04:28 typescript
-rw-r--r-- 1 root root   57 May 14 05:07 git
-rw-r--r-- 1 root root    0 May 14 05:08 id
drwxr-xr-x 6 root root 4.0K May 14 05:10 .
-rw-r--r-- 1 root root 102K May 14 05:10 test.log
Last login: Tue May 14 05:10:09 UTC 2019
total 216K
-rwxr-xr-x 1 root root  139 May 11 16:38 test.sh
-rwxr--r-- 1 root root   93 May 11 16:42 git.sh
drwxr-xr-x 4 root root 4.0K May 12 16:06 work
-rw-r--r-- 1 root root  652 May 12 16:06 ssh.sh
-rw-r--r-- 1 root root   14 May 12 16:06 README.md
drwxr-xr-x 2 root root 4.0K May 12 16:06 ping-a-list-of-urls
-rwxr-xr-x 1 root root   78 May 12 16:06 java-version.sh
-rw-r--r-- 1 root root  134 May 12 16:06 java_version
-rw-r--r-- 1 root root  12K May 12 16:06 .java.sh.swp
-rw-r--r-- 1 root root  161 May 12 16:06 dockerinstall.sh
-rw-r--r-- 1 root root  12K May 12 16:06 .ansible.swp
-rw-r--r-- 1 root root  254 May 12 16:06 ansible.sh
drwxr-xr-x 2 root root 4.0K May 12 16:06 ansible
-rwxr--r-- 1 root root   70 May 12 16:09 process.sh
dr-xr-x--- 5 root root 4.0K May 12 16:22 ..
drwxr-xr-x 8 root root 4.0K May 12 16:23 .git
-rwxr-xr-x 1 root root  339 May 14 03:54 ssh1.sh
-rw-r--r-- 1 root root  12K May 14 03:57 .test.sh.swp
-rw-r--r-- 1 root root  193 May 14 04:12 jenkins.sh
-rwxr-xr-x 1 root root  268 May 14 04:18 java.sh
-rw-r--r-- 1 root root    0 May 14 04:28 typescript
-rw-r--r-- 1 root root   57 May 14 05:07 git
-rw-r--r-- 1 root root    0 May 14 05:08 id
drwxr-xr-x 6 root root 4.0K May 14 05:10 .
-rw-r--r-- 1 root root 103K May 14 05:10 test.log
Last login: Tue May 14 05:10:09 UTC 2019
total 216K
-rwxr-xr-x 1 root root  139 May 11 16:38 test.sh
-rwxr--r-- 1 root root   93 May 11 16:42 git.sh
drwxr-xr-x 4 root root 4.0K May 12 16:06 work
-rw-r--r-- 1 root root  652 May 12 16:06 ssh.sh
-rw-r--r-- 1 root root   14 May 12 16:06 README.md
drwxr-xr-x 2 root root 4.0K May 12 16:06 ping-a-list-of-urls
-rwxr-xr-x 1 root root   78 May 12 16:06 java-version.sh
-rw-r--r-- 1 root root  134 May 12 16:06 java_version
-rw-r--r-- 1 root root  12K May 12 16:06 .java.sh.swp
-rw-r--r-- 1 root root  161 May 12 16:06 dockerinstall.sh
-rw-r--r-- 1 root root  12K May 12 16:06 .ansible.swp
-rw-r--r-- 1 root root  254 May 12 16:06 ansible.sh
drwxr-xr-x 2 root root 4.0K May 12 16:06 ansible
-rwxr--r-- 1 root root   70 May 12 16:09 process.sh
dr-xr-x--- 5 root root 4.0K May 12 16:22 ..
drwxr-xr-x 8 root root 4.0K May 12 16:23 .git
-rwxr-xr-x 1 root root  339 May 14 03:54 ssh1.sh
-rw-r--r-- 1 root root  12K May 14 03:57 .test.sh.swp
-rw-r--r-- 1 root root  193 May 14 04:12 jenkins.sh
-rwxr-xr-x 1 root root  268 May 14 04:18 java.sh
-rw-r--r-- 1 root root    0 May 14 04:28 typescript
-rw-r--r-- 1 root root   57 May 14 05:07 git
-rw-r--r-- 1 root root    0 May 14 05:08 id
drwxr-xr-x 6 root root 4.0K May 14 05:10 .
-rw-r--r-- 1 root root 104K May 14 05:10 test.log
Last login: Tue May 14 05:10:09 UTC 2019
total 220K
-rwxr-xr-x 1 root root  139 May 11 16:38 test.sh
-rwxr--r-- 1 root root   93 May 11 16:42 git.sh
drwxr-xr-x 4 root root 4.0K May 12 16:06 work
-rw-r--r-- 1 root root  652 May 12 16:06 ssh.sh
-rw-r--r-- 1 root root   14 May 12 16:06 README.md
drwxr-xr-x 2 root root 4.0K May 12 16:06 ping-a-list-of-urls
-rwxr-xr-x 1 root root   78 May 12 16:06 java-version.sh
-rw-r--r-- 1 root root  134 May 12 16:06 java_version
-rw-r--r-- 1 root root  12K May 12 16:06 .java.sh.swp
-rw-r--r-- 1 root root  161 May 12 16:06 dockerinstall.sh
-rw-r--r-- 1 root root  12K May 12 16:06 .ansible.swp
-rw-r--r-- 1 root root  254 May 12 16:06 ansible.sh
drwxr-xr-x 2 root root 4.0K May 12 16:06 ansible
-rwxr--r-- 1 root root   70 May 12 16:09 process.sh
dr-xr-x--- 5 root root 4.0K May 12 16:22 ..
drwxr-xr-x 8 root root 4.0K May 12 16:23 .git
-rwxr-xr-x 1 root root  339 May 14 03:54 ssh1.sh
-rw-r--r-- 1 root root  12K May 14 03:57 .test.sh.swp
-rw-r--r-- 1 root root  193 May 14 04:12 jenkins.sh
-rwxr-xr-x 1 root root  268 May 14 04:18 java.sh
-rw-r--r-- 1 root root    0 May 14 04:28 typescript
-rw-r--r-- 1 root root   57 May 14 05:07 git
-rw-r--r-- 1 root root    0 May 14 05:08 id
drwxr-xr-x 6 root root 4.0K May 14 05:10 .
-rw-r--r-- 1 root root 106K May 14 05:10 test.log
Last login: Tue May 14 05:10:09 UTC 2019
total 220K
-rwxr-xr-x 1 root root  139 May 11 16:38 test.sh
-rwxr--r-- 1 root root   93 May 11 16:42 git.sh
drwxr-xr-x 4 root root 4.0K May 12 16:06 work
-rw-r--r-- 1 root root  652 May 12 16:06 ssh.sh
-rw-r--r-- 1 root root   14 May 12 16:06 README.md
drwxr-xr-x 2 root root 4.0K May 12 16:06 ping-a-list-of-urls
-rwxr-xr-x 1 root root   78 May 12 16:06 java-version.sh
-rw-r--r-- 1 root root  134 May 12 16:06 java_version
-rw-r--r-- 1 root root  12K May 12 16:06 .java.sh.swp
-rw-r--r-- 1 root root  161 May 12 16:06 dockerinstall.sh
-rw-r--r-- 1 root root  12K May 12 16:06 .ansible.swp
-rw-r--r-- 1 root root  254 May 12 16:06 ansible.sh
drwxr-xr-x 2 root root 4.0K May 12 16:06 ansible
-rwxr--r-- 1 root root   70 May 12 16:09 process.sh
dr-xr-x--- 5 root root 4.0K May 12 16:22 ..
drwxr-xr-x 8 root root 4.0K May 12 16:23 .git
-rwxr-xr-x 1 root root  339 May 14 03:54 ssh1.sh
-rw-r--r-- 1 root root  12K May 14 03:57 .test.sh.swp
-rw-r--r-- 1 root root  193 May 14 04:12 jenkins.sh
-rwxr-xr-x 1 root root  268 May 14 04:18 java.sh
-rw-r--r-- 1 root root    0 May 14 04:28 typescript
-rw-r--r-- 1 root root   57 May 14 05:07 git
-rw-r--r-- 1 root root    0 May 14 05:08 id
drwxr-xr-x 6 root root 4.0K May 14 05:10 .
-rw-r--r-- 1 root root 107K May 14 05:10 test.log
Last login: Tue May 14 05:10:09 UTC 2019
total 220K
-rwxr-xr-x 1 root root  139 May 11 16:38 test.sh
-rwxr--r-- 1 root root   93 May 11 16:42 git.sh
drwxr-xr-x 4 root root 4.0K May 12 16:06 work
-rw-r--r-- 1 root root  652 May 12 16:06 ssh.sh
-rw-r--r-- 1 root root   14 May 12 16:06 README.md
drwxr-xr-x 2 root root 4.0K May 12 16:06 ping-a-list-of-urls
-rwxr-xr-x 1 root root   78 May 12 16:06 java-version.sh
-rw-r--r-- 1 root root  134 May 12 16:06 java_version
-rw-r--r-- 1 root root  12K May 12 16:06 .java.sh.swp
-rw-r--r-- 1 root root  161 May 12 16:06 dockerinstall.sh
-rw-r--r-- 1 root root  12K May 12 16:06 .ansible.swp
-rw-r--r-- 1 root root  254 May 12 16:06 ansible.sh
drwxr-xr-x 2 root root 4.0K May 12 16:06 ansible
-rwxr--r-- 1 root root   70 May 12 16:09 process.sh
dr-xr-x--- 5 root root 4.0K May 12 16:22 ..
drwxr-xr-x 8 root root 4.0K May 12 16:23 .git
-rwxr-xr-x 1 root root  339 May 14 03:54 ssh1.sh
-rw-r--r-- 1 root root  12K May 14 03:57 .test.sh.swp
-rw-r--r-- 1 root root  193 May 14 04:12 jenkins.sh
-rwxr-xr-x 1 root root  268 May 14 04:18 java.sh
-rw-r--r-- 1 root root    0 May 14 04:28 typescript
-rw-r--r-- 1 root root   57 May 14 05:07 git
-rw-r--r-- 1 root root    0 May 14 05:08 id
drwxr-xr-x 6 root root 4.0K May 14 05:10 .
-rw-r--r-- 1 root root 108K May 14 05:10 test.log
Last login: Tue May 14 05:10:09 UTC 2019
total 224K
-rwxr-xr-x 1 root root  139 May 11 16:38 test.sh
-rwxr--r-- 1 root root   93 May 11 16:42 git.sh
drwxr-xr-x 4 root root 4.0K May 12 16:06 work
-rw-r--r-- 1 root root  652 May 12 16:06 ssh.sh
-rw-r--r-- 1 root root   14 May 12 16:06 README.md
drwxr-xr-x 2 root root 4.0K May 12 16:06 ping-a-list-of-urls
-rwxr-xr-x 1 root root   78 May 12 16:06 java-version.sh
-rw-r--r-- 1 root root  134 May 12 16:06 java_version
-rw-r--r-- 1 root root  12K May 12 16:06 .java.sh.swp
-rw-r--r-- 1 root root  161 May 12 16:06 dockerinstall.sh
-rw-r--r-- 1 root root  12K May 12 16:06 .ansible.swp
-rw-r--r-- 1 root root  254 May 12 16:06 ansible.sh
drwxr-xr-x 2 root root 4.0K May 12 16:06 ansible
-rwxr--r-- 1 root root   70 May 12 16:09 process.sh
dr-xr-x--- 5 root root 4.0K May 12 16:22 ..
drwxr-xr-x 8 root root 4.0K May 12 16:23 .git
-rwxr-xr-x 1 root root  339 May 14 03:54 ssh1.sh
-rw-r--r-- 1 root root  12K May 14 03:57 .test.sh.swp
-rw-r--r-- 1 root root  193 May 14 04:12 jenkins.sh
-rwxr-xr-x 1 root root  268 May 14 04:18 java.sh
-rw-r--r-- 1 root root    0 May 14 04:28 typescript
-rw-r--r-- 1 root root   57 May 14 05:07 git
-rw-r--r-- 1 root root    0 May 14 05:08 id
drwxr-xr-x 6 root root 4.0K May 14 05:10 .
-rw-r--r-- 1 root root 110K May 14 05:10 test.log
Last login: Tue May 14 05:10:09 UTC 2019
total 224K
-rwxr-xr-x 1 root root  139 May 11 16:38 test.sh
-rwxr--r-- 1 root root   93 May 11 16:42 git.sh
drwxr-xr-x 4 root root 4.0K May 12 16:06 work
-rw-r--r-- 1 root root  652 May 12 16:06 ssh.sh
-rw-r--r-- 1 root root   14 May 12 16:06 README.md
drwxr-xr-x 2 root root 4.0K May 12 16:06 ping-a-list-of-urls
-rwxr-xr-x 1 root root   78 May 12 16:06 java-version.sh
-rw-r--r-- 1 root root  134 May 12 16:06 java_version
-rw-r--r-- 1 root root  12K May 12 16:06 .java.sh.swp
-rw-r--r-- 1 root root  161 May 12 16:06 dockerinstall.sh
-rw-r--r-- 1 root root  12K May 12 16:06 .ansible.swp
-rw-r--r-- 1 root root  254 May 12 16:06 ansible.sh
drwxr-xr-x 2 root root 4.0K May 12 16:06 ansible
-rwxr--r-- 1 root root   70 May 12 16:09 process.sh
dr-xr-x--- 5 root root 4.0K May 12 16:22 ..
drwxr-xr-x 8 root root 4.0K May 12 16:23 .git
-rwxr-xr-x 1 root root  339 May 14 03:54 ssh1.sh
-rw-r--r-- 1 root root  12K May 14 03:57 .test.sh.swp
-rw-r--r-- 1 root root  193 May 14 04:12 jenkins.sh
-rwxr-xr-x 1 root root  268 May 14 04:18 java.sh
-rw-r--r-- 1 root root    0 May 14 04:28 typescript
-rw-r--r-- 1 root root   57 May 14 05:07 git
-rw-r--r-- 1 root root    0 May 14 05:08 id
drwxr-xr-x 6 root root 4.0K May 14 05:10 .
-rw-r--r-- 1 root root 111K May 14 05:10 test.log
Last login: Tue May 14 05:10:09 UTC 2019
total 224K
-rwxr-xr-x 1 root root  139 May 11 16:38 test.sh
-rwxr--r-- 1 root root   93 May 11 16:42 git.sh
drwxr-xr-x 4 root root 4.0K May 12 16:06 work
-rw-r--r-- 1 root root  652 May 12 16:06 ssh.sh
-rw-r--r-- 1 root root   14 May 12 16:06 README.md
drwxr-xr-x 2 root root 4.0K May 12 16:06 ping-a-list-of-urls
-rwxr-xr-x 1 root root   78 May 12 16:06 java-version.sh
-rw-r--r-- 1 root root  134 May 12 16:06 java_version
-rw-r--r-- 1 root root  12K May 12 16:06 .java.sh.swp
-rw-r--r-- 1 root root  161 May 12 16:06 dockerinstall.sh
-rw-r--r-- 1 root root  12K May 12 16:06 .ansible.swp
-rw-r--r-- 1 root root  254 May 12 16:06 ansible.sh
drwxr-xr-x 2 root root 4.0K May 12 16:06 ansible
-rwxr--r-- 1 root root   70 May 12 16:09 process.sh
dr-xr-x--- 5 root root 4.0K May 12 16:22 ..
drwxr-xr-x 8 root root 4.0K May 12 16:23 .git
-rwxr-xr-x 1 root root  339 May 14 03:54 ssh1.sh
-rw-r--r-- 1 root root  12K May 14 03:57 .test.sh.swp
-rw-r--r-- 1 root root  193 May 14 04:12 jenkins.sh
-rwxr-xr-x 1 root root  268 May 14 04:18 java.sh
-rw-r--r-- 1 root root    0 May 14 04:28 typescript
-rw-r--r-- 1 root root   57 May 14 05:07 git
-rw-r--r-- 1 root root    0 May 14 05:08 id
drwxr-xr-x 6 root root 4.0K May 14 05:10 .
-rw-r--r-- 1 root root 112K May 14 05:10 test.log
Last login: Tue May 14 05:10:09 UTC 2019
total 228K
-rwxr-xr-x 1 root root  139 May 11 16:38 test.sh
-rwxr--r-- 1 root root   93 May 11 16:42 git.sh
drwxr-xr-x 4 root root 4.0K May 12 16:06 work
-rw-r--r-- 1 root root  652 May 12 16:06 ssh.sh
-rw-r--r-- 1 root root   14 May 12 16:06 README.md
drwxr-xr-x 2 root root 4.0K May 12 16:06 ping-a-list-of-urls
-rwxr-xr-x 1 root root   78 May 12 16:06 java-version.sh
-rw-r--r-- 1 root root  134 May 12 16:06 java_version
-rw-r--r-- 1 root root  12K May 12 16:06 .java.sh.swp
-rw-r--r-- 1 root root  161 May 12 16:06 dockerinstall.sh
-rw-r--r-- 1 root root  12K May 12 16:06 .ansible.swp
-rw-r--r-- 1 root root  254 May 12 16:06 ansible.sh
drwxr-xr-x 2 root root 4.0K May 12 16:06 ansible
-rwxr--r-- 1 root root   70 May 12 16:09 process.sh
dr-xr-x--- 5 root root 4.0K May 12 16:22 ..
drwxr-xr-x 8 root root 4.0K May 12 16:23 .git
-rwxr-xr-x 1 root root  339 May 14 03:54 ssh1.sh
-rw-r--r-- 1 root root  12K May 14 03:57 .test.sh.swp
-rw-r--r-- 1 root root  193 May 14 04:12 jenkins.sh
-rwxr-xr-x 1 root root  268 May 14 04:18 java.sh
-rw-r--r-- 1 root root    0 May 14 04:28 typescript
-rw-r--r-- 1 root root   57 May 14 05:07 git
-rw-r--r-- 1 root root    0 May 14 05:08 id
drwxr-xr-x 6 root root 4.0K May 14 05:10 .
-rw-r--r-- 1 root root 113K May 14 05:10 test.log
Last login: Tue May 14 05:10:09 UTC 2019
total 228K
-rwxr-xr-x 1 root root  139 May 11 16:38 test.sh
-rwxr--r-- 1 root root   93 May 11 16:42 git.sh
drwxr-xr-x 4 root root 4.0K May 12 16:06 work
-rw-r--r-- 1 root root  652 May 12 16:06 ssh.sh
-rw-r--r-- 1 root root   14 May 12 16:06 README.md
drwxr-xr-x 2 root root 4.0K May 12 16:06 ping-a-list-of-urls
-rwxr-xr-x 1 root root   78 May 12 16:06 java-version.sh
-rw-r--r-- 1 root root  134 May 12 16:06 java_version
-rw-r--r-- 1 root root  12K May 12 16:06 .java.sh.swp
-rw-r--r-- 1 root root  161 May 12 16:06 dockerinstall.sh
-rw-r--r-- 1 root root  12K May 12 16:06 .ansible.swp
-rw-r--r-- 1 root root  254 May 12 16:06 ansible.sh
drwxr-xr-x 2 root root 4.0K May 12 16:06 ansible
-rwxr--r-- 1 root root   70 May 12 16:09 process.sh
dr-xr-x--- 5 root root 4.0K May 12 16:22 ..
drwxr-xr-x 8 root root 4.0K May 12 16:23 .git
-rwxr-xr-x 1 root root  339 May 14 03:54 ssh1.sh
-rw-r--r-- 1 root root  12K May 14 03:57 .test.sh.swp
-rw-r--r-- 1 root root  193 May 14 04:12 jenkins.sh
-rwxr-xr-x 1 root root  268 May 14 04:18 java.sh
-rw-r--r-- 1 root root    0 May 14 04:28 typescript
-rw-r--r-- 1 root root   57 May 14 05:07 git
-rw-r--r-- 1 root root    0 May 14 05:08 id
drwxr-xr-x 6 root root 4.0K May 14 05:10 .
-rw-r--r-- 1 root root 115K May 14 05:10 test.log
Last login: Tue May 14 05:10:09 UTC 2019
total 228K
-rwxr-xr-x 1 root root  139 May 11 16:38 test.sh
-rwxr--r-- 1 root root   93 May 11 16:42 git.sh
drwxr-xr-x 4 root root 4.0K May 12 16:06 work
-rw-r--r-- 1 root root  652 May 12 16:06 ssh.sh
-rw-r--r-- 1 root root   14 May 12 16:06 README.md
drwxr-xr-x 2 root root 4.0K May 12 16:06 ping-a-list-of-urls
-rwxr-xr-x 1 root root   78 May 12 16:06 java-version.sh
-rw-r--r-- 1 root root  134 May 12 16:06 java_version
-rw-r--r-- 1 root root  12K May 12 16:06 .java.sh.swp
-rw-r--r-- 1 root root  161 May 12 16:06 dockerinstall.sh
-rw-r--r-- 1 root root  12K May 12 16:06 .ansible.swp
-rw-r--r-- 1 root root  254 May 12 16:06 ansible.sh
drwxr-xr-x 2 root root 4.0K May 12 16:06 ansible
-rwxr--r-- 1 root root   70 May 12 16:09 process.sh
dr-xr-x--- 5 root root 4.0K May 12 16:22 ..
drwxr-xr-x 8 root root 4.0K May 12 16:23 .git
-rwxr-xr-x 1 root root  339 May 14 03:54 ssh1.sh
-rw-r--r-- 1 root root  12K May 14 03:57 .test.sh.swp
-rw-r--r-- 1 root root  193 May 14 04:12 jenkins.sh
-rwxr-xr-x 1 root root  268 May 14 04:18 java.sh
-rw-r--r-- 1 root root    0 May 14 04:28 typescript
-rw-r--r-- 1 root root   57 May 14 05:07 git
-rw-r--r-- 1 root root    0 May 14 05:08 id
drwxr-xr-x 6 root root 4.0K May 14 05:10 .
-rw-r--r-- 1 root root 116K May 14 05:10 test.log
Last login: Tue May 14 05:10:09 UTC 2019
total 232K
-rwxr-xr-x 1 root root  139 May 11 16:38 test.sh
-rwxr--r-- 1 root root   93 May 11 16:42 git.sh
drwxr-xr-x 4 root root 4.0K May 12 16:06 work
-rw-r--r-- 1 root root  652 May 12 16:06 ssh.sh
-rw-r--r-- 1 root root   14 May 12 16:06 README.md
drwxr-xr-x 2 root root 4.0K May 12 16:06 ping-a-list-of-urls
-rwxr-xr-x 1 root root   78 May 12 16:06 java-version.sh
-rw-r--r-- 1 root root  134 May 12 16:06 java_version
-rw-r--r-- 1 root root  12K May 12 16:06 .java.sh.swp
-rw-r--r-- 1 root root  161 May 12 16:06 dockerinstall.sh
-rw-r--r-- 1 root root  12K May 12 16:06 .ansible.swp
-rw-r--r-- 1 root root  254 May 12 16:06 ansible.sh
drwxr-xr-x 2 root root 4.0K May 12 16:06 ansible
-rwxr--r-- 1 root root   70 May 12 16:09 process.sh
dr-xr-x--- 5 root root 4.0K May 12 16:22 ..
drwxr-xr-x 8 root root 4.0K May 12 16:23 .git
-rwxr-xr-x 1 root root  339 May 14 03:54 ssh1.sh
-rw-r--r-- 1 root root  12K May 14 03:57 .test.sh.swp
-rw-r--r-- 1 root root  193 May 14 04:12 jenkins.sh
-rwxr-xr-x 1 root root  268 May 14 04:18 java.sh
-rw-r--r-- 1 root root    0 May 14 04:28 typescript
-rw-r--r-- 1 root root   57 May 14 05:07 git
-rw-r--r-- 1 root root    0 May 14 05:08 id
drwxr-xr-x 6 root root 4.0K May 14 05:10 .
-rw-r--r-- 1 root root 117K May 14 05:10 test.log
Last login: Tue May 14 05:10:09 UTC 2019
total 232K
-rwxr-xr-x 1 root root  139 May 11 16:38 test.sh
-rwxr--r-- 1 root root   93 May 11 16:42 git.sh
drwxr-xr-x 4 root root 4.0K May 12 16:06 work
-rw-r--r-- 1 root root  652 May 12 16:06 ssh.sh
-rw-r--r-- 1 root root   14 May 12 16:06 README.md
drwxr-xr-x 2 root root 4.0K May 12 16:06 ping-a-list-of-urls
-rwxr-xr-x 1 root root   78 May 12 16:06 java-version.sh
-rw-r--r-- 1 root root  134 May 12 16:06 java_version
-rw-r--r-- 1 root root  12K May 12 16:06 .java.sh.swp
-rw-r--r-- 1 root root  161 May 12 16:06 dockerinstall.sh
-rw-r--r-- 1 root root  12K May 12 16:06 .ansible.swp
-rw-r--r-- 1 root root  254 May 12 16:06 ansible.sh
drwxr-xr-x 2 root root 4.0K May 12 16:06 ansible
-rwxr--r-- 1 root root   70 May 12 16:09 process.sh
dr-xr-x--- 5 root root 4.0K May 12 16:22 ..
drwxr-xr-x 8 root root 4.0K May 12 16:23 .git
-rwxr-xr-x 1 root root  339 May 14 03:54 ssh1.sh
-rw-r--r-- 1 root root  12K May 14 03:57 .test.sh.swp
-rw-r--r-- 1 root root  193 May 14 04:12 jenkins.sh
-rwxr-xr-x 1 root root  268 May 14 04:18 java.sh
-rw-r--r-- 1 root root    0 May 14 04:28 typescript
-rw-r--r-- 1 root root   57 May 14 05:07 git
-rw-r--r-- 1 root root    0 May 14 05:08 id
drwxr-xr-x 6 root root 4.0K May 14 05:10 .
-rw-r--r-- 1 root root 119K May 14 05:10 test.log
Last login: Tue May 14 05:10:09 UTC 2019
total 232K
-rwxr-xr-x 1 root root  139 May 11 16:38 test.sh
-rwxr--r-- 1 root root   93 May 11 16:42 git.sh
drwxr-xr-x 4 root root 4.0K May 12 16:06 work
-rw-r--r-- 1 root root  652 May 12 16:06 ssh.sh
-rw-r--r-- 1 root root   14 May 12 16:06 README.md
drwxr-xr-x 2 root root 4.0K May 12 16:06 ping-a-list-of-urls
-rwxr-xr-x 1 root root   78 May 12 16:06 java-version.sh
-rw-r--r-- 1 root root  134 May 12 16:06 java_version
-rw-r--r-- 1 root root  12K May 12 16:06 .java.sh.swp
-rw-r--r-- 1 root root  161 May 12 16:06 dockerinstall.sh
-rw-r--r-- 1 root root  12K May 12 16:06 .ansible.swp
-rw-r--r-- 1 root root  254 May 12 16:06 ansible.sh
drwxr-xr-x 2 root root 4.0K May 12 16:06 ansible
-rwxr--r-- 1 root root   70 May 12 16:09 process.sh
dr-xr-x--- 5 root root 4.0K May 12 16:22 ..
drwxr-xr-x 8 root root 4.0K May 12 16:23 .git
-rwxr-xr-x 1 root root  339 May 14 03:54 ssh1.sh
-rw-r--r-- 1 root root  12K May 14 03:57 .test.sh.swp
-rw-r--r-- 1 root root  193 May 14 04:12 jenkins.sh
-rwxr-xr-x 1 root root  268 May 14 04:18 java.sh
-rw-r--r-- 1 root root    0 May 14 04:28 typescript
-rw-r--r-- 1 root root   57 May 14 05:07 git
-rw-r--r-- 1 root root    0 May 14 05:08 id
drwxr-xr-x 6 root root 4.0K May 14 05:10 .
-rw-r--r-- 1 root root 120K May 14 05:10 test.log
Last login: Tue May 14 05:10:09 UTC 2019
total 236K
-rwxr-xr-x 1 root root  139 May 11 16:38 test.sh
-rwxr--r-- 1 root root   93 May 11 16:42 git.sh
drwxr-xr-x 4 root root 4.0K May 12 16:06 work
-rw-r--r-- 1 root root  652 May 12 16:06 ssh.sh
-rw-r--r-- 1 root root   14 May 12 16:06 README.md
drwxr-xr-x 2 root root 4.0K May 12 16:06 ping-a-list-of-urls
-rwxr-xr-x 1 root root   78 May 12 16:06 java-version.sh
-rw-r--r-- 1 root root  134 May 12 16:06 java_version
-rw-r--r-- 1 root root  12K May 12 16:06 .java.sh.swp
-rw-r--r-- 1 root root  161 May 12 16:06 dockerinstall.sh
-rw-r--r-- 1 root root  12K May 12 16:06 .ansible.swp
-rw-r--r-- 1 root root  254 May 12 16:06 ansible.sh
drwxr-xr-x 2 root root 4.0K May 12 16:06 ansible
-rwxr--r-- 1 root root   70 May 12 16:09 process.sh
dr-xr-x--- 5 root root 4.0K May 12 16:22 ..
drwxr-xr-x 8 root root 4.0K May 12 16:23 .git
-rwxr-xr-x 1 root root  339 May 14 03:54 ssh1.sh
-rw-r--r-- 1 root root  12K May 14 03:57 .test.sh.swp
-rw-r--r-- 1 root root  193 May 14 04:12 jenkins.sh
-rwxr-xr-x 1 root root  268 May 14 04:18 java.sh
-rw-r--r-- 1 root root    0 May 14 04:28 typescript
-rw-r--r-- 1 root root   57 May 14 05:07 git
-rw-r--r-- 1 root root    0 May 14 05:08 id
drwxr-xr-x 6 root root 4.0K May 14 05:10 .
-rw-r--r-- 1 root root 121K May 14 05:10 test.log
Last login: Tue May 14 05:10:09 UTC 2019
total 236K
-rwxr-xr-x 1 root root  139 May 11 16:38 test.sh
-rwxr--r-- 1 root root   93 May 11 16:42 git.sh
drwxr-xr-x 4 root root 4.0K May 12 16:06 work
-rw-r--r-- 1 root root  652 May 12 16:06 ssh.sh
-rw-r--r-- 1 root root   14 May 12 16:06 README.md
drwxr-xr-x 2 root root 4.0K May 12 16:06 ping-a-list-of-urls
-rwxr-xr-x 1 root root   78 May 12 16:06 java-version.sh
-rw-r--r-- 1 root root  134 May 12 16:06 java_version
-rw-r--r-- 1 root root  12K May 12 16:06 .java.sh.swp
-rw-r--r-- 1 root root  161 May 12 16:06 dockerinstall.sh
-rw-r--r-- 1 root root  12K May 12 16:06 .ansible.swp
-rw-r--r-- 1 root root  254 May 12 16:06 ansible.sh
drwxr-xr-x 2 root root 4.0K May 12 16:06 ansible
-rwxr--r-- 1 root root   70 May 12 16:09 process.sh
dr-xr-x--- 5 root root 4.0K May 12 16:22 ..
drwxr-xr-x 8 root root 4.0K May 12 16:23 .git
-rwxr-xr-x 1 root root  339 May 14 03:54 ssh1.sh
-rw-r--r-- 1 root root  12K May 14 03:57 .test.sh.swp
-rw-r--r-- 1 root root  193 May 14 04:12 jenkins.sh
-rwxr-xr-x 1 root root  268 May 14 04:18 java.sh
-rw-r--r-- 1 root root    0 May 14 04:28 typescript
-rw-r--r-- 1 root root   57 May 14 05:07 git
-rw-r--r-- 1 root root    0 May 14 05:08 id
drwxr-xr-x 6 root root 4.0K May 14 05:10 .
-rw-r--r-- 1 root root 122K May 14 05:10 test.log
Last login: Tue May 14 05:10:09 UTC 2019
total 236K
-rwxr-xr-x 1 root root  139 May 11 16:38 test.sh
-rwxr--r-- 1 root root   93 May 11 16:42 git.sh
drwxr-xr-x 4 root root 4.0K May 12 16:06 work
-rw-r--r-- 1 root root  652 May 12 16:06 ssh.sh
-rw-r--r-- 1 root root   14 May 12 16:06 README.md
drwxr-xr-x 2 root root 4.0K May 12 16:06 ping-a-list-of-urls
-rwxr-xr-x 1 root root   78 May 12 16:06 java-version.sh
-rw-r--r-- 1 root root  134 May 12 16:06 java_version
-rw-r--r-- 1 root root  12K May 12 16:06 .java.sh.swp
-rw-r--r-- 1 root root  161 May 12 16:06 dockerinstall.sh
-rw-r--r-- 1 root root  12K May 12 16:06 .ansible.swp
-rw-r--r-- 1 root root  254 May 12 16:06 ansible.sh
drwxr-xr-x 2 root root 4.0K May 12 16:06 ansible
-rwxr--r-- 1 root root   70 May 12 16:09 process.sh
dr-xr-x--- 5 root root 4.0K May 12 16:22 ..
drwxr-xr-x 8 root root 4.0K May 12 16:23 .git
-rwxr-xr-x 1 root root  339 May 14 03:54 ssh1.sh
-rw-r--r-- 1 root root  12K May 14 03:57 .test.sh.swp
-rw-r--r-- 1 root root  193 May 14 04:12 jenkins.sh
-rwxr-xr-x 1 root root  268 May 14 04:18 java.sh
-rw-r--r-- 1 root root    0 May 14 04:28 typescript
-rw-r--r-- 1 root root   57 May 14 05:07 git
-rw-r--r-- 1 root root    0 May 14 05:08 id
drwxr-xr-x 6 root root 4.0K May 14 05:10 .
-rw-r--r-- 1 root root 124K May 14 05:10 test.log
Last login: Tue May 14 05:10:09 UTC 2019
total 240K
-rwxr-xr-x 1 root root  139 May 11 16:38 test.sh
-rwxr--r-- 1 root root   93 May 11 16:42 git.sh
drwxr-xr-x 4 root root 4.0K May 12 16:06 work
-rw-r--r-- 1 root root  652 May 12 16:06 ssh.sh
-rw-r--r-- 1 root root   14 May 12 16:06 README.md
drwxr-xr-x 2 root root 4.0K May 12 16:06 ping-a-list-of-urls
-rwxr-xr-x 1 root root   78 May 12 16:06 java-version.sh
-rw-r--r-- 1 root root  134 May 12 16:06 java_version
-rw-r--r-- 1 root root  12K May 12 16:06 .java.sh.swp
-rw-r--r-- 1 root root  161 May 12 16:06 dockerinstall.sh
-rw-r--r-- 1 root root  12K May 12 16:06 .ansible.swp
-rw-r--r-- 1 root root  254 May 12 16:06 ansible.sh
drwxr-xr-x 2 root root 4.0K May 12 16:06 ansible
-rwxr--r-- 1 root root   70 May 12 16:09 process.sh
dr-xr-x--- 5 root root 4.0K May 12 16:22 ..
drwxr-xr-x 8 root root 4.0K May 12 16:23 .git
-rwxr-xr-x 1 root root  339 May 14 03:54 ssh1.sh
-rw-r--r-- 1 root root  12K May 14 03:57 .test.sh.swp
-rw-r--r-- 1 root root  193 May 14 04:12 jenkins.sh
-rwxr-xr-x 1 root root  268 May 14 04:18 java.sh
-rw-r--r-- 1 root root    0 May 14 04:28 typescript
-rw-r--r-- 1 root root   57 May 14 05:07 git
-rw-r--r-- 1 root root    0 May 14 05:08 id
drwxr-xr-x 6 root root 4.0K May 14 05:10 .
-rw-r--r-- 1 root root 125K May 14 05:10 test.log
Last login: Tue May 14 05:10:09 UTC 2019
total 240K
-rwxr-xr-x 1 root root  139 May 11 16:38 test.sh
-rwxr--r-- 1 root root   93 May 11 16:42 git.sh
drwxr-xr-x 4 root root 4.0K May 12 16:06 work
-rw-r--r-- 1 root root  652 May 12 16:06 ssh.sh
-rw-r--r-- 1 root root   14 May 12 16:06 README.md
drwxr-xr-x 2 root root 4.0K May 12 16:06 ping-a-list-of-urls
-rwxr-xr-x 1 root root   78 May 12 16:06 java-version.sh
-rw-r--r-- 1 root root  134 May 12 16:06 java_version
-rw-r--r-- 1 root root  12K May 12 16:06 .java.sh.swp
-rw-r--r-- 1 root root  161 May 12 16:06 dockerinstall.sh
-rw-r--r-- 1 root root  12K May 12 16:06 .ansible.swp
-rw-r--r-- 1 root root  254 May 12 16:06 ansible.sh
drwxr-xr-x 2 root root 4.0K May 12 16:06 ansible
-rwxr--r-- 1 root root   70 May 12 16:09 process.sh
dr-xr-x--- 5 root root 4.0K May 12 16:22 ..
drwxr-xr-x 8 root root 4.0K May 12 16:23 .git
-rwxr-xr-x 1 root root  339 May 14 03:54 ssh1.sh
-rw-r--r-- 1 root root  12K May 14 03:57 .test.sh.swp
-rw-r--r-- 1 root root  193 May 14 04:12 jenkins.sh
-rwxr-xr-x 1 root root  268 May 14 04:18 java.sh
-rw-r--r-- 1 root root    0 May 14 04:28 typescript
-rw-r--r-- 1 root root   57 May 14 05:07 git
-rw-r--r-- 1 root root    0 May 14 05:08 id
drwxr-xr-x 6 root root 4.0K May 14 05:10 .
-rw-r--r-- 1 root root 126K May 14 05:10 test.log
Last login: Tue May 14 05:10:09 UTC 2019
total 240K
-rwxr-xr-x 1 root root  139 May 11 16:38 test.sh
-rwxr--r-- 1 root root   93 May 11 16:42 git.sh
drwxr-xr-x 4 root root 4.0K May 12 16:06 work
-rw-r--r-- 1 root root  652 May 12 16:06 ssh.sh
-rw-r--r-- 1 root root   14 May 12 16:06 README.md
drwxr-xr-x 2 root root 4.0K May 12 16:06 ping-a-list-of-urls
-rwxr-xr-x 1 root root   78 May 12 16:06 java-version.sh
-rw-r--r-- 1 root root  134 May 12 16:06 java_version
-rw-r--r-- 1 root root  12K May 12 16:06 .java.sh.swp
-rw-r--r-- 1 root root  161 May 12 16:06 dockerinstall.sh
-rw-r--r-- 1 root root  12K May 12 16:06 .ansible.swp
-rw-r--r-- 1 root root  254 May 12 16:06 ansible.sh
drwxr-xr-x 2 root root 4.0K May 12 16:06 ansible
-rwxr--r-- 1 root root   70 May 12 16:09 process.sh
dr-xr-x--- 5 root root 4.0K May 12 16:22 ..
drwxr-xr-x 8 root root 4.0K May 12 16:23 .git
-rwxr-xr-x 1 root root  339 May 14 03:54 ssh1.sh
-rw-r--r-- 1 root root  12K May 14 03:57 .test.sh.swp
-rw-r--r-- 1 root root  193 May 14 04:12 jenkins.sh
-rwxr-xr-x 1 root root  268 May 14 04:18 java.sh
-rw-r--r-- 1 root root    0 May 14 04:28 typescript
-rw-r--r-- 1 root root   57 May 14 05:07 git
-rw-r--r-- 1 root root    0 May 14 05:08 id
drwxr-xr-x 6 root root 4.0K May 14 05:10 .
-rw-r--r-- 1 root root 128K May 14 05:10 test.log
Last login: Tue May 14 05:10:09 UTC 2019
total 244K
-rwxr-xr-x 1 root root  139 May 11 16:38 test.sh
-rwxr--r-- 1 root root   93 May 11 16:42 git.sh
drwxr-xr-x 4 root root 4.0K May 12 16:06 work
-rw-r--r-- 1 root root  652 May 12 16:06 ssh.sh
-rw-r--r-- 1 root root   14 May 12 16:06 README.md
drwxr-xr-x 2 root root 4.0K May 12 16:06 ping-a-list-of-urls
-rwxr-xr-x 1 root root   78 May 12 16:06 java-version.sh
-rw-r--r-- 1 root root  134 May 12 16:06 java_version
-rw-r--r-- 1 root root  12K May 12 16:06 .java.sh.swp
-rw-r--r-- 1 root root  161 May 12 16:06 dockerinstall.sh
-rw-r--r-- 1 root root  12K May 12 16:06 .ansible.swp
-rw-r--r-- 1 root root  254 May 12 16:06 ansible.sh
drwxr-xr-x 2 root root 4.0K May 12 16:06 ansible
-rwxr--r-- 1 root root   70 May 12 16:09 process.sh
dr-xr-x--- 5 root root 4.0K May 12 16:22 ..
drwxr-xr-x 8 root root 4.0K May 12 16:23 .git
-rwxr-xr-x 1 root root  339 May 14 03:54 ssh1.sh
-rw-r--r-- 1 root root  12K May 14 03:57 .test.sh.swp
-rw-r--r-- 1 root root  193 May 14 04:12 jenkins.sh
-rwxr-xr-x 1 root root  268 May 14 04:18 java.sh
-rw-r--r-- 1 root root    0 May 14 04:28 typescript
-rw-r--r-- 1 root root   57 May 14 05:07 git
-rw-r--r-- 1 root root    0 May 14 05:08 id
drwxr-xr-x 6 root root 4.0K May 14 05:10 .
-rw-r--r-- 1 root root 129K May 14 05:10 test.log
Last login: Tue May 14 05:10:09 UTC 2019
total 244K
-rwxr-xr-x 1 root root  139 May 11 16:38 test.sh
-rwxr--r-- 1 root root   93 May 11 16:42 git.sh
drwxr-xr-x 4 root root 4.0K May 12 16:06 work
-rw-r--r-- 1 root root  652 May 12 16:06 ssh.sh
-rw-r--r-- 1 root root   14 May 12 16:06 README.md
drwxr-xr-x 2 root root 4.0K May 12 16:06 ping-a-list-of-urls
-rwxr-xr-x 1 root root   78 May 12 16:06 java-version.sh
-rw-r--r-- 1 root root  134 May 12 16:06 java_version
-rw-r--r-- 1 root root  12K May 12 16:06 .java.sh.swp
-rw-r--r-- 1 root root  161 May 12 16:06 dockerinstall.sh
-rw-r--r-- 1 root root  12K May 12 16:06 .ansible.swp
-rw-r--r-- 1 root root  254 May 12 16:06 ansible.sh
drwxr-xr-x 2 root root 4.0K May 12 16:06 ansible
-rwxr--r-- 1 root root   70 May 12 16:09 process.sh
dr-xr-x--- 5 root root 4.0K May 12 16:22 ..
drwxr-xr-x 8 root root 4.0K May 12 16:23 .git
-rwxr-xr-x 1 root root  339 May 14 03:54 ssh1.sh
-rw-r--r-- 1 root root  12K May 14 03:57 .test.sh.swp
-rw-r--r-- 1 root root  193 May 14 04:12 jenkins.sh
-rwxr-xr-x 1 root root  268 May 14 04:18 java.sh
-rw-r--r-- 1 root root    0 May 14 04:28 typescript
-rw-r--r-- 1 root root   57 May 14 05:07 git
-rw-r--r-- 1 root root    0 May 14 05:08 id
drwxr-xr-x 6 root root 4.0K May 14 05:10 .
-rw-r--r-- 1 root root 130K May 14 05:10 test.log
Last login: Tue May 14 05:10:09 UTC 2019
total 244K
-rwxr-xr-x 1 root root  139 May 11 16:38 test.sh
-rwxr--r-- 1 root root   93 May 11 16:42 git.sh
drwxr-xr-x 4 root root 4.0K May 12 16:06 work
-rw-r--r-- 1 root root  652 May 12 16:06 ssh.sh
-rw-r--r-- 1 root root   14 May 12 16:06 README.md
drwxr-xr-x 2 root root 4.0K May 12 16:06 ping-a-list-of-urls
-rwxr-xr-x 1 root root   78 May 12 16:06 java-version.sh
-rw-r--r-- 1 root root  134 May 12 16:06 java_version
-rw-r--r-- 1 root root  12K May 12 16:06 .java.sh.swp
-rw-r--r-- 1 root root  161 May 12 16:06 dockerinstall.sh
-rw-r--r-- 1 root root  12K May 12 16:06 .ansible.swp
-rw-r--r-- 1 root root  254 May 12 16:06 ansible.sh
drwxr-xr-x 2 root root 4.0K May 12 16:06 ansible
-rwxr--r-- 1 root root   70 May 12 16:09 process.sh
dr-xr-x--- 5 root root 4.0K May 12 16:22 ..
drwxr-xr-x 8 root root 4.0K May 12 16:23 .git
-rwxr-xr-x 1 root root  339 May 14 03:54 ssh1.sh
-rw-r--r-- 1 root root  12K May 14 03:57 .test.sh.swp
-rw-r--r-- 1 root root  193 May 14 04:12 jenkins.sh
-rwxr-xr-x 1 root root  268 May 14 04:18 java.sh
-rw-r--r-- 1 root root    0 May 14 04:28 typescript
-rw-r--r-- 1 root root   57 May 14 05:07 git
-rw-r--r-- 1 root root    0 May 14 05:08 id
drwxr-xr-x 6 root root 4.0K May 14 05:10 .
-rw-r--r-- 1 root root 131K May 14 05:10 test.log
Last login: Tue May 14 05:10:09 UTC 2019
total 248K
-rwxr-xr-x 1 root root  139 May 11 16:38 test.sh
-rwxr--r-- 1 root root   93 May 11 16:42 git.sh
drwxr-xr-x 4 root root 4.0K May 12 16:06 work
-rw-r--r-- 1 root root  652 May 12 16:06 ssh.sh
-rw-r--r-- 1 root root   14 May 12 16:06 README.md
drwxr-xr-x 2 root root 4.0K May 12 16:06 ping-a-list-of-urls
-rwxr-xr-x 1 root root   78 May 12 16:06 java-version.sh
-rw-r--r-- 1 root root  134 May 12 16:06 java_version
-rw-r--r-- 1 root root  12K May 12 16:06 .java.sh.swp
-rw-r--r-- 1 root root  161 May 12 16:06 dockerinstall.sh
-rw-r--r-- 1 root root  12K May 12 16:06 .ansible.swp
-rw-r--r-- 1 root root  254 May 12 16:06 ansible.sh
drwxr-xr-x 2 root root 4.0K May 12 16:06 ansible
-rwxr--r-- 1 root root   70 May 12 16:09 process.sh
dr-xr-x--- 5 root root 4.0K May 12 16:22 ..
drwxr-xr-x 8 root root 4.0K May 12 16:23 .git
-rwxr-xr-x 1 root root  339 May 14 03:54 ssh1.sh
-rw-r--r-- 1 root root  12K May 14 03:57 .test.sh.swp
-rw-r--r-- 1 root root  193 May 14 04:12 jenkins.sh
-rwxr-xr-x 1 root root  268 May 14 04:18 java.sh
-rw-r--r-- 1 root root    0 May 14 04:28 typescript
-rw-r--r-- 1 root root   57 May 14 05:07 git
-rw-r--r-- 1 root root    0 May 14 05:08 id
drwxr-xr-x 6 root root 4.0K May 14 05:10 .
-rw-r--r-- 1 root root 133K May 14 05:10 test.log
Last login: Tue May 14 05:10:09 UTC 2019
total 248K
-rwxr-xr-x 1 root root  139 May 11 16:38 test.sh
-rwxr--r-- 1 root root   93 May 11 16:42 git.sh
drwxr-xr-x 4 root root 4.0K May 12 16:06 work
-rw-r--r-- 1 root root  652 May 12 16:06 ssh.sh
-rw-r--r-- 1 root root   14 May 12 16:06 README.md
drwxr-xr-x 2 root root 4.0K May 12 16:06 ping-a-list-of-urls
-rwxr-xr-x 1 root root   78 May 12 16:06 java-version.sh
-rw-r--r-- 1 root root  134 May 12 16:06 java_version
-rw-r--r-- 1 root root  12K May 12 16:06 .java.sh.swp
-rw-r--r-- 1 root root  161 May 12 16:06 dockerinstall.sh
-rw-r--r-- 1 root root  12K May 12 16:06 .ansible.swp
-rw-r--r-- 1 root root  254 May 12 16:06 ansible.sh
drwxr-xr-x 2 root root 4.0K May 12 16:06 ansible
-rwxr--r-- 1 root root   70 May 12 16:09 process.sh
dr-xr-x--- 5 root root 4.0K May 12 16:22 ..
drwxr-xr-x 8 root root 4.0K May 12 16:23 .git
-rwxr-xr-x 1 root root  339 May 14 03:54 ssh1.sh
-rw-r--r-- 1 root root  12K May 14 03:57 .test.sh.swp
-rw-r--r-- 1 root root  193 May 14 04:12 jenkins.sh
-rwxr-xr-x 1 root root  268 May 14 04:18 java.sh
-rw-r--r-- 1 root root    0 May 14 04:28 typescript
-rw-r--r-- 1 root root   57 May 14 05:07 git
-rw-r--r-- 1 root root    0 May 14 05:08 id
drwxr-xr-x 6 root root 4.0K May 14 05:10 .
-rw-r--r-- 1 root root 134K May 14 05:10 test.log
Last login: Tue May 14 05:10:09 UTC 2019
total 248K
-rwxr-xr-x 1 root root  139 May 11 16:38 test.sh
-rwxr--r-- 1 root root   93 May 11 16:42 git.sh
drwxr-xr-x 4 root root 4.0K May 12 16:06 work
-rw-r--r-- 1 root root  652 May 12 16:06 ssh.sh
-rw-r--r-- 1 root root   14 May 12 16:06 README.md
drwxr-xr-x 2 root root 4.0K May 12 16:06 ping-a-list-of-urls
-rwxr-xr-x 1 root root   78 May 12 16:06 java-version.sh
-rw-r--r-- 1 root root  134 May 12 16:06 java_version
-rw-r--r-- 1 root root  12K May 12 16:06 .java.sh.swp
-rw-r--r-- 1 root root  161 May 12 16:06 dockerinstall.sh
-rw-r--r-- 1 root root  12K May 12 16:06 .ansible.swp
-rw-r--r-- 1 root root  254 May 12 16:06 ansible.sh
drwxr-xr-x 2 root root 4.0K May 12 16:06 ansible
-rwxr--r-- 1 root root   70 May 12 16:09 process.sh
dr-xr-x--- 5 root root 4.0K May 12 16:22 ..
drwxr-xr-x 8 root root 4.0K May 12 16:23 .git
-rwxr-xr-x 1 root root  339 May 14 03:54 ssh1.sh
-rw-r--r-- 1 root root  12K May 14 03:57 .test.sh.swp
-rw-r--r-- 1 root root  193 May 14 04:12 jenkins.sh
-rwxr-xr-x 1 root root  268 May 14 04:18 java.sh
-rw-r--r-- 1 root root    0 May 14 04:28 typescript
-rw-r--r-- 1 root root   57 May 14 05:07 git
-rw-r--r-- 1 root root    0 May 14 05:08 id
drwxr-xr-x 6 root root 4.0K May 14 05:10 .
-rw-r--r-- 1 root root 135K May 14 05:10 test.log
Last login: Tue May 14 05:10:09 UTC 2019
total 248K
-rwxr-xr-x 1 root root  139 May 11 16:38 test.sh
-rwxr--r-- 1 root root   93 May 11 16:42 git.sh
drwxr-xr-x 4 root root 4.0K May 12 16:06 work
-rw-r--r-- 1 root root  652 May 12 16:06 ssh.sh
-rw-r--r-- 1 root root   14 May 12 16:06 README.md
drwxr-xr-x 2 root root 4.0K May 12 16:06 ping-a-list-of-urls
-rwxr-xr-x 1 root root   78 May 12 16:06 java-version.sh
-rw-r--r-- 1 root root  134 May 12 16:06 java_version
-rw-r--r-- 1 root root  12K May 12 16:06 .java.sh.swp
-rw-r--r-- 1 root root  161 May 12 16:06 dockerinstall.sh
-rw-r--r-- 1 root root  12K May 12 16:06 .ansible.swp
-rw-r--r-- 1 root root  254 May 12 16:06 ansible.sh
drwxr-xr-x 2 root root 4.0K May 12 16:06 ansible
-rwxr--r-- 1 root root   70 May 12 16:09 process.sh
dr-xr-x--- 5 root root 4.0K May 12 16:22 ..
drwxr-xr-x 8 root root 4.0K May 12 16:23 .git
-rwxr-xr-x 1 root root  339 May 14 03:54 ssh1.sh
-rw-r--r-- 1 root root  12K May 14 03:57 .test.sh.swp
-rw-r--r-- 1 root root  193 May 14 04:12 jenkins.sh
-rwxr-xr-x 1 root root  268 May 14 04:18 java.sh
-rw-r--r-- 1 root root    0 May 14 04:28 typescript
-rw-r--r-- 1 root root   57 May 14 05:07 git
-rw-r--r-- 1 root root    0 May 14 05:08 id
drwxr-xr-x 6 root root 4.0K May 14 05:10 .
-rw-r--r-- 1 root root 136K May 14 05:10 test.log
Last login: Tue May 14 05:10:09 UTC 2019
total 252K
-rwxr-xr-x 1 root root  139 May 11 16:38 test.sh
-rwxr--r-- 1 root root   93 May 11 16:42 git.sh
drwxr-xr-x 4 root root 4.0K May 12 16:06 work
-rw-r--r-- 1 root root  652 May 12 16:06 ssh.sh
-rw-r--r-- 1 root root   14 May 12 16:06 README.md
drwxr-xr-x 2 root root 4.0K May 12 16:06 ping-a-list-of-urls
-rwxr-xr-x 1 root root   78 May 12 16:06 java-version.sh
-rw-r--r-- 1 root root  134 May 12 16:06 java_version
-rw-r--r-- 1 root root  12K May 12 16:06 .java.sh.swp
-rw-r--r-- 1 root root  161 May 12 16:06 dockerinstall.sh
-rw-r--r-- 1 root root  12K May 12 16:06 .ansible.swp
-rw-r--r-- 1 root root  254 May 12 16:06 ansible.sh
drwxr-xr-x 2 root root 4.0K May 12 16:06 ansible
-rwxr--r-- 1 root root   70 May 12 16:09 process.sh
dr-xr-x--- 5 root root 4.0K May 12 16:22 ..
drwxr-xr-x 8 root root 4.0K May 12 16:23 .git
-rwxr-xr-x 1 root root  339 May 14 03:54 ssh1.sh
-rw-r--r-- 1 root root  12K May 14 03:57 .test.sh.swp
-rw-r--r-- 1 root root  193 May 14 04:12 jenkins.sh
-rwxr-xr-x 1 root root  268 May 14 04:18 java.sh
-rw-r--r-- 1 root root    0 May 14 04:28 typescript
-rw-r--r-- 1 root root   57 May 14 05:07 git
-rw-r--r-- 1 root root    0 May 14 05:08 id
drwxr-xr-x 6 root root 4.0K May 14 05:10 .
-rw-r--r-- 1 root root 138K May 14 05:10 test.log
Last login: Tue May 14 05:10:09 UTC 2019
total 252K
-rwxr-xr-x 1 root root  139 May 11 16:38 test.sh
-rwxr--r-- 1 root root   93 May 11 16:42 git.sh
drwxr-xr-x 4 root root 4.0K May 12 16:06 work
-rw-r--r-- 1 root root  652 May 12 16:06 ssh.sh
-rw-r--r-- 1 root root   14 May 12 16:06 README.md
drwxr-xr-x 2 root root 4.0K May 12 16:06 ping-a-list-of-urls
-rwxr-xr-x 1 root root   78 May 12 16:06 java-version.sh
-rw-r--r-- 1 root root  134 May 12 16:06 java_version
-rw-r--r-- 1 root root  12K May 12 16:06 .java.sh.swp
-rw-r--r-- 1 root root  161 May 12 16:06 dockerinstall.sh
-rw-r--r-- 1 root root  12K May 12 16:06 .ansible.swp
-rw-r--r-- 1 root root  254 May 12 16:06 ansible.sh
drwxr-xr-x 2 root root 4.0K May 12 16:06 ansible
-rwxr--r-- 1 root root   70 May 12 16:09 process.sh
dr-xr-x--- 5 root root 4.0K May 12 16:22 ..
drwxr-xr-x 8 root root 4.0K May 12 16:23 .git
-rwxr-xr-x 1 root root  339 May 14 03:54 ssh1.sh
-rw-r--r-- 1 root root  12K May 14 03:57 .test.sh.swp
-rw-r--r-- 1 root root  193 May 14 04:12 jenkins.sh
-rwxr-xr-x 1 root root  268 May 14 04:18 java.sh
-rw-r--r-- 1 root root    0 May 14 04:28 typescript
-rw-r--r-- 1 root root   57 May 14 05:07 git
-rw-r--r-- 1 root root    0 May 14 05:08 id
drwxr-xr-x 6 root root 4.0K May 14 05:10 .
-rw-r--r-- 1 root root 139K May 14 05:10 test.log
Last login: Tue May 14 05:10:09 UTC 2019
total 252K
-rwxr-xr-x 1 root root  139 May 11 16:38 test.sh
-rwxr--r-- 1 root root   93 May 11 16:42 git.sh
drwxr-xr-x 4 root root 4.0K May 12 16:06 work
-rw-r--r-- 1 root root  652 May 12 16:06 ssh.sh
-rw-r--r-- 1 root root   14 May 12 16:06 README.md
drwxr-xr-x 2 root root 4.0K May 12 16:06 ping-a-list-of-urls
-rwxr-xr-x 1 root root   78 May 12 16:06 java-version.sh
-rw-r--r-- 1 root root  134 May 12 16:06 java_version
-rw-r--r-- 1 root root  12K May 12 16:06 .java.sh.swp
-rw-r--r-- 1 root root  161 May 12 16:06 dockerinstall.sh
-rw-r--r-- 1 root root  12K May 12 16:06 .ansible.swp
-rw-r--r-- 1 root root  254 May 12 16:06 ansible.sh
drwxr-xr-x 2 root root 4.0K May 12 16:06 ansible
-rwxr--r-- 1 root root   70 May 12 16:09 process.sh
dr-xr-x--- 5 root root 4.0K May 12 16:22 ..
drwxr-xr-x 8 root root 4.0K May 12 16:23 .git
-rwxr-xr-x 1 root root  339 May 14 03:54 ssh1.sh
-rw-r--r-- 1 root root  12K May 14 03:57 .test.sh.swp
-rw-r--r-- 1 root root  193 May 14 04:12 jenkins.sh
-rwxr-xr-x 1 root root  268 May 14 04:18 java.sh
-rw-r--r-- 1 root root    0 May 14 04:28 typescript
-rw-r--r-- 1 root root   57 May 14 05:07 git
-rw-r--r-- 1 root root    0 May 14 05:08 id
drwxr-xr-x 6 root root 4.0K May 14 05:10 .
-rw-r--r-- 1 root root 140K May 14 05:10 test.log
Last login: Tue May 14 05:10:09 UTC 2019
total 256K
-rwxr-xr-x 1 root root  139 May 11 16:38 test.sh
-rwxr--r-- 1 root root   93 May 11 16:42 git.sh
drwxr-xr-x 4 root root 4.0K May 12 16:06 work
-rw-r--r-- 1 root root  652 May 12 16:06 ssh.sh
-rw-r--r-- 1 root root   14 May 12 16:06 README.md
drwxr-xr-x 2 root root 4.0K May 12 16:06 ping-a-list-of-urls
-rwxr-xr-x 1 root root   78 May 12 16:06 java-version.sh
-rw-r--r-- 1 root root  134 May 12 16:06 java_version
-rw-r--r-- 1 root root  12K May 12 16:06 .java.sh.swp
-rw-r--r-- 1 root root  161 May 12 16:06 dockerinstall.sh
-rw-r--r-- 1 root root  12K May 12 16:06 .ansible.swp
-rw-r--r-- 1 root root  254 May 12 16:06 ansible.sh
drwxr-xr-x 2 root root 4.0K May 12 16:06 ansible
-rwxr--r-- 1 root root   70 May 12 16:09 process.sh
dr-xr-x--- 5 root root 4.0K May 12 16:22 ..
drwxr-xr-x 8 root root 4.0K May 12 16:23 .git
-rwxr-xr-x 1 root root  339 May 14 03:54 ssh1.sh
-rw-r--r-- 1 root root  12K May 14 03:57 .test.sh.swp
-rw-r--r-- 1 root root  193 May 14 04:12 jenkins.sh
-rwxr-xr-x 1 root root  268 May 14 04:18 java.sh
-rw-r--r-- 1 root root    0 May 14 04:28 typescript
-rw-r--r-- 1 root root   57 May 14 05:07 git
-rw-r--r-- 1 root root    0 May 14 05:08 id
drwxr-xr-x 6 root root 4.0K May 14 05:10 .
-rw-r--r-- 1 root root 142K May 14 05:10 test.log
Last login: Tue May 14 05:10:09 UTC 2019
total 256K
-rwxr-xr-x 1 root root  139 May 11 16:38 test.sh
-rwxr--r-- 1 root root   93 May 11 16:42 git.sh
drwxr-xr-x 4 root root 4.0K May 12 16:06 work
-rw-r--r-- 1 root root  652 May 12 16:06 ssh.sh
-rw-r--r-- 1 root root   14 May 12 16:06 README.md
drwxr-xr-x 2 root root 4.0K May 12 16:06 ping-a-list-of-urls
-rwxr-xr-x 1 root root   78 May 12 16:06 java-version.sh
-rw-r--r-- 1 root root  134 May 12 16:06 java_version
-rw-r--r-- 1 root root  12K May 12 16:06 .java.sh.swp
-rw-r--r-- 1 root root  161 May 12 16:06 dockerinstall.sh
-rw-r--r-- 1 root root  12K May 12 16:06 .ansible.swp
-rw-r--r-- 1 root root  254 May 12 16:06 ansible.sh
drwxr-xr-x 2 root root 4.0K May 12 16:06 ansible
-rwxr--r-- 1 root root   70 May 12 16:09 process.sh
dr-xr-x--- 5 root root 4.0K May 12 16:22 ..
drwxr-xr-x 8 root root 4.0K May 12 16:23 .git
-rwxr-xr-x 1 root root  339 May 14 03:54 ssh1.sh
-rw-r--r-- 1 root root  12K May 14 03:57 .test.sh.swp
-rw-r--r-- 1 root root  193 May 14 04:12 jenkins.sh
-rwxr-xr-x 1 root root  268 May 14 04:18 java.sh
-rw-r--r-- 1 root root    0 May 14 04:28 typescript
-rw-r--r-- 1 root root   57 May 14 05:07 git
-rw-r--r-- 1 root root    0 May 14 05:08 id
drwxr-xr-x 6 root root 4.0K May 14 05:10 .
-rw-r--r-- 1 root root 143K May 14 05:10 test.log
Last login: Tue May 14 05:10:09 UTC 2019
total 256K
-rwxr-xr-x 1 root root  139 May 11 16:38 test.sh
-rwxr--r-- 1 root root   93 May 11 16:42 git.sh
drwxr-xr-x 4 root root 4.0K May 12 16:06 work
-rw-r--r-- 1 root root  652 May 12 16:06 ssh.sh
-rw-r--r-- 1 root root   14 May 12 16:06 README.md
drwxr-xr-x 2 root root 4.0K May 12 16:06 ping-a-list-of-urls
-rwxr-xr-x 1 root root   78 May 12 16:06 java-version.sh
-rw-r--r-- 1 root root  134 May 12 16:06 java_version
-rw-r--r-- 1 root root  12K May 12 16:06 .java.sh.swp
-rw-r--r-- 1 root root  161 May 12 16:06 dockerinstall.sh
-rw-r--r-- 1 root root  12K May 12 16:06 .ansible.swp
-rw-r--r-- 1 root root  254 May 12 16:06 ansible.sh
drwxr-xr-x 2 root root 4.0K May 12 16:06 ansible
-rwxr--r-- 1 root root   70 May 12 16:09 process.sh
dr-xr-x--- 5 root root 4.0K May 12 16:22 ..
drwxr-xr-x 8 root root 4.0K May 12 16:23 .git
-rwxr-xr-x 1 root root  339 May 14 03:54 ssh1.sh
-rw-r--r-- 1 root root  12K May 14 03:57 .test.sh.swp
-rw-r--r-- 1 root root  193 May 14 04:12 jenkins.sh
-rwxr-xr-x 1 root root  268 May 14 04:18 java.sh
-rw-r--r-- 1 root root    0 May 14 04:28 typescript
-rw-r--r-- 1 root root   57 May 14 05:07 git
-rw-r--r-- 1 root root    0 May 14 05:08 id
drwxr-xr-x 6 root root 4.0K May 14 05:10 .
-rw-r--r-- 1 root root 144K May 14 05:10 test.log
Last login: Tue May 14 05:10:09 UTC 2019
total 260K
-rwxr-xr-x 1 root root  139 May 11 16:38 test.sh
-rwxr--r-- 1 root root   93 May 11 16:42 git.sh
drwxr-xr-x 4 root root 4.0K May 12 16:06 work
-rw-r--r-- 1 root root  652 May 12 16:06 ssh.sh
-rw-r--r-- 1 root root   14 May 12 16:06 README.md
drwxr-xr-x 2 root root 4.0K May 12 16:06 ping-a-list-of-urls
-rwxr-xr-x 1 root root   78 May 12 16:06 java-version.sh
-rw-r--r-- 1 root root  134 May 12 16:06 java_version
-rw-r--r-- 1 root root  12K May 12 16:06 .java.sh.swp
-rw-r--r-- 1 root root  161 May 12 16:06 dockerinstall.sh
-rw-r--r-- 1 root root  12K May 12 16:06 .ansible.swp
-rw-r--r-- 1 root root  254 May 12 16:06 ansible.sh
drwxr-xr-x 2 root root 4.0K May 12 16:06 ansible
-rwxr--r-- 1 root root   70 May 12 16:09 process.sh
dr-xr-x--- 5 root root 4.0K May 12 16:22 ..
drwxr-xr-x 8 root root 4.0K May 12 16:23 .git
-rwxr-xr-x 1 root root  339 May 14 03:54 ssh1.sh
-rw-r--r-- 1 root root  12K May 14 03:57 .test.sh.swp
-rw-r--r-- 1 root root  193 May 14 04:12 jenkins.sh
-rwxr-xr-x 1 root root  268 May 14 04:18 java.sh
-rw-r--r-- 1 root root    0 May 14 04:28 typescript
-rw-r--r-- 1 root root   57 May 14 05:07 git
-rw-r--r-- 1 root root    0 May 14 05:08 id
drwxr-xr-x 6 root root 4.0K May 14 05:10 .
-rw-r--r-- 1 root root 145K May 14 05:10 test.log
Last login: Tue May 14 05:10:09 UTC 2019
total 260K
-rwxr-xr-x 1 root root  139 May 11 16:38 test.sh
-rwxr--r-- 1 root root   93 May 11 16:42 git.sh
drwxr-xr-x 4 root root 4.0K May 12 16:06 work
-rw-r--r-- 1 root root  652 May 12 16:06 ssh.sh
-rw-r--r-- 1 root root   14 May 12 16:06 README.md
drwxr-xr-x 2 root root 4.0K May 12 16:06 ping-a-list-of-urls
-rwxr-xr-x 1 root root   78 May 12 16:06 java-version.sh
-rw-r--r-- 1 root root  134 May 12 16:06 java_version
-rw-r--r-- 1 root root  12K May 12 16:06 .java.sh.swp
-rw-r--r-- 1 root root  161 May 12 16:06 dockerinstall.sh
-rw-r--r-- 1 root root  12K May 12 16:06 .ansible.swp
-rw-r--r-- 1 root root  254 May 12 16:06 ansible.sh
drwxr-xr-x 2 root root 4.0K May 12 16:06 ansible
-rwxr--r-- 1 root root   70 May 12 16:09 process.sh
dr-xr-x--- 5 root root 4.0K May 12 16:22 ..
drwxr-xr-x 8 root root 4.0K May 12 16:23 .git
-rwxr-xr-x 1 root root  339 May 14 03:54 ssh1.sh
-rw-r--r-- 1 root root  12K May 14 03:57 .test.sh.swp
-rw-r--r-- 1 root root  193 May 14 04:12 jenkins.sh
-rwxr-xr-x 1 root root  268 May 14 04:18 java.sh
-rw-r--r-- 1 root root    0 May 14 04:28 typescript
-rw-r--r-- 1 root root   57 May 14 05:07 git
-rw-r--r-- 1 root root    0 May 14 05:08 id
drwxr-xr-x 6 root root 4.0K May 14 05:10 .
-rw-r--r-- 1 root root 147K May 14 05:10 test.log
Last login: Tue May 14 05:10:09 UTC 2019
total 260K
-rwxr-xr-x 1 root root  139 May 11 16:38 test.sh
-rwxr--r-- 1 root root   93 May 11 16:42 git.sh
drwxr-xr-x 4 root root 4.0K May 12 16:06 work
-rw-r--r-- 1 root root  652 May 12 16:06 ssh.sh
-rw-r--r-- 1 root root   14 May 12 16:06 README.md
drwxr-xr-x 2 root root 4.0K May 12 16:06 ping-a-list-of-urls
-rwxr-xr-x 1 root root   78 May 12 16:06 java-version.sh
-rw-r--r-- 1 root root  134 May 12 16:06 java_version
-rw-r--r-- 1 root root  12K May 12 16:06 .java.sh.swp
-rw-r--r-- 1 root root  161 May 12 16:06 dockerinstall.sh
-rw-r--r-- 1 root root  12K May 12 16:06 .ansible.swp
-rw-r--r-- 1 root root  254 May 12 16:06 ansible.sh
drwxr-xr-x 2 root root 4.0K May 12 16:06 ansible
-rwxr--r-- 1 root root   70 May 12 16:09 process.sh
dr-xr-x--- 5 root root 4.0K May 12 16:22 ..
drwxr-xr-x 8 root root 4.0K May 12 16:23 .git
-rwxr-xr-x 1 root root  339 May 14 03:54 ssh1.sh
-rw-r--r-- 1 root root  12K May 14 03:57 .test.sh.swp
-rw-r--r-- 1 root root  193 May 14 04:12 jenkins.sh
-rwxr-xr-x 1 root root  268 May 14 04:18 java.sh
-rw-r--r-- 1 root root    0 May 14 04:28 typescript
-rw-r--r-- 1 root root   57 May 14 05:07 git
-rw-r--r-- 1 root root    0 May 14 05:08 id
drwxr-xr-x 6 root root 4.0K May 14 05:10 .
-rw-r--r-- 1 root root 148K May 14 05:10 test.log
Last login: Tue May 14 05:10:09 UTC 2019
total 264K
-rwxr-xr-x 1 root root  139 May 11 16:38 test.sh
-rwxr--r-- 1 root root   93 May 11 16:42 git.sh
drwxr-xr-x 4 root root 4.0K May 12 16:06 work
-rw-r--r-- 1 root root  652 May 12 16:06 ssh.sh
-rw-r--r-- 1 root root   14 May 12 16:06 README.md
drwxr-xr-x 2 root root 4.0K May 12 16:06 ping-a-list-of-urls
-rwxr-xr-x 1 root root   78 May 12 16:06 java-version.sh
-rw-r--r-- 1 root root  134 May 12 16:06 java_version
-rw-r--r-- 1 root root  12K May 12 16:06 .java.sh.swp
-rw-r--r-- 1 root root  161 May 12 16:06 dockerinstall.sh
-rw-r--r-- 1 root root  12K May 12 16:06 .ansible.swp
-rw-r--r-- 1 root root  254 May 12 16:06 ansible.sh
drwxr-xr-x 2 root root 4.0K May 12 16:06 ansible
-rwxr--r-- 1 root root   70 May 12 16:09 process.sh
dr-xr-x--- 5 root root 4.0K May 12 16:22 ..
drwxr-xr-x 8 root root 4.0K May 12 16:23 .git
-rwxr-xr-x 1 root root  339 May 14 03:54 ssh1.sh
-rw-r--r-- 1 root root  12K May 14 03:57 .test.sh.swp
-rw-r--r-- 1 root root  193 May 14 04:12 jenkins.sh
-rwxr-xr-x 1 root root  268 May 14 04:18 java.sh
-rw-r--r-- 1 root root    0 May 14 04:28 typescript
-rw-r--r-- 1 root root   57 May 14 05:07 git
-rw-r--r-- 1 root root    0 May 14 05:08 id
drwxr-xr-x 6 root root 4.0K May 14 05:10 .
-rw-r--r-- 1 root root 149K May 14 05:10 test.log
Last login: Tue May 14 05:10:09 UTC 2019
total 264K
-rwxr-xr-x 1 root root  139 May 11 16:38 test.sh
-rwxr--r-- 1 root root   93 May 11 16:42 git.sh
drwxr-xr-x 4 root root 4.0K May 12 16:06 work
-rw-r--r-- 1 root root  652 May 12 16:06 ssh.sh
-rw-r--r-- 1 root root   14 May 12 16:06 README.md
drwxr-xr-x 2 root root 4.0K May 12 16:06 ping-a-list-of-urls
-rwxr-xr-x 1 root root   78 May 12 16:06 java-version.sh
-rw-r--r-- 1 root root  134 May 12 16:06 java_version
-rw-r--r-- 1 root root  12K May 12 16:06 .java.sh.swp
-rw-r--r-- 1 root root  161 May 12 16:06 dockerinstall.sh
-rw-r--r-- 1 root root  12K May 12 16:06 .ansible.swp
-rw-r--r-- 1 root root  254 May 12 16:06 ansible.sh
drwxr-xr-x 2 root root 4.0K May 12 16:06 ansible
-rwxr--r-- 1 root root   70 May 12 16:09 process.sh
dr-xr-x--- 5 root root 4.0K May 12 16:22 ..
drwxr-xr-x 8 root root 4.0K May 12 16:23 .git
-rwxr-xr-x 1 root root  339 May 14 03:54 ssh1.sh
-rw-r--r-- 1 root root  12K May 14 03:57 .test.sh.swp
-rw-r--r-- 1 root root  193 May 14 04:12 jenkins.sh
-rwxr-xr-x 1 root root  268 May 14 04:18 java.sh
-rw-r--r-- 1 root root    0 May 14 04:28 typescript
-rw-r--r-- 1 root root   57 May 14 05:07 git
-rw-r--r-- 1 root root    0 May 14 05:08 id
drwxr-xr-x 6 root root 4.0K May 14 05:10 .
-rw-r--r-- 1 root root 151K May 14 05:10 test.log
Last login: Tue May 14 05:10:09 UTC 2019
total 264K
-rwxr-xr-x 1 root root  139 May 11 16:38 test.sh
-rwxr--r-- 1 root root   93 May 11 16:42 git.sh
drwxr-xr-x 4 root root 4.0K May 12 16:06 work
-rw-r--r-- 1 root root  652 May 12 16:06 ssh.sh
-rw-r--r-- 1 root root   14 May 12 16:06 README.md
drwxr-xr-x 2 root root 4.0K May 12 16:06 ping-a-list-of-urls
-rwxr-xr-x 1 root root   78 May 12 16:06 java-version.sh
-rw-r--r-- 1 root root  134 May 12 16:06 java_version
-rw-r--r-- 1 root root  12K May 12 16:06 .java.sh.swp
-rw-r--r-- 1 root root  161 May 12 16:06 dockerinstall.sh
-rw-r--r-- 1 root root  12K May 12 16:06 .ansible.swp
-rw-r--r-- 1 root root  254 May 12 16:06 ansible.sh
drwxr-xr-x 2 root root 4.0K May 12 16:06 ansible
-rwxr--r-- 1 root root   70 May 12 16:09 process.sh
dr-xr-x--- 5 root root 4.0K May 12 16:22 ..
drwxr-xr-x 8 root root 4.0K May 12 16:23 .git
-rwxr-xr-x 1 root root  339 May 14 03:54 ssh1.sh
-rw-r--r-- 1 root root  12K May 14 03:57 .test.sh.swp
-rw-r--r-- 1 root root  193 May 14 04:12 jenkins.sh
-rwxr-xr-x 1 root root  268 May 14 04:18 java.sh
-rw-r--r-- 1 root root    0 May 14 04:28 typescript
-rw-r--r-- 1 root root   57 May 14 05:07 git
-rw-r--r-- 1 root root    0 May 14 05:08 id
drwxr-xr-x 6 root root 4.0K May 14 05:10 .
-rw-r--r-- 1 root root 152K May 14 05:10 test.log
Last login: Tue May 14 05:10:09 UTC 2019
total 268K
-rwxr-xr-x 1 root root  139 May 11 16:38 test.sh
-rwxr--r-- 1 root root   93 May 11 16:42 git.sh
drwxr-xr-x 4 root root 4.0K May 12 16:06 work
-rw-r--r-- 1 root root  652 May 12 16:06 ssh.sh
-rw-r--r-- 1 root root   14 May 12 16:06 README.md
drwxr-xr-x 2 root root 4.0K May 12 16:06 ping-a-list-of-urls
-rwxr-xr-x 1 root root   78 May 12 16:06 java-version.sh
-rw-r--r-- 1 root root  134 May 12 16:06 java_version
-rw-r--r-- 1 root root  12K May 12 16:06 .java.sh.swp
-rw-r--r-- 1 root root  161 May 12 16:06 dockerinstall.sh
-rw-r--r-- 1 root root  12K May 12 16:06 .ansible.swp
-rw-r--r-- 1 root root  254 May 12 16:06 ansible.sh
drwxr-xr-x 2 root root 4.0K May 12 16:06 ansible
-rwxr--r-- 1 root root   70 May 12 16:09 process.sh
dr-xr-x--- 5 root root 4.0K May 12 16:22 ..
drwxr-xr-x 8 root root 4.0K May 12 16:23 .git
-rwxr-xr-x 1 root root  339 May 14 03:54 ssh1.sh
-rw-r--r-- 1 root root  12K May 14 03:57 .test.sh.swp
-rw-r--r-- 1 root root  193 May 14 04:12 jenkins.sh
-rwxr-xr-x 1 root root  268 May 14 04:18 java.sh
-rw-r--r-- 1 root root    0 May 14 04:28 typescript
-rw-r--r-- 1 root root   57 May 14 05:07 git
-rw-r--r-- 1 root root    0 May 14 05:08 id
drwxr-xr-x 6 root root 4.0K May 14 05:10 .
-rw-r--r-- 1 root root 153K May 14 05:10 test.log
Last login: Tue May 14 05:10:09 UTC 2019
total 268K
-rwxr-xr-x 1 root root  139 May 11 16:38 test.sh
-rwxr--r-- 1 root root   93 May 11 16:42 git.sh
drwxr-xr-x 4 root root 4.0K May 12 16:06 work
-rw-r--r-- 1 root root  652 May 12 16:06 ssh.sh
-rw-r--r-- 1 root root   14 May 12 16:06 README.md
drwxr-xr-x 2 root root 4.0K May 12 16:06 ping-a-list-of-urls
-rwxr-xr-x 1 root root   78 May 12 16:06 java-version.sh
-rw-r--r-- 1 root root  134 May 12 16:06 java_version
-rw-r--r-- 1 root root  12K May 12 16:06 .java.sh.swp
-rw-r--r-- 1 root root  161 May 12 16:06 dockerinstall.sh
-rw-r--r-- 1 root root  12K May 12 16:06 .ansible.swp
-rw-r--r-- 1 root root  254 May 12 16:06 ansible.sh
drwxr-xr-x 2 root root 4.0K May 12 16:06 ansible
-rwxr--r-- 1 root root   70 May 12 16:09 process.sh
dr-xr-x--- 5 root root 4.0K May 12 16:22 ..
drwxr-xr-x 8 root root 4.0K May 12 16:23 .git
-rwxr-xr-x 1 root root  339 May 14 03:54 ssh1.sh
-rw-r--r-- 1 root root  12K May 14 03:57 .test.sh.swp
-rw-r--r-- 1 root root  193 May 14 04:12 jenkins.sh
-rwxr-xr-x 1 root root  268 May 14 04:18 java.sh
-rw-r--r-- 1 root root    0 May 14 04:28 typescript
-rw-r--r-- 1 root root   57 May 14 05:07 git
-rw-r--r-- 1 root root    0 May 14 05:08 id
drwxr-xr-x 6 root root 4.0K May 14 05:10 .
-rw-r--r-- 1 root root 154K May 14 05:10 test.log
Last login: Tue May 14 05:10:09 UTC 2019
total 268K
-rwxr-xr-x 1 root root  139 May 11 16:38 test.sh
-rwxr--r-- 1 root root   93 May 11 16:42 git.sh
drwxr-xr-x 4 root root 4.0K May 12 16:06 work
-rw-r--r-- 1 root root  652 May 12 16:06 ssh.sh
-rw-r--r-- 1 root root   14 May 12 16:06 README.md
drwxr-xr-x 2 root root 4.0K May 12 16:06 ping-a-list-of-urls
-rwxr-xr-x 1 root root   78 May 12 16:06 java-version.sh
-rw-r--r-- 1 root root  134 May 12 16:06 java_version
-rw-r--r-- 1 root root  12K May 12 16:06 .java.sh.swp
-rw-r--r-- 1 root root  161 May 12 16:06 dockerinstall.sh
-rw-r--r-- 1 root root  12K May 12 16:06 .ansible.swp
-rw-r--r-- 1 root root  254 May 12 16:06 ansible.sh
drwxr-xr-x 2 root root 4.0K May 12 16:06 ansible
-rwxr--r-- 1 root root   70 May 12 16:09 process.sh
dr-xr-x--- 5 root root 4.0K May 12 16:22 ..
drwxr-xr-x 8 root root 4.0K May 12 16:23 .git
-rwxr-xr-x 1 root root  339 May 14 03:54 ssh1.sh
-rw-r--r-- 1 root root  12K May 14 03:57 .test.sh.swp
-rw-r--r-- 1 root root  193 May 14 04:12 jenkins.sh
-rwxr-xr-x 1 root root  268 May 14 04:18 java.sh
-rw-r--r-- 1 root root    0 May 14 04:28 typescript
-rw-r--r-- 1 root root   57 May 14 05:07 git
-rw-r--r-- 1 root root    0 May 14 05:08 id
drwxr-xr-x 6 root root 4.0K May 14 05:10 .
-rw-r--r-- 1 root root 156K May 14 05:10 test.log
Last login: Tue May 14 05:10:10 UTC 2019
total 272K
-rwxr-xr-x 1 root root  139 May 11 16:38 test.sh
-rwxr--r-- 1 root root   93 May 11 16:42 git.sh
drwxr-xr-x 4 root root 4.0K May 12 16:06 work
-rw-r--r-- 1 root root  652 May 12 16:06 ssh.sh
-rw-r--r-- 1 root root   14 May 12 16:06 README.md
drwxr-xr-x 2 root root 4.0K May 12 16:06 ping-a-list-of-urls
-rwxr-xr-x 1 root root   78 May 12 16:06 java-version.sh
-rw-r--r-- 1 root root  134 May 12 16:06 java_version
-rw-r--r-- 1 root root  12K May 12 16:06 .java.sh.swp
-rw-r--r-- 1 root root  161 May 12 16:06 dockerinstall.sh
-rw-r--r-- 1 root root  12K May 12 16:06 .ansible.swp
-rw-r--r-- 1 root root  254 May 12 16:06 ansible.sh
drwxr-xr-x 2 root root 4.0K May 12 16:06 ansible
-rwxr--r-- 1 root root   70 May 12 16:09 process.sh
dr-xr-x--- 5 root root 4.0K May 12 16:22 ..
drwxr-xr-x 8 root root 4.0K May 12 16:23 .git
-rwxr-xr-x 1 root root  339 May 14 03:54 ssh1.sh
-rw-r--r-- 1 root root  12K May 14 03:57 .test.sh.swp
-rw-r--r-- 1 root root  193 May 14 04:12 jenkins.sh
-rwxr-xr-x 1 root root  268 May 14 04:18 java.sh
-rw-r--r-- 1 root root    0 May 14 04:28 typescript
-rw-r--r-- 1 root root   57 May 14 05:07 git
-rw-r--r-- 1 root root    0 May 14 05:08 id
drwxr-xr-x 6 root root 4.0K May 14 05:10 .
-rw-r--r-- 1 root root 157K May 14 05:10 test.log
Last login: Tue May 14 05:10:10 UTC 2019
total 272K
-rwxr-xr-x 1 root root  139 May 11 16:38 test.sh
-rwxr--r-- 1 root root   93 May 11 16:42 git.sh
drwxr-xr-x 4 root root 4.0K May 12 16:06 work
-rw-r--r-- 1 root root  652 May 12 16:06 ssh.sh
-rw-r--r-- 1 root root   14 May 12 16:06 README.md
drwxr-xr-x 2 root root 4.0K May 12 16:06 ping-a-list-of-urls
-rwxr-xr-x 1 root root   78 May 12 16:06 java-version.sh
-rw-r--r-- 1 root root  134 May 12 16:06 java_version
-rw-r--r-- 1 root root  12K May 12 16:06 .java.sh.swp
-rw-r--r-- 1 root root  161 May 12 16:06 dockerinstall.sh
-rw-r--r-- 1 root root  12K May 12 16:06 .ansible.swp
-rw-r--r-- 1 root root  254 May 12 16:06 ansible.sh
drwxr-xr-x 2 root root 4.0K May 12 16:06 ansible
-rwxr--r-- 1 root root   70 May 12 16:09 process.sh
dr-xr-x--- 5 root root 4.0K May 12 16:22 ..
drwxr-xr-x 8 root root 4.0K May 12 16:23 .git
-rwxr-xr-x 1 root root  339 May 14 03:54 ssh1.sh
-rw-r--r-- 1 root root  12K May 14 03:57 .test.sh.swp
-rw-r--r-- 1 root root  193 May 14 04:12 jenkins.sh
-rwxr-xr-x 1 root root  268 May 14 04:18 java.sh
-rw-r--r-- 1 root root    0 May 14 04:28 typescript
-rw-r--r-- 1 root root   57 May 14 05:07 git
-rw-r--r-- 1 root root    0 May 14 05:08 id
drwxr-xr-x 6 root root 4.0K May 14 05:10 .
-rw-r--r-- 1 root root 158K May 14 05:10 test.log
Last login: Tue May 14 05:10:10 UTC 2019
total 272K
-rwxr-xr-x 1 root root  139 May 11 16:38 test.sh
-rwxr--r-- 1 root root   93 May 11 16:42 git.sh
drwxr-xr-x 4 root root 4.0K May 12 16:06 work
-rw-r--r-- 1 root root  652 May 12 16:06 ssh.sh
-rw-r--r-- 1 root root   14 May 12 16:06 README.md
drwxr-xr-x 2 root root 4.0K May 12 16:06 ping-a-list-of-urls
-rwxr-xr-x 1 root root   78 May 12 16:06 java-version.sh
-rw-r--r-- 1 root root  134 May 12 16:06 java_version
-rw-r--r-- 1 root root  12K May 12 16:06 .java.sh.swp
-rw-r--r-- 1 root root  161 May 12 16:06 dockerinstall.sh
-rw-r--r-- 1 root root  12K May 12 16:06 .ansible.swp
-rw-r--r-- 1 root root  254 May 12 16:06 ansible.sh
drwxr-xr-x 2 root root 4.0K May 12 16:06 ansible
-rwxr--r-- 1 root root   70 May 12 16:09 process.sh
dr-xr-x--- 5 root root 4.0K May 12 16:22 ..
drwxr-xr-x 8 root root 4.0K May 12 16:23 .git
-rwxr-xr-x 1 root root  339 May 14 03:54 ssh1.sh
-rw-r--r-- 1 root root  12K May 14 03:57 .test.sh.swp
-rw-r--r-- 1 root root  193 May 14 04:12 jenkins.sh
-rwxr-xr-x 1 root root  268 May 14 04:18 java.sh
-rw-r--r-- 1 root root    0 May 14 04:28 typescript
-rw-r--r-- 1 root root   57 May 14 05:07 git
-rw-r--r-- 1 root root    0 May 14 05:08 id
drwxr-xr-x 6 root root 4.0K May 14 05:10 .
-rw-r--r-- 1 root root 160K May 14 05:10 test.log
Last login: Tue May 14 05:10:10 UTC 2019
total 276K
-rwxr-xr-x 1 root root  139 May 11 16:38 test.sh
-rwxr--r-- 1 root root   93 May 11 16:42 git.sh
drwxr-xr-x 4 root root 4.0K May 12 16:06 work
-rw-r--r-- 1 root root  652 May 12 16:06 ssh.sh
-rw-r--r-- 1 root root   14 May 12 16:06 README.md
drwxr-xr-x 2 root root 4.0K May 12 16:06 ping-a-list-of-urls
-rwxr-xr-x 1 root root   78 May 12 16:06 java-version.sh
-rw-r--r-- 1 root root  134 May 12 16:06 java_version
-rw-r--r-- 1 root root  12K May 12 16:06 .java.sh.swp
-rw-r--r-- 1 root root  161 May 12 16:06 dockerinstall.sh
-rw-r--r-- 1 root root  12K May 12 16:06 .ansible.swp
-rw-r--r-- 1 root root  254 May 12 16:06 ansible.sh
drwxr-xr-x 2 root root 4.0K May 12 16:06 ansible
-rwxr--r-- 1 root root   70 May 12 16:09 process.sh
dr-xr-x--- 5 root root 4.0K May 12 16:22 ..
drwxr-xr-x 8 root root 4.0K May 12 16:23 .git
-rwxr-xr-x 1 root root  339 May 14 03:54 ssh1.sh
-rw-r--r-- 1 root root  12K May 14 03:57 .test.sh.swp
-rw-r--r-- 1 root root  193 May 14 04:12 jenkins.sh
-rwxr-xr-x 1 root root  268 May 14 04:18 java.sh
-rw-r--r-- 1 root root    0 May 14 04:28 typescript
-rw-r--r-- 1 root root   57 May 14 05:07 git
-rw-r--r-- 1 root root    0 May 14 05:08 id
drwxr-xr-x 6 root root 4.0K May 14 05:10 .
-rw-r--r-- 1 root root 161K May 14 05:10 test.log
Last login: Tue May 14 05:10:10 UTC 2019
total 276K
-rwxr-xr-x 1 root root  139 May 11 16:38 test.sh
-rwxr--r-- 1 root root   93 May 11 16:42 git.sh
drwxr-xr-x 4 root root 4.0K May 12 16:06 work
-rw-r--r-- 1 root root  652 May 12 16:06 ssh.sh
-rw-r--r-- 1 root root   14 May 12 16:06 README.md
drwxr-xr-x 2 root root 4.0K May 12 16:06 ping-a-list-of-urls
-rwxr-xr-x 1 root root   78 May 12 16:06 java-version.sh
-rw-r--r-- 1 root root  134 May 12 16:06 java_version
-rw-r--r-- 1 root root  12K May 12 16:06 .java.sh.swp
-rw-r--r-- 1 root root  161 May 12 16:06 dockerinstall.sh
-rw-r--r-- 1 root root  12K May 12 16:06 .ansible.swp
-rw-r--r-- 1 root root  254 May 12 16:06 ansible.sh
drwxr-xr-x 2 root root 4.0K May 12 16:06 ansible
-rwxr--r-- 1 root root   70 May 12 16:09 process.sh
dr-xr-x--- 5 root root 4.0K May 12 16:22 ..
drwxr-xr-x 8 root root 4.0K May 12 16:23 .git
-rwxr-xr-x 1 root root  339 May 14 03:54 ssh1.sh
-rw-r--r-- 1 root root  12K May 14 03:57 .test.sh.swp
-rw-r--r-- 1 root root  193 May 14 04:12 jenkins.sh
-rwxr-xr-x 1 root root  268 May 14 04:18 java.sh
-rw-r--r-- 1 root root    0 May 14 04:28 typescript
-rw-r--r-- 1 root root   57 May 14 05:07 git
-rw-r--r-- 1 root root    0 May 14 05:08 id
drwxr-xr-x 6 root root 4.0K May 14 05:10 .
-rw-r--r-- 1 root root 162K May 14 05:10 test.log
Last login: Tue May 14 05:10:10 UTC 2019
total 276K
-rwxr-xr-x 1 root root  139 May 11 16:38 test.sh
-rwxr--r-- 1 root root   93 May 11 16:42 git.sh
drwxr-xr-x 4 root root 4.0K May 12 16:06 work
-rw-r--r-- 1 root root  652 May 12 16:06 ssh.sh
-rw-r--r-- 1 root root   14 May 12 16:06 README.md
drwxr-xr-x 2 root root 4.0K May 12 16:06 ping-a-list-of-urls
-rwxr-xr-x 1 root root   78 May 12 16:06 java-version.sh
-rw-r--r-- 1 root root  134 May 12 16:06 java_version
-rw-r--r-- 1 root root  12K May 12 16:06 .java.sh.swp
-rw-r--r-- 1 root root  161 May 12 16:06 dockerinstall.sh
-rw-r--r-- 1 root root  12K May 12 16:06 .ansible.swp
-rw-r--r-- 1 root root  254 May 12 16:06 ansible.sh
drwxr-xr-x 2 root root 4.0K May 12 16:06 ansible
-rwxr--r-- 1 root root   70 May 12 16:09 process.sh
dr-xr-x--- 5 root root 4.0K May 12 16:22 ..
drwxr-xr-x 8 root root 4.0K May 12 16:23 .git
-rwxr-xr-x 1 root root  339 May 14 03:54 ssh1.sh
-rw-r--r-- 1 root root  12K May 14 03:57 .test.sh.swp
-rw-r--r-- 1 root root  193 May 14 04:12 jenkins.sh
-rwxr-xr-x 1 root root  268 May 14 04:18 java.sh
-rw-r--r-- 1 root root    0 May 14 04:28 typescript
-rw-r--r-- 1 root root   57 May 14 05:07 git
-rw-r--r-- 1 root root    0 May 14 05:08 id
drwxr-xr-x 6 root root 4.0K May 14 05:10 .
-rw-r--r-- 1 root root 163K May 14 05:10 test.log
Last login: Tue May 14 05:10:10 UTC 2019
total 280K
-rwxr-xr-x 1 root root  139 May 11 16:38 test.sh
-rwxr--r-- 1 root root   93 May 11 16:42 git.sh
drwxr-xr-x 4 root root 4.0K May 12 16:06 work
-rw-r--r-- 1 root root  652 May 12 16:06 ssh.sh
-rw-r--r-- 1 root root   14 May 12 16:06 README.md
drwxr-xr-x 2 root root 4.0K May 12 16:06 ping-a-list-of-urls
-rwxr-xr-x 1 root root   78 May 12 16:06 java-version.sh
-rw-r--r-- 1 root root  134 May 12 16:06 java_version
-rw-r--r-- 1 root root  12K May 12 16:06 .java.sh.swp
-rw-r--r-- 1 root root  161 May 12 16:06 dockerinstall.sh
-rw-r--r-- 1 root root  12K May 12 16:06 .ansible.swp
-rw-r--r-- 1 root root  254 May 12 16:06 ansible.sh
drwxr-xr-x 2 root root 4.0K May 12 16:06 ansible
-rwxr--r-- 1 root root   70 May 12 16:09 process.sh
dr-xr-x--- 5 root root 4.0K May 12 16:22 ..
drwxr-xr-x 8 root root 4.0K May 12 16:23 .git
-rwxr-xr-x 1 root root  339 May 14 03:54 ssh1.sh
-rw-r--r-- 1 root root  12K May 14 03:57 .test.sh.swp
-rw-r--r-- 1 root root  193 May 14 04:12 jenkins.sh
-rwxr-xr-x 1 root root  268 May 14 04:18 java.sh
-rw-r--r-- 1 root root    0 May 14 04:28 typescript
-rw-r--r-- 1 root root   57 May 14 05:07 git
-rw-r--r-- 1 root root    0 May 14 05:08 id
drwxr-xr-x 6 root root 4.0K May 14 05:10 .
-rw-r--r-- 1 root root 165K May 14 05:10 test.log
Last login: Tue May 14 05:10:10 UTC 2019
total 280K
-rwxr-xr-x 1 root root  139 May 11 16:38 test.sh
-rwxr--r-- 1 root root   93 May 11 16:42 git.sh
drwxr-xr-x 4 root root 4.0K May 12 16:06 work
-rw-r--r-- 1 root root  652 May 12 16:06 ssh.sh
-rw-r--r-- 1 root root   14 May 12 16:06 README.md
drwxr-xr-x 2 root root 4.0K May 12 16:06 ping-a-list-of-urls
-rwxr-xr-x 1 root root   78 May 12 16:06 java-version.sh
-rw-r--r-- 1 root root  134 May 12 16:06 java_version
-rw-r--r-- 1 root root  12K May 12 16:06 .java.sh.swp
-rw-r--r-- 1 root root  161 May 12 16:06 dockerinstall.sh
-rw-r--r-- 1 root root  12K May 12 16:06 .ansible.swp
-rw-r--r-- 1 root root  254 May 12 16:06 ansible.sh
drwxr-xr-x 2 root root 4.0K May 12 16:06 ansible
-rwxr--r-- 1 root root   70 May 12 16:09 process.sh
dr-xr-x--- 5 root root 4.0K May 12 16:22 ..
drwxr-xr-x 8 root root 4.0K May 12 16:23 .git
-rwxr-xr-x 1 root root  339 May 14 03:54 ssh1.sh
-rw-r--r-- 1 root root  12K May 14 03:57 .test.sh.swp
-rw-r--r-- 1 root root  193 May 14 04:12 jenkins.sh
-rwxr-xr-x 1 root root  268 May 14 04:18 java.sh
-rw-r--r-- 1 root root    0 May 14 04:28 typescript
-rw-r--r-- 1 root root   57 May 14 05:07 git
-rw-r--r-- 1 root root    0 May 14 05:08 id
drwxr-xr-x 6 root root 4.0K May 14 05:10 .
-rw-r--r-- 1 root root 166K May 14 05:10 test.log
Last login: Tue May 14 05:10:10 UTC 2019
total 280K
-rwxr-xr-x 1 root root  139 May 11 16:38 test.sh
-rwxr--r-- 1 root root   93 May 11 16:42 git.sh
drwxr-xr-x 4 root root 4.0K May 12 16:06 work
-rw-r--r-- 1 root root  652 May 12 16:06 ssh.sh
-rw-r--r-- 1 root root   14 May 12 16:06 README.md
drwxr-xr-x 2 root root 4.0K May 12 16:06 ping-a-list-of-urls
-rwxr-xr-x 1 root root   78 May 12 16:06 java-version.sh
-rw-r--r-- 1 root root  134 May 12 16:06 java_version
-rw-r--r-- 1 root root  12K May 12 16:06 .java.sh.swp
-rw-r--r-- 1 root root  161 May 12 16:06 dockerinstall.sh
-rw-r--r-- 1 root root  12K May 12 16:06 .ansible.swp
-rw-r--r-- 1 root root  254 May 12 16:06 ansible.sh
drwxr-xr-x 2 root root 4.0K May 12 16:06 ansible
-rwxr--r-- 1 root root   70 May 12 16:09 process.sh
dr-xr-x--- 5 root root 4.0K May 12 16:22 ..
drwxr-xr-x 8 root root 4.0K May 12 16:23 .git
-rwxr-xr-x 1 root root  339 May 14 03:54 ssh1.sh
-rw-r--r-- 1 root root  12K May 14 03:57 .test.sh.swp
-rw-r--r-- 1 root root  193 May 14 04:12 jenkins.sh
-rwxr-xr-x 1 root root  268 May 14 04:18 java.sh
-rw-r--r-- 1 root root    0 May 14 04:28 typescript
-rw-r--r-- 1 root root   57 May 14 05:07 git
-rw-r--r-- 1 root root    0 May 14 05:08 id
drwxr-xr-x 6 root root 4.0K May 14 05:10 .
-rw-r--r-- 1 root root 167K May 14 05:10 test.log
Last login: Tue May 14 05:10:10 UTC 2019
total 284K
-rwxr-xr-x 1 root root  139 May 11 16:38 test.sh
-rwxr--r-- 1 root root   93 May 11 16:42 git.sh
drwxr-xr-x 4 root root 4.0K May 12 16:06 work
-rw-r--r-- 1 root root  652 May 12 16:06 ssh.sh
-rw-r--r-- 1 root root   14 May 12 16:06 README.md
drwxr-xr-x 2 root root 4.0K May 12 16:06 ping-a-list-of-urls
-rwxr-xr-x 1 root root   78 May 12 16:06 java-version.sh
-rw-r--r-- 1 root root  134 May 12 16:06 java_version
-rw-r--r-- 1 root root  12K May 12 16:06 .java.sh.swp
-rw-r--r-- 1 root root  161 May 12 16:06 dockerinstall.sh
-rw-r--r-- 1 root root  12K May 12 16:06 .ansible.swp
-rw-r--r-- 1 root root  254 May 12 16:06 ansible.sh
drwxr-xr-x 2 root root 4.0K May 12 16:06 ansible
-rwxr--r-- 1 root root   70 May 12 16:09 process.sh
dr-xr-x--- 5 root root 4.0K May 12 16:22 ..
drwxr-xr-x 8 root root 4.0K May 12 16:23 .git
-rwxr-xr-x 1 root root  339 May 14 03:54 ssh1.sh
-rw-r--r-- 1 root root  12K May 14 03:57 .test.sh.swp
-rw-r--r-- 1 root root  193 May 14 04:12 jenkins.sh
-rwxr-xr-x 1 root root  268 May 14 04:18 java.sh
-rw-r--r-- 1 root root    0 May 14 04:28 typescript
-rw-r--r-- 1 root root   57 May 14 05:07 git
-rw-r--r-- 1 root root    0 May 14 05:08 id
drwxr-xr-x 6 root root 4.0K May 14 05:10 .
-rw-r--r-- 1 root root 169K May 14 05:10 test.log
Last login: Tue May 14 05:10:10 UTC 2019
total 284K
-rwxr-xr-x 1 root root  139 May 11 16:38 test.sh
-rwxr--r-- 1 root root   93 May 11 16:42 git.sh
drwxr-xr-x 4 root root 4.0K May 12 16:06 work
-rw-r--r-- 1 root root  652 May 12 16:06 ssh.sh
-rw-r--r-- 1 root root   14 May 12 16:06 README.md
drwxr-xr-x 2 root root 4.0K May 12 16:06 ping-a-list-of-urls
-rwxr-xr-x 1 root root   78 May 12 16:06 java-version.sh
-rw-r--r-- 1 root root  134 May 12 16:06 java_version
-rw-r--r-- 1 root root  12K May 12 16:06 .java.sh.swp
-rw-r--r-- 1 root root  161 May 12 16:06 dockerinstall.sh
-rw-r--r-- 1 root root  12K May 12 16:06 .ansible.swp
-rw-r--r-- 1 root root  254 May 12 16:06 ansible.sh
drwxr-xr-x 2 root root 4.0K May 12 16:06 ansible
-rwxr--r-- 1 root root   70 May 12 16:09 process.sh
dr-xr-x--- 5 root root 4.0K May 12 16:22 ..
drwxr-xr-x 8 root root 4.0K May 12 16:23 .git
-rwxr-xr-x 1 root root  339 May 14 03:54 ssh1.sh
-rw-r--r-- 1 root root  12K May 14 03:57 .test.sh.swp
-rw-r--r-- 1 root root  193 May 14 04:12 jenkins.sh
-rwxr-xr-x 1 root root  268 May 14 04:18 java.sh
-rw-r--r-- 1 root root    0 May 14 04:28 typescript
-rw-r--r-- 1 root root   57 May 14 05:07 git
-rw-r--r-- 1 root root    0 May 14 05:08 id
drwxr-xr-x 6 root root 4.0K May 14 05:10 .
-rw-r--r-- 1 root root 170K May 14 05:10 test.log
Last login: Tue May 14 05:10:10 UTC 2019
total 284K
-rwxr-xr-x 1 root root  139 May 11 16:38 test.sh
-rwxr--r-- 1 root root   93 May 11 16:42 git.sh
drwxr-xr-x 4 root root 4.0K May 12 16:06 work
-rw-r--r-- 1 root root  652 May 12 16:06 ssh.sh
-rw-r--r-- 1 root root   14 May 12 16:06 README.md
drwxr-xr-x 2 root root 4.0K May 12 16:06 ping-a-list-of-urls
-rwxr-xr-x 1 root root   78 May 12 16:06 java-version.sh
-rw-r--r-- 1 root root  134 May 12 16:06 java_version
-rw-r--r-- 1 root root  12K May 12 16:06 .java.sh.swp
-rw-r--r-- 1 root root  161 May 12 16:06 dockerinstall.sh
-rw-r--r-- 1 root root  12K May 12 16:06 .ansible.swp
-rw-r--r-- 1 root root  254 May 12 16:06 ansible.sh
drwxr-xr-x 2 root root 4.0K May 12 16:06 ansible
-rwxr--r-- 1 root root   70 May 12 16:09 process.sh
dr-xr-x--- 5 root root 4.0K May 12 16:22 ..
drwxr-xr-x 8 root root 4.0K May 12 16:23 .git
-rwxr-xr-x 1 root root  339 May 14 03:54 ssh1.sh
-rw-r--r-- 1 root root  12K May 14 03:57 .test.sh.swp
-rw-r--r-- 1 root root  193 May 14 04:12 jenkins.sh
-rwxr-xr-x 1 root root  268 May 14 04:18 java.sh
-rw-r--r-- 1 root root    0 May 14 04:28 typescript
-rw-r--r-- 1 root root   57 May 14 05:07 git
-rw-r--r-- 1 root root    0 May 14 05:08 id
drwxr-xr-x 6 root root 4.0K May 14 05:10 .
-rw-r--r-- 1 root root 171K May 14 05:10 test.log
Last login: Tue May 14 05:10:10 UTC 2019
total 284K
-rwxr-xr-x 1 root root  139 May 11 16:38 test.sh
-rwxr--r-- 1 root root   93 May 11 16:42 git.sh
drwxr-xr-x 4 root root 4.0K May 12 16:06 work
-rw-r--r-- 1 root root  652 May 12 16:06 ssh.sh
-rw-r--r-- 1 root root   14 May 12 16:06 README.md
drwxr-xr-x 2 root root 4.0K May 12 16:06 ping-a-list-of-urls
-rwxr-xr-x 1 root root   78 May 12 16:06 java-version.sh
-rw-r--r-- 1 root root  134 May 12 16:06 java_version
-rw-r--r-- 1 root root  12K May 12 16:06 .java.sh.swp
-rw-r--r-- 1 root root  161 May 12 16:06 dockerinstall.sh
-rw-r--r-- 1 root root  12K May 12 16:06 .ansible.swp
-rw-r--r-- 1 root root  254 May 12 16:06 ansible.sh
drwxr-xr-x 2 root root 4.0K May 12 16:06 ansible
-rwxr--r-- 1 root root   70 May 12 16:09 process.sh
dr-xr-x--- 5 root root 4.0K May 12 16:22 ..
drwxr-xr-x 8 root root 4.0K May 12 16:23 .git
-rwxr-xr-x 1 root root  339 May 14 03:54 ssh1.sh
-rw-r--r-- 1 root root  12K May 14 03:57 .test.sh.swp
-rw-r--r-- 1 root root  193 May 14 04:12 jenkins.sh
-rwxr-xr-x 1 root root  268 May 14 04:18 java.sh
-rw-r--r-- 1 root root    0 May 14 04:28 typescript
-rw-r--r-- 1 root root   57 May 14 05:07 git
-rw-r--r-- 1 root root    0 May 14 05:08 id
drwxr-xr-x 6 root root 4.0K May 14 05:10 .
-rw-r--r-- 1 root root 172K May 14 05:10 test.log
Last login: Tue May 14 05:10:10 UTC 2019
total 288K
-rwxr-xr-x 1 root root  139 May 11 16:38 test.sh
-rwxr--r-- 1 root root   93 May 11 16:42 git.sh
drwxr-xr-x 4 root root 4.0K May 12 16:06 work
-rw-r--r-- 1 root root  652 May 12 16:06 ssh.sh
-rw-r--r-- 1 root root   14 May 12 16:06 README.md
drwxr-xr-x 2 root root 4.0K May 12 16:06 ping-a-list-of-urls
-rwxr-xr-x 1 root root   78 May 12 16:06 java-version.sh
-rw-r--r-- 1 root root  134 May 12 16:06 java_version
-rw-r--r-- 1 root root  12K May 12 16:06 .java.sh.swp
-rw-r--r-- 1 root root  161 May 12 16:06 dockerinstall.sh
-rw-r--r-- 1 root root  12K May 12 16:06 .ansible.swp
-rw-r--r-- 1 root root  254 May 12 16:06 ansible.sh
drwxr-xr-x 2 root root 4.0K May 12 16:06 ansible
-rwxr--r-- 1 root root   70 May 12 16:09 process.sh
dr-xr-x--- 5 root root 4.0K May 12 16:22 ..
drwxr-xr-x 8 root root 4.0K May 12 16:23 .git
-rwxr-xr-x 1 root root  339 May 14 03:54 ssh1.sh
-rw-r--r-- 1 root root  12K May 14 03:57 .test.sh.swp
-rw-r--r-- 1 root root  193 May 14 04:12 jenkins.sh
-rwxr-xr-x 1 root root  268 May 14 04:18 java.sh
-rw-r--r-- 1 root root    0 May 14 04:28 typescript
-rw-r--r-- 1 root root   57 May 14 05:07 git
-rw-r--r-- 1 root root    0 May 14 05:08 id
drwxr-xr-x 6 root root 4.0K May 14 05:10 .
-rw-r--r-- 1 root root 174K May 14 05:10 test.log
Last login: Tue May 14 05:10:10 UTC 2019
total 288K
-rwxr-xr-x 1 root root  139 May 11 16:38 test.sh
-rwxr--r-- 1 root root   93 May 11 16:42 git.sh
drwxr-xr-x 4 root root 4.0K May 12 16:06 work
-rw-r--r-- 1 root root  652 May 12 16:06 ssh.sh
-rw-r--r-- 1 root root   14 May 12 16:06 README.md
drwxr-xr-x 2 root root 4.0K May 12 16:06 ping-a-list-of-urls
-rwxr-xr-x 1 root root   78 May 12 16:06 java-version.sh
-rw-r--r-- 1 root root  134 May 12 16:06 java_version
-rw-r--r-- 1 root root  12K May 12 16:06 .java.sh.swp
-rw-r--r-- 1 root root  161 May 12 16:06 dockerinstall.sh
-rw-r--r-- 1 root root  12K May 12 16:06 .ansible.swp
-rw-r--r-- 1 root root  254 May 12 16:06 ansible.sh
drwxr-xr-x 2 root root 4.0K May 12 16:06 ansible
-rwxr--r-- 1 root root   70 May 12 16:09 process.sh
dr-xr-x--- 5 root root 4.0K May 12 16:22 ..
drwxr-xr-x 8 root root 4.0K May 12 16:23 .git
-rwxr-xr-x 1 root root  339 May 14 03:54 ssh1.sh
-rw-r--r-- 1 root root  12K May 14 03:57 .test.sh.swp
-rw-r--r-- 1 root root  193 May 14 04:12 jenkins.sh
-rwxr-xr-x 1 root root  268 May 14 04:18 java.sh
-rw-r--r-- 1 root root    0 May 14 04:28 typescript
-rw-r--r-- 1 root root   57 May 14 05:07 git
-rw-r--r-- 1 root root    0 May 14 05:08 id
drwxr-xr-x 6 root root 4.0K May 14 05:10 .
-rw-r--r-- 1 root root 175K May 14 05:10 test.log
Last login: Tue May 14 05:10:10 UTC 2019
total 288K
-rwxr-xr-x 1 root root  139 May 11 16:38 test.sh
-rwxr--r-- 1 root root   93 May 11 16:42 git.sh
drwxr-xr-x 4 root root 4.0K May 12 16:06 work
-rw-r--r-- 1 root root  652 May 12 16:06 ssh.sh
-rw-r--r-- 1 root root   14 May 12 16:06 README.md
drwxr-xr-x 2 root root 4.0K May 12 16:06 ping-a-list-of-urls
-rwxr-xr-x 1 root root   78 May 12 16:06 java-version.sh
-rw-r--r-- 1 root root  134 May 12 16:06 java_version
-rw-r--r-- 1 root root  12K May 12 16:06 .java.sh.swp
-rw-r--r-- 1 root root  161 May 12 16:06 dockerinstall.sh
-rw-r--r-- 1 root root  12K May 12 16:06 .ansible.swp
-rw-r--r-- 1 root root  254 May 12 16:06 ansible.sh
drwxr-xr-x 2 root root 4.0K May 12 16:06 ansible
-rwxr--r-- 1 root root   70 May 12 16:09 process.sh
dr-xr-x--- 5 root root 4.0K May 12 16:22 ..
drwxr-xr-x 8 root root 4.0K May 12 16:23 .git
-rwxr-xr-x 1 root root  339 May 14 03:54 ssh1.sh
-rw-r--r-- 1 root root  12K May 14 03:57 .test.sh.swp
-rw-r--r-- 1 root root  193 May 14 04:12 jenkins.sh
-rwxr-xr-x 1 root root  268 May 14 04:18 java.sh
-rw-r--r-- 1 root root    0 May 14 04:28 typescript
-rw-r--r-- 1 root root   57 May 14 05:07 git
-rw-r--r-- 1 root root    0 May 14 05:08 id
drwxr-xr-x 6 root root 4.0K May 14 05:10 .
-rw-r--r-- 1 root root 176K May 14 05:10 test.log
Last login: Tue May 14 05:10:10 UTC 2019
total 292K
-rwxr-xr-x 1 root root  139 May 11 16:38 test.sh
-rwxr--r-- 1 root root   93 May 11 16:42 git.sh
drwxr-xr-x 4 root root 4.0K May 12 16:06 work
-rw-r--r-- 1 root root  652 May 12 16:06 ssh.sh
-rw-r--r-- 1 root root   14 May 12 16:06 README.md
drwxr-xr-x 2 root root 4.0K May 12 16:06 ping-a-list-of-urls
-rwxr-xr-x 1 root root   78 May 12 16:06 java-version.sh
-rw-r--r-- 1 root root  134 May 12 16:06 java_version
-rw-r--r-- 1 root root  12K May 12 16:06 .java.sh.swp
-rw-r--r-- 1 root root  161 May 12 16:06 dockerinstall.sh
-rw-r--r-- 1 root root  12K May 12 16:06 .ansible.swp
-rw-r--r-- 1 root root  254 May 12 16:06 ansible.sh
drwxr-xr-x 2 root root 4.0K May 12 16:06 ansible
-rwxr--r-- 1 root root   70 May 12 16:09 process.sh
dr-xr-x--- 5 root root 4.0K May 12 16:22 ..
drwxr-xr-x 8 root root 4.0K May 12 16:23 .git
-rwxr-xr-x 1 root root  339 May 14 03:54 ssh1.sh
-rw-r--r-- 1 root root  12K May 14 03:57 .test.sh.swp
-rw-r--r-- 1 root root  193 May 14 04:12 jenkins.sh
-rwxr-xr-x 1 root root  268 May 14 04:18 java.sh
-rw-r--r-- 1 root root    0 May 14 04:28 typescript
-rw-r--r-- 1 root root   57 May 14 05:07 git
-rw-r--r-- 1 root root    0 May 14 05:08 id
drwxr-xr-x 6 root root 4.0K May 14 05:10 .
-rw-r--r-- 1 root root 178K May 14 05:10 test.log
Last login: Tue May 14 05:10:10 UTC 2019
total 292K
-rwxr-xr-x 1 root root  139 May 11 16:38 test.sh
-rwxr--r-- 1 root root   93 May 11 16:42 git.sh
drwxr-xr-x 4 root root 4.0K May 12 16:06 work
-rw-r--r-- 1 root root  652 May 12 16:06 ssh.sh
-rw-r--r-- 1 root root   14 May 12 16:06 README.md
drwxr-xr-x 2 root root 4.0K May 12 16:06 ping-a-list-of-urls
-rwxr-xr-x 1 root root   78 May 12 16:06 java-version.sh
-rw-r--r-- 1 root root  134 May 12 16:06 java_version
-rw-r--r-- 1 root root  12K May 12 16:06 .java.sh.swp
-rw-r--r-- 1 root root  161 May 12 16:06 dockerinstall.sh
-rw-r--r-- 1 root root  12K May 12 16:06 .ansible.swp
-rw-r--r-- 1 root root  254 May 12 16:06 ansible.sh
drwxr-xr-x 2 root root 4.0K May 12 16:06 ansible
-rwxr--r-- 1 root root   70 May 12 16:09 process.sh
dr-xr-x--- 5 root root 4.0K May 12 16:22 ..
drwxr-xr-x 8 root root 4.0K May 12 16:23 .git
-rwxr-xr-x 1 root root  339 May 14 03:54 ssh1.sh
-rw-r--r-- 1 root root  12K May 14 03:57 .test.sh.swp
-rw-r--r-- 1 root root  193 May 14 04:12 jenkins.sh
-rwxr-xr-x 1 root root  268 May 14 04:18 java.sh
-rw-r--r-- 1 root root    0 May 14 04:28 typescript
-rw-r--r-- 1 root root   57 May 14 05:07 git
-rw-r--r-- 1 root root    0 May 14 05:08 id
drwxr-xr-x 6 root root 4.0K May 14 05:10 .
-rw-r--r-- 1 root root 179K May 14 05:10 test.log
Last login: Tue May 14 05:10:10 UTC 2019
total 292K
-rwxr-xr-x 1 root root  139 May 11 16:38 test.sh
-rwxr--r-- 1 root root   93 May 11 16:42 git.sh
drwxr-xr-x 4 root root 4.0K May 12 16:06 work
-rw-r--r-- 1 root root  652 May 12 16:06 ssh.sh
-rw-r--r-- 1 root root   14 May 12 16:06 README.md
drwxr-xr-x 2 root root 4.0K May 12 16:06 ping-a-list-of-urls
-rwxr-xr-x 1 root root   78 May 12 16:06 java-version.sh
-rw-r--r-- 1 root root  134 May 12 16:06 java_version
-rw-r--r-- 1 root root  12K May 12 16:06 .java.sh.swp
-rw-r--r-- 1 root root  161 May 12 16:06 dockerinstall.sh
-rw-r--r-- 1 root root  12K May 12 16:06 .ansible.swp
-rw-r--r-- 1 root root  254 May 12 16:06 ansible.sh
drwxr-xr-x 2 root root 4.0K May 12 16:06 ansible
-rwxr--r-- 1 root root   70 May 12 16:09 process.sh
dr-xr-x--- 5 root root 4.0K May 12 16:22 ..
drwxr-xr-x 8 root root 4.0K May 12 16:23 .git
-rwxr-xr-x 1 root root  339 May 14 03:54 ssh1.sh
-rw-r--r-- 1 root root  12K May 14 03:57 .test.sh.swp
-rw-r--r-- 1 root root  193 May 14 04:12 jenkins.sh
-rwxr-xr-x 1 root root  268 May 14 04:18 java.sh
-rw-r--r-- 1 root root    0 May 14 04:28 typescript
-rw-r--r-- 1 root root   57 May 14 05:07 git
-rw-r--r-- 1 root root    0 May 14 05:08 id
drwxr-xr-x 6 root root 4.0K May 14 05:10 .
-rw-r--r-- 1 root root 180K May 14 05:10 test.log
Last login: Tue May 14 05:10:10 UTC 2019
total 296K
-rwxr-xr-x 1 root root  139 May 11 16:38 test.sh
-rwxr--r-- 1 root root   93 May 11 16:42 git.sh
drwxr-xr-x 4 root root 4.0K May 12 16:06 work
-rw-r--r-- 1 root root  652 May 12 16:06 ssh.sh
-rw-r--r-- 1 root root   14 May 12 16:06 README.md
drwxr-xr-x 2 root root 4.0K May 12 16:06 ping-a-list-of-urls
-rwxr-xr-x 1 root root   78 May 12 16:06 java-version.sh
-rw-r--r-- 1 root root  134 May 12 16:06 java_version
-rw-r--r-- 1 root root  12K May 12 16:06 .java.sh.swp
-rw-r--r-- 1 root root  161 May 12 16:06 dockerinstall.sh
-rw-r--r-- 1 root root  12K May 12 16:06 .ansible.swp
-rw-r--r-- 1 root root  254 May 12 16:06 ansible.sh
drwxr-xr-x 2 root root 4.0K May 12 16:06 ansible
-rwxr--r-- 1 root root   70 May 12 16:09 process.sh
dr-xr-x--- 5 root root 4.0K May 12 16:22 ..
drwxr-xr-x 8 root root 4.0K May 12 16:23 .git
-rwxr-xr-x 1 root root  339 May 14 03:54 ssh1.sh
-rw-r--r-- 1 root root  12K May 14 03:57 .test.sh.swp
-rw-r--r-- 1 root root  193 May 14 04:12 jenkins.sh
-rwxr-xr-x 1 root root  268 May 14 04:18 java.sh
-rw-r--r-- 1 root root    0 May 14 04:28 typescript
-rw-r--r-- 1 root root   57 May 14 05:07 git
-rw-r--r-- 1 root root    0 May 14 05:08 id
drwxr-xr-x 6 root root 4.0K May 14 05:10 .
-rw-r--r-- 1 root root 181K May 14 05:10 test.log
Last login: Tue May 14 05:10:10 UTC 2019
total 296K
-rwxr-xr-x 1 root root  139 May 11 16:38 test.sh
-rwxr--r-- 1 root root   93 May 11 16:42 git.sh
drwxr-xr-x 4 root root 4.0K May 12 16:06 work
-rw-r--r-- 1 root root  652 May 12 16:06 ssh.sh
-rw-r--r-- 1 root root   14 May 12 16:06 README.md
drwxr-xr-x 2 root root 4.0K May 12 16:06 ping-a-list-of-urls
-rwxr-xr-x 1 root root   78 May 12 16:06 java-version.sh
-rw-r--r-- 1 root root  134 May 12 16:06 java_version
-rw-r--r-- 1 root root  12K May 12 16:06 .java.sh.swp
-rw-r--r-- 1 root root  161 May 12 16:06 dockerinstall.sh
-rw-r--r-- 1 root root  12K May 12 16:06 .ansible.swp
-rw-r--r-- 1 root root  254 May 12 16:06 ansible.sh
drwxr-xr-x 2 root root 4.0K May 12 16:06 ansible
-rwxr--r-- 1 root root   70 May 12 16:09 process.sh
dr-xr-x--- 5 root root 4.0K May 12 16:22 ..
drwxr-xr-x 8 root root 4.0K May 12 16:23 .git
-rwxr-xr-x 1 root root  339 May 14 03:54 ssh1.sh
-rw-r--r-- 1 root root  12K May 14 03:57 .test.sh.swp
-rw-r--r-- 1 root root  193 May 14 04:12 jenkins.sh
-rwxr-xr-x 1 root root  268 May 14 04:18 java.sh
-rw-r--r-- 1 root root    0 May 14 04:28 typescript
-rw-r--r-- 1 root root   57 May 14 05:07 git
-rw-r--r-- 1 root root    0 May 14 05:08 id
drwxr-xr-x 6 root root 4.0K May 14 05:10 .
-rw-r--r-- 1 root root 183K May 14 05:10 test.log
Last login: Tue May 14 05:10:10 UTC 2019
total 296K
-rwxr-xr-x 1 root root  139 May 11 16:38 test.sh
-rwxr--r-- 1 root root   93 May 11 16:42 git.sh
drwxr-xr-x 4 root root 4.0K May 12 16:06 work
-rw-r--r-- 1 root root  652 May 12 16:06 ssh.sh
-rw-r--r-- 1 root root   14 May 12 16:06 README.md
drwxr-xr-x 2 root root 4.0K May 12 16:06 ping-a-list-of-urls
-rwxr-xr-x 1 root root   78 May 12 16:06 java-version.sh
-rw-r--r-- 1 root root  134 May 12 16:06 java_version
-rw-r--r-- 1 root root  12K May 12 16:06 .java.sh.swp
-rw-r--r-- 1 root root  161 May 12 16:06 dockerinstall.sh
-rw-r--r-- 1 root root  12K May 12 16:06 .ansible.swp
-rw-r--r-- 1 root root  254 May 12 16:06 ansible.sh
drwxr-xr-x 2 root root 4.0K May 12 16:06 ansible
-rwxr--r-- 1 root root   70 May 12 16:09 process.sh
dr-xr-x--- 5 root root 4.0K May 12 16:22 ..
drwxr-xr-x 8 root root 4.0K May 12 16:23 .git
-rwxr-xr-x 1 root root  339 May 14 03:54 ssh1.sh
-rw-r--r-- 1 root root  12K May 14 03:57 .test.sh.swp
-rw-r--r-- 1 root root  193 May 14 04:12 jenkins.sh
-rwxr-xr-x 1 root root  268 May 14 04:18 java.sh
-rw-r--r-- 1 root root    0 May 14 04:28 typescript
-rw-r--r-- 1 root root   57 May 14 05:07 git
-rw-r--r-- 1 root root    0 May 14 05:08 id
drwxr-xr-x 6 root root 4.0K May 14 05:10 .
-rw-r--r-- 1 root root 184K May 14 05:10 test.log
Last login: Tue May 14 05:10:10 UTC 2019
total 300K
-rwxr-xr-x 1 root root  139 May 11 16:38 test.sh
-rwxr--r-- 1 root root   93 May 11 16:42 git.sh
drwxr-xr-x 4 root root 4.0K May 12 16:06 work
-rw-r--r-- 1 root root  652 May 12 16:06 ssh.sh
-rw-r--r-- 1 root root   14 May 12 16:06 README.md
drwxr-xr-x 2 root root 4.0K May 12 16:06 ping-a-list-of-urls
-rwxr-xr-x 1 root root   78 May 12 16:06 java-version.sh
-rw-r--r-- 1 root root  134 May 12 16:06 java_version
-rw-r--r-- 1 root root  12K May 12 16:06 .java.sh.swp
-rw-r--r-- 1 root root  161 May 12 16:06 dockerinstall.sh
-rw-r--r-- 1 root root  12K May 12 16:06 .ansible.swp
-rw-r--r-- 1 root root  254 May 12 16:06 ansible.sh
drwxr-xr-x 2 root root 4.0K May 12 16:06 ansible
-rwxr--r-- 1 root root   70 May 12 16:09 process.sh
dr-xr-x--- 5 root root 4.0K May 12 16:22 ..
drwxr-xr-x 8 root root 4.0K May 12 16:23 .git
-rwxr-xr-x 1 root root  339 May 14 03:54 ssh1.sh
-rw-r--r-- 1 root root  12K May 14 03:57 .test.sh.swp
-rw-r--r-- 1 root root  193 May 14 04:12 jenkins.sh
-rwxr-xr-x 1 root root  268 May 14 04:18 java.sh
-rw-r--r-- 1 root root    0 May 14 04:28 typescript
-rw-r--r-- 1 root root   57 May 14 05:07 git
-rw-r--r-- 1 root root    0 May 14 05:08 id
drwxr-xr-x 6 root root 4.0K May 14 05:10 .
-rw-r--r-- 1 root root 185K May 14 05:10 test.log
Last login: Tue May 14 05:10:10 UTC 2019
total 300K
-rwxr-xr-x 1 root root  139 May 11 16:38 test.sh
-rwxr--r-- 1 root root   93 May 11 16:42 git.sh
drwxr-xr-x 4 root root 4.0K May 12 16:06 work
-rw-r--r-- 1 root root  652 May 12 16:06 ssh.sh
-rw-r--r-- 1 root root   14 May 12 16:06 README.md
drwxr-xr-x 2 root root 4.0K May 12 16:06 ping-a-list-of-urls
-rwxr-xr-x 1 root root   78 May 12 16:06 java-version.sh
-rw-r--r-- 1 root root  134 May 12 16:06 java_version
-rw-r--r-- 1 root root  12K May 12 16:06 .java.sh.swp
-rw-r--r-- 1 root root  161 May 12 16:06 dockerinstall.sh
-rw-r--r-- 1 root root  12K May 12 16:06 .ansible.swp
-rw-r--r-- 1 root root  254 May 12 16:06 ansible.sh
drwxr-xr-x 2 root root 4.0K May 12 16:06 ansible
-rwxr--r-- 1 root root   70 May 12 16:09 process.sh
dr-xr-x--- 5 root root 4.0K May 12 16:22 ..
drwxr-xr-x 8 root root 4.0K May 12 16:23 .git
-rwxr-xr-x 1 root root  339 May 14 03:54 ssh1.sh
-rw-r--r-- 1 root root  12K May 14 03:57 .test.sh.swp
-rw-r--r-- 1 root root  193 May 14 04:12 jenkins.sh
-rwxr-xr-x 1 root root  268 May 14 04:18 java.sh
-rw-r--r-- 1 root root    0 May 14 04:28 typescript
-rw-r--r-- 1 root root   57 May 14 05:07 git
-rw-r--r-- 1 root root    0 May 14 05:08 id
drwxr-xr-x 6 root root 4.0K May 14 05:10 .
-rw-r--r-- 1 root root 186K May 14 05:10 test.log
Last login: Tue May 14 05:10:10 UTC 2019
total 300K
-rwxr-xr-x 1 root root  139 May 11 16:38 test.sh
-rwxr--r-- 1 root root   93 May 11 16:42 git.sh
drwxr-xr-x 4 root root 4.0K May 12 16:06 work
-rw-r--r-- 1 root root  652 May 12 16:06 ssh.sh
-rw-r--r-- 1 root root   14 May 12 16:06 README.md
drwxr-xr-x 2 root root 4.0K May 12 16:06 ping-a-list-of-urls
-rwxr-xr-x 1 root root   78 May 12 16:06 java-version.sh
-rw-r--r-- 1 root root  134 May 12 16:06 java_version
-rw-r--r-- 1 root root  12K May 12 16:06 .java.sh.swp
-rw-r--r-- 1 root root  161 May 12 16:06 dockerinstall.sh
-rw-r--r-- 1 root root  12K May 12 16:06 .ansible.swp
-rw-r--r-- 1 root root  254 May 12 16:06 ansible.sh
drwxr-xr-x 2 root root 4.0K May 12 16:06 ansible
-rwxr--r-- 1 root root   70 May 12 16:09 process.sh
dr-xr-x--- 5 root root 4.0K May 12 16:22 ..
drwxr-xr-x 8 root root 4.0K May 12 16:23 .git
-rwxr-xr-x 1 root root  339 May 14 03:54 ssh1.sh
-rw-r--r-- 1 root root  12K May 14 03:57 .test.sh.swp
-rw-r--r-- 1 root root  193 May 14 04:12 jenkins.sh
-rwxr-xr-x 1 root root  268 May 14 04:18 java.sh
-rw-r--r-- 1 root root    0 May 14 04:28 typescript
-rw-r--r-- 1 root root   57 May 14 05:07 git
-rw-r--r-- 1 root root    0 May 14 05:08 id
drwxr-xr-x 6 root root 4.0K May 14 05:10 .
-rw-r--r-- 1 root root 188K May 14 05:10 test.log
Last login: Tue May 14 05:10:10 UTC 2019
total 304K
-rwxr-xr-x 1 root root  139 May 11 16:38 test.sh
-rwxr--r-- 1 root root   93 May 11 16:42 git.sh
drwxr-xr-x 4 root root 4.0K May 12 16:06 work
-rw-r--r-- 1 root root  652 May 12 16:06 ssh.sh
-rw-r--r-- 1 root root   14 May 12 16:06 README.md
drwxr-xr-x 2 root root 4.0K May 12 16:06 ping-a-list-of-urls
-rwxr-xr-x 1 root root   78 May 12 16:06 java-version.sh
-rw-r--r-- 1 root root  134 May 12 16:06 java_version
-rw-r--r-- 1 root root  12K May 12 16:06 .java.sh.swp
-rw-r--r-- 1 root root  161 May 12 16:06 dockerinstall.sh
-rw-r--r-- 1 root root  12K May 12 16:06 .ansible.swp
-rw-r--r-- 1 root root  254 May 12 16:06 ansible.sh
drwxr-xr-x 2 root root 4.0K May 12 16:06 ansible
-rwxr--r-- 1 root root   70 May 12 16:09 process.sh
dr-xr-x--- 5 root root 4.0K May 12 16:22 ..
drwxr-xr-x 8 root root 4.0K May 12 16:23 .git
-rwxr-xr-x 1 root root  339 May 14 03:54 ssh1.sh
-rw-r--r-- 1 root root  12K May 14 03:57 .test.sh.swp
-rw-r--r-- 1 root root  193 May 14 04:12 jenkins.sh
-rwxr-xr-x 1 root root  268 May 14 04:18 java.sh
-rw-r--r-- 1 root root    0 May 14 04:28 typescript
-rw-r--r-- 1 root root   57 May 14 05:07 git
-rw-r--r-- 1 root root    0 May 14 05:08 id
drwxr-xr-x 6 root root 4.0K May 14 05:10 .
-rw-r--r-- 1 root root 189K May 14 05:10 test.log
Last login: Tue May 14 05:10:10 UTC 2019
total 304K
-rwxr-xr-x 1 root root  139 May 11 16:38 test.sh
-rwxr--r-- 1 root root   93 May 11 16:42 git.sh
drwxr-xr-x 4 root root 4.0K May 12 16:06 work
-rw-r--r-- 1 root root  652 May 12 16:06 ssh.sh
-rw-r--r-- 1 root root   14 May 12 16:06 README.md
drwxr-xr-x 2 root root 4.0K May 12 16:06 ping-a-list-of-urls
-rwxr-xr-x 1 root root   78 May 12 16:06 java-version.sh
-rw-r--r-- 1 root root  134 May 12 16:06 java_version
-rw-r--r-- 1 root root  12K May 12 16:06 .java.sh.swp
-rw-r--r-- 1 root root  161 May 12 16:06 dockerinstall.sh
-rw-r--r-- 1 root root  12K May 12 16:06 .ansible.swp
-rw-r--r-- 1 root root  254 May 12 16:06 ansible.sh
drwxr-xr-x 2 root root 4.0K May 12 16:06 ansible
-rwxr--r-- 1 root root   70 May 12 16:09 process.sh
dr-xr-x--- 5 root root 4.0K May 12 16:22 ..
drwxr-xr-x 8 root root 4.0K May 12 16:23 .git
-rwxr-xr-x 1 root root  339 May 14 03:54 ssh1.sh
-rw-r--r-- 1 root root  12K May 14 03:57 .test.sh.swp
-rw-r--r-- 1 root root  193 May 14 04:12 jenkins.sh
-rwxr-xr-x 1 root root  268 May 14 04:18 java.sh
-rw-r--r-- 1 root root    0 May 14 04:28 typescript
-rw-r--r-- 1 root root   57 May 14 05:07 git
-rw-r--r-- 1 root root    0 May 14 05:08 id
drwxr-xr-x 6 root root 4.0K May 14 05:10 .
-rw-r--r-- 1 root root 190K May 14 05:10 test.log
Last login: Tue May 14 05:10:10 UTC 2019
total 304K
-rwxr-xr-x 1 root root  139 May 11 16:38 test.sh
-rwxr--r-- 1 root root   93 May 11 16:42 git.sh
drwxr-xr-x 4 root root 4.0K May 12 16:06 work
-rw-r--r-- 1 root root  652 May 12 16:06 ssh.sh
-rw-r--r-- 1 root root   14 May 12 16:06 README.md
drwxr-xr-x 2 root root 4.0K May 12 16:06 ping-a-list-of-urls
-rwxr-xr-x 1 root root   78 May 12 16:06 java-version.sh
-rw-r--r-- 1 root root  134 May 12 16:06 java_version
-rw-r--r-- 1 root root  12K May 12 16:06 .java.sh.swp
-rw-r--r-- 1 root root  161 May 12 16:06 dockerinstall.sh
-rw-r--r-- 1 root root  12K May 12 16:06 .ansible.swp
-rw-r--r-- 1 root root  254 May 12 16:06 ansible.sh
drwxr-xr-x 2 root root 4.0K May 12 16:06 ansible
-rwxr--r-- 1 root root   70 May 12 16:09 process.sh
dr-xr-x--- 5 root root 4.0K May 12 16:22 ..
drwxr-xr-x 8 root root 4.0K May 12 16:23 .git
-rwxr-xr-x 1 root root  339 May 14 03:54 ssh1.sh
-rw-r--r-- 1 root root  12K May 14 03:57 .test.sh.swp
-rw-r--r-- 1 root root  193 May 14 04:12 jenkins.sh
-rwxr-xr-x 1 root root  268 May 14 04:18 java.sh
-rw-r--r-- 1 root root    0 May 14 04:28 typescript
-rw-r--r-- 1 root root   57 May 14 05:07 git
-rw-r--r-- 1 root root    0 May 14 05:08 id
drwxr-xr-x 6 root root 4.0K May 14 05:10 .
-rw-r--r-- 1 root root 192K May 14 05:10 test.log
Last login: Tue May 14 05:10:10 UTC 2019
total 308K
-rwxr-xr-x 1 root root  139 May 11 16:38 test.sh
-rwxr--r-- 1 root root   93 May 11 16:42 git.sh
drwxr-xr-x 4 root root 4.0K May 12 16:06 work
-rw-r--r-- 1 root root  652 May 12 16:06 ssh.sh
-rw-r--r-- 1 root root   14 May 12 16:06 README.md
drwxr-xr-x 2 root root 4.0K May 12 16:06 ping-a-list-of-urls
-rwxr-xr-x 1 root root   78 May 12 16:06 java-version.sh
-rw-r--r-- 1 root root  134 May 12 16:06 java_version
-rw-r--r-- 1 root root  12K May 12 16:06 .java.sh.swp
-rw-r--r-- 1 root root  161 May 12 16:06 dockerinstall.sh
-rw-r--r-- 1 root root  12K May 12 16:06 .ansible.swp
-rw-r--r-- 1 root root  254 May 12 16:06 ansible.sh
drwxr-xr-x 2 root root 4.0K May 12 16:06 ansible
-rwxr--r-- 1 root root   70 May 12 16:09 process.sh
dr-xr-x--- 5 root root 4.0K May 12 16:22 ..
drwxr-xr-x 8 root root 4.0K May 12 16:23 .git
-rwxr-xr-x 1 root root  339 May 14 03:54 ssh1.sh
-rw-r--r-- 1 root root  12K May 14 03:57 .test.sh.swp
-rw-r--r-- 1 root root  193 May 14 04:12 jenkins.sh
-rwxr-xr-x 1 root root  268 May 14 04:18 java.sh
-rw-r--r-- 1 root root    0 May 14 04:28 typescript
-rw-r--r-- 1 root root   57 May 14 05:07 git
-rw-r--r-- 1 root root    0 May 14 05:08 id
drwxr-xr-x 6 root root 4.0K May 14 05:10 .
-rw-r--r-- 1 root root 193K May 14 05:10 test.log
Last login: Tue May 14 05:10:10 UTC 2019
total 308K
-rwxr-xr-x 1 root root  139 May 11 16:38 test.sh
-rwxr--r-- 1 root root   93 May 11 16:42 git.sh
drwxr-xr-x 4 root root 4.0K May 12 16:06 work
-rw-r--r-- 1 root root  652 May 12 16:06 ssh.sh
-rw-r--r-- 1 root root   14 May 12 16:06 README.md
drwxr-xr-x 2 root root 4.0K May 12 16:06 ping-a-list-of-urls
-rwxr-xr-x 1 root root   78 May 12 16:06 java-version.sh
-rw-r--r-- 1 root root  134 May 12 16:06 java_version
-rw-r--r-- 1 root root  12K May 12 16:06 .java.sh.swp
-rw-r--r-- 1 root root  161 May 12 16:06 dockerinstall.sh
-rw-r--r-- 1 root root  12K May 12 16:06 .ansible.swp
-rw-r--r-- 1 root root  254 May 12 16:06 ansible.sh
drwxr-xr-x 2 root root 4.0K May 12 16:06 ansible
-rwxr--r-- 1 root root   70 May 12 16:09 process.sh
dr-xr-x--- 5 root root 4.0K May 12 16:22 ..
drwxr-xr-x 8 root root 4.0K May 12 16:23 .git
-rwxr-xr-x 1 root root  339 May 14 03:54 ssh1.sh
-rw-r--r-- 1 root root  12K May 14 03:57 .test.sh.swp
-rw-r--r-- 1 root root  193 May 14 04:12 jenkins.sh
-rwxr-xr-x 1 root root  268 May 14 04:18 java.sh
-rw-r--r-- 1 root root    0 May 14 04:28 typescript
-rw-r--r-- 1 root root   57 May 14 05:07 git
-rw-r--r-- 1 root root    0 May 14 05:08 id
drwxr-xr-x 6 root root 4.0K May 14 05:10 .
-rw-r--r-- 1 root root 194K May 14 05:10 test.log
Last login: Tue May 14 05:10:10 UTC 2019
total 308K
-rwxr-xr-x 1 root root  139 May 11 16:38 test.sh
-rwxr--r-- 1 root root   93 May 11 16:42 git.sh
drwxr-xr-x 4 root root 4.0K May 12 16:06 work
-rw-r--r-- 1 root root  652 May 12 16:06 ssh.sh
-rw-r--r-- 1 root root   14 May 12 16:06 README.md
drwxr-xr-x 2 root root 4.0K May 12 16:06 ping-a-list-of-urls
-rwxr-xr-x 1 root root   78 May 12 16:06 java-version.sh
-rw-r--r-- 1 root root  134 May 12 16:06 java_version
-rw-r--r-- 1 root root  12K May 12 16:06 .java.sh.swp
-rw-r--r-- 1 root root  161 May 12 16:06 dockerinstall.sh
-rw-r--r-- 1 root root  12K May 12 16:06 .ansible.swp
-rw-r--r-- 1 root root  254 May 12 16:06 ansible.sh
drwxr-xr-x 2 root root 4.0K May 12 16:06 ansible
-rwxr--r-- 1 root root   70 May 12 16:09 process.sh
dr-xr-x--- 5 root root 4.0K May 12 16:22 ..
drwxr-xr-x 8 root root 4.0K May 12 16:23 .git
-rwxr-xr-x 1 root root  339 May 14 03:54 ssh1.sh
-rw-r--r-- 1 root root  12K May 14 03:57 .test.sh.swp
-rw-r--r-- 1 root root  193 May 14 04:12 jenkins.sh
-rwxr-xr-x 1 root root  268 May 14 04:18 java.sh
-rw-r--r-- 1 root root    0 May 14 04:28 typescript
-rw-r--r-- 1 root root   57 May 14 05:07 git
-rw-r--r-- 1 root root    0 May 14 05:08 id
drwxr-xr-x 6 root root 4.0K May 14 05:10 .
-rw-r--r-- 1 root root 195K May 14 05:10 test.log
Last login: Tue May 14 05:10:10 UTC 2019
total 312K
-rwxr-xr-x 1 root root  139 May 11 16:38 test.sh
-rwxr--r-- 1 root root   93 May 11 16:42 git.sh
drwxr-xr-x 4 root root 4.0K May 12 16:06 work
-rw-r--r-- 1 root root  652 May 12 16:06 ssh.sh
-rw-r--r-- 1 root root   14 May 12 16:06 README.md
drwxr-xr-x 2 root root 4.0K May 12 16:06 ping-a-list-of-urls
-rwxr-xr-x 1 root root   78 May 12 16:06 java-version.sh
-rw-r--r-- 1 root root  134 May 12 16:06 java_version
-rw-r--r-- 1 root root  12K May 12 16:06 .java.sh.swp
-rw-r--r-- 1 root root  161 May 12 16:06 dockerinstall.sh
-rw-r--r-- 1 root root  12K May 12 16:06 .ansible.swp
-rw-r--r-- 1 root root  254 May 12 16:06 ansible.sh
drwxr-xr-x 2 root root 4.0K May 12 16:06 ansible
-rwxr--r-- 1 root root   70 May 12 16:09 process.sh
dr-xr-x--- 5 root root 4.0K May 12 16:22 ..
drwxr-xr-x 8 root root 4.0K May 12 16:23 .git
-rwxr-xr-x 1 root root  339 May 14 03:54 ssh1.sh
-rw-r--r-- 1 root root  12K May 14 03:57 .test.sh.swp
-rw-r--r-- 1 root root  193 May 14 04:12 jenkins.sh
-rwxr-xr-x 1 root root  268 May 14 04:18 java.sh
-rw-r--r-- 1 root root    0 May 14 04:28 typescript
-rw-r--r-- 1 root root   57 May 14 05:07 git
-rw-r--r-- 1 root root    0 May 14 05:08 id
drwxr-xr-x 6 root root 4.0K May 14 05:10 .
-rw-r--r-- 1 root root 197K May 14 05:10 test.log
Last login: Tue May 14 05:10:10 UTC 2019
total 312K
-rwxr-xr-x 1 root root  139 May 11 16:38 test.sh
-rwxr--r-- 1 root root   93 May 11 16:42 git.sh
drwxr-xr-x 4 root root 4.0K May 12 16:06 work
-rw-r--r-- 1 root root  652 May 12 16:06 ssh.sh
-rw-r--r-- 1 root root   14 May 12 16:06 README.md
drwxr-xr-x 2 root root 4.0K May 12 16:06 ping-a-list-of-urls
-rwxr-xr-x 1 root root   78 May 12 16:06 java-version.sh
-rw-r--r-- 1 root root  134 May 12 16:06 java_version
-rw-r--r-- 1 root root  12K May 12 16:06 .java.sh.swp
-rw-r--r-- 1 root root  161 May 12 16:06 dockerinstall.sh
-rw-r--r-- 1 root root  12K May 12 16:06 .ansible.swp
-rw-r--r-- 1 root root  254 May 12 16:06 ansible.sh
drwxr-xr-x 2 root root 4.0K May 12 16:06 ansible
-rwxr--r-- 1 root root   70 May 12 16:09 process.sh
dr-xr-x--- 5 root root 4.0K May 12 16:22 ..
drwxr-xr-x 8 root root 4.0K May 12 16:23 .git
-rwxr-xr-x 1 root root  339 May 14 03:54 ssh1.sh
-rw-r--r-- 1 root root  12K May 14 03:57 .test.sh.swp
-rw-r--r-- 1 root root  193 May 14 04:12 jenkins.sh
-rwxr-xr-x 1 root root  268 May 14 04:18 java.sh
-rw-r--r-- 1 root root    0 May 14 04:28 typescript
-rw-r--r-- 1 root root   57 May 14 05:07 git
-rw-r--r-- 1 root root    0 May 14 05:08 id
drwxr-xr-x 6 root root 4.0K May 14 05:10 .
-rw-r--r-- 1 root root 198K May 14 05:10 test.log
Last login: Tue May 14 05:10:10 UTC 2019
total 312K
-rwxr-xr-x 1 root root  139 May 11 16:38 test.sh
-rwxr--r-- 1 root root   93 May 11 16:42 git.sh
drwxr-xr-x 4 root root 4.0K May 12 16:06 work
-rw-r--r-- 1 root root  652 May 12 16:06 ssh.sh
-rw-r--r-- 1 root root   14 May 12 16:06 README.md
drwxr-xr-x 2 root root 4.0K May 12 16:06 ping-a-list-of-urls
-rwxr-xr-x 1 root root   78 May 12 16:06 java-version.sh
-rw-r--r-- 1 root root  134 May 12 16:06 java_version
-rw-r--r-- 1 root root  12K May 12 16:06 .java.sh.swp
-rw-r--r-- 1 root root  161 May 12 16:06 dockerinstall.sh
-rw-r--r-- 1 root root  12K May 12 16:06 .ansible.swp
-rw-r--r-- 1 root root  254 May 12 16:06 ansible.sh
drwxr-xr-x 2 root root 4.0K May 12 16:06 ansible
-rwxr--r-- 1 root root   70 May 12 16:09 process.sh
dr-xr-x--- 5 root root 4.0K May 12 16:22 ..
drwxr-xr-x 8 root root 4.0K May 12 16:23 .git
-rwxr-xr-x 1 root root  339 May 14 03:54 ssh1.sh
-rw-r--r-- 1 root root  12K May 14 03:57 .test.sh.swp
-rw-r--r-- 1 root root  193 May 14 04:12 jenkins.sh
-rwxr-xr-x 1 root root  268 May 14 04:18 java.sh
-rw-r--r-- 1 root root    0 May 14 04:28 typescript
-rw-r--r-- 1 root root   57 May 14 05:07 git
-rw-r--r-- 1 root root    0 May 14 05:08 id
drwxr-xr-x 6 root root 4.0K May 14 05:10 .
-rw-r--r-- 1 root root 199K May 14 05:10 test.log
Last login: Tue May 14 05:10:10 UTC 2019
total 316K
-rwxr-xr-x 1 root root  139 May 11 16:38 test.sh
-rwxr--r-- 1 root root   93 May 11 16:42 git.sh
drwxr-xr-x 4 root root 4.0K May 12 16:06 work
-rw-r--r-- 1 root root  652 May 12 16:06 ssh.sh
-rw-r--r-- 1 root root   14 May 12 16:06 README.md
drwxr-xr-x 2 root root 4.0K May 12 16:06 ping-a-list-of-urls
-rwxr-xr-x 1 root root   78 May 12 16:06 java-version.sh
-rw-r--r-- 1 root root  134 May 12 16:06 java_version
-rw-r--r-- 1 root root  12K May 12 16:06 .java.sh.swp
-rw-r--r-- 1 root root  161 May 12 16:06 dockerinstall.sh
-rw-r--r-- 1 root root  12K May 12 16:06 .ansible.swp
-rw-r--r-- 1 root root  254 May 12 16:06 ansible.sh
drwxr-xr-x 2 root root 4.0K May 12 16:06 ansible
-rwxr--r-- 1 root root   70 May 12 16:09 process.sh
dr-xr-x--- 5 root root 4.0K May 12 16:22 ..
drwxr-xr-x 8 root root 4.0K May 12 16:23 .git
-rwxr-xr-x 1 root root  339 May 14 03:54 ssh1.sh
-rw-r--r-- 1 root root  12K May 14 03:57 .test.sh.swp
-rw-r--r-- 1 root root  193 May 14 04:12 jenkins.sh
-rwxr-xr-x 1 root root  268 May 14 04:18 java.sh
-rw-r--r-- 1 root root    0 May 14 04:28 typescript
-rw-r--r-- 1 root root   57 May 14 05:07 git
-rw-r--r-- 1 root root    0 May 14 05:08 id
drwxr-xr-x 6 root root 4.0K May 14 05:10 .
-rw-r--r-- 1 root root 201K May 14 05:10 test.log
Last login: Tue May 14 05:10:10 UTC 2019
total 316K
-rwxr-xr-x 1 root root  139 May 11 16:38 test.sh
-rwxr--r-- 1 root root   93 May 11 16:42 git.sh
drwxr-xr-x 4 root root 4.0K May 12 16:06 work
-rw-r--r-- 1 root root  652 May 12 16:06 ssh.sh
-rw-r--r-- 1 root root   14 May 12 16:06 README.md
drwxr-xr-x 2 root root 4.0K May 12 16:06 ping-a-list-of-urls
-rwxr-xr-x 1 root root   78 May 12 16:06 java-version.sh
-rw-r--r-- 1 root root  134 May 12 16:06 java_version
-rw-r--r-- 1 root root  12K May 12 16:06 .java.sh.swp
-rw-r--r-- 1 root root  161 May 12 16:06 dockerinstall.sh
-rw-r--r-- 1 root root  12K May 12 16:06 .ansible.swp
-rw-r--r-- 1 root root  254 May 12 16:06 ansible.sh
drwxr-xr-x 2 root root 4.0K May 12 16:06 ansible
-rwxr--r-- 1 root root   70 May 12 16:09 process.sh
dr-xr-x--- 5 root root 4.0K May 12 16:22 ..
drwxr-xr-x 8 root root 4.0K May 12 16:23 .git
-rwxr-xr-x 1 root root  339 May 14 03:54 ssh1.sh
-rw-r--r-- 1 root root  12K May 14 03:57 .test.sh.swp
-rw-r--r-- 1 root root  193 May 14 04:12 jenkins.sh
-rwxr-xr-x 1 root root  268 May 14 04:18 java.sh
-rw-r--r-- 1 root root    0 May 14 04:28 typescript
-rw-r--r-- 1 root root   57 May 14 05:07 git
-rw-r--r-- 1 root root    0 May 14 05:08 id
drwxr-xr-x 6 root root 4.0K May 14 05:10 .
-rw-r--r-- 1 root root 202K May 14 05:10 test.log
Last login: Tue May 14 05:10:10 UTC 2019
total 316K
-rwxr-xr-x 1 root root  139 May 11 16:38 test.sh
-rwxr--r-- 1 root root   93 May 11 16:42 git.sh
drwxr-xr-x 4 root root 4.0K May 12 16:06 work
-rw-r--r-- 1 root root  652 May 12 16:06 ssh.sh
-rw-r--r-- 1 root root   14 May 12 16:06 README.md
drwxr-xr-x 2 root root 4.0K May 12 16:06 ping-a-list-of-urls
-rwxr-xr-x 1 root root   78 May 12 16:06 java-version.sh
-rw-r--r-- 1 root root  134 May 12 16:06 java_version
-rw-r--r-- 1 root root  12K May 12 16:06 .java.sh.swp
-rw-r--r-- 1 root root  161 May 12 16:06 dockerinstall.sh
-rw-r--r-- 1 root root  12K May 12 16:06 .ansible.swp
-rw-r--r-- 1 root root  254 May 12 16:06 ansible.sh
drwxr-xr-x 2 root root 4.0K May 12 16:06 ansible
-rwxr--r-- 1 root root   70 May 12 16:09 process.sh
dr-xr-x--- 5 root root 4.0K May 12 16:22 ..
drwxr-xr-x 8 root root 4.0K May 12 16:23 .git
-rwxr-xr-x 1 root root  339 May 14 03:54 ssh1.sh
-rw-r--r-- 1 root root  12K May 14 03:57 .test.sh.swp
-rw-r--r-- 1 root root  193 May 14 04:12 jenkins.sh
-rwxr-xr-x 1 root root  268 May 14 04:18 java.sh
-rw-r--r-- 1 root root    0 May 14 04:28 typescript
-rw-r--r-- 1 root root   57 May 14 05:07 git
-rw-r--r-- 1 root root    0 May 14 05:08 id
drwxr-xr-x 6 root root 4.0K May 14 05:10 .
-rw-r--r-- 1 root root 203K May 14 05:10 test.log
Last login: Tue May 14 05:10:10 UTC 2019
total 316K
-rwxr-xr-x 1 root root  139 May 11 16:38 test.sh
-rwxr--r-- 1 root root   93 May 11 16:42 git.sh
drwxr-xr-x 4 root root 4.0K May 12 16:06 work
-rw-r--r-- 1 root root  652 May 12 16:06 ssh.sh
-rw-r--r-- 1 root root   14 May 12 16:06 README.md
drwxr-xr-x 2 root root 4.0K May 12 16:06 ping-a-list-of-urls
-rwxr-xr-x 1 root root   78 May 12 16:06 java-version.sh
-rw-r--r-- 1 root root  134 May 12 16:06 java_version
-rw-r--r-- 1 root root  12K May 12 16:06 .java.sh.swp
-rw-r--r-- 1 root root  161 May 12 16:06 dockerinstall.sh
-rw-r--r-- 1 root root  12K May 12 16:06 .ansible.swp
-rw-r--r-- 1 root root  254 May 12 16:06 ansible.sh
drwxr-xr-x 2 root root 4.0K May 12 16:06 ansible
-rwxr--r-- 1 root root   70 May 12 16:09 process.sh
dr-xr-x--- 5 root root 4.0K May 12 16:22 ..
drwxr-xr-x 8 root root 4.0K May 12 16:23 .git
-rwxr-xr-x 1 root root  339 May 14 03:54 ssh1.sh
-rw-r--r-- 1 root root  12K May 14 03:57 .test.sh.swp
-rw-r--r-- 1 root root  193 May 14 04:12 jenkins.sh
-rwxr-xr-x 1 root root  268 May 14 04:18 java.sh
-rw-r--r-- 1 root root    0 May 14 04:28 typescript
-rw-r--r-- 1 root root   57 May 14 05:07 git
-rw-r--r-- 1 root root    0 May 14 05:08 id
drwxr-xr-x 6 root root 4.0K May 14 05:10 .
-rw-r--r-- 1 root root 204K May 14 05:10 test.log
Last login: Tue May 14 05:10:10 UTC 2019
total 320K
-rwxr-xr-x 1 root root  139 May 11 16:38 test.sh
-rwxr--r-- 1 root root   93 May 11 16:42 git.sh
drwxr-xr-x 4 root root 4.0K May 12 16:06 work
-rw-r--r-- 1 root root  652 May 12 16:06 ssh.sh
-rw-r--r-- 1 root root   14 May 12 16:06 README.md
drwxr-xr-x 2 root root 4.0K May 12 16:06 ping-a-list-of-urls
-rwxr-xr-x 1 root root   78 May 12 16:06 java-version.sh
-rw-r--r-- 1 root root  134 May 12 16:06 java_version
-rw-r--r-- 1 root root  12K May 12 16:06 .java.sh.swp
-rw-r--r-- 1 root root  161 May 12 16:06 dockerinstall.sh
-rw-r--r-- 1 root root  12K May 12 16:06 .ansible.swp
-rw-r--r-- 1 root root  254 May 12 16:06 ansible.sh
drwxr-xr-x 2 root root 4.0K May 12 16:06 ansible
-rwxr--r-- 1 root root   70 May 12 16:09 process.sh
dr-xr-x--- 5 root root 4.0K May 12 16:22 ..
drwxr-xr-x 8 root root 4.0K May 12 16:23 .git
-rwxr-xr-x 1 root root  339 May 14 03:54 ssh1.sh
-rw-r--r-- 1 root root  12K May 14 03:57 .test.sh.swp
-rw-r--r-- 1 root root  193 May 14 04:12 jenkins.sh
-rwxr-xr-x 1 root root  268 May 14 04:18 java.sh
-rw-r--r-- 1 root root    0 May 14 04:28 typescript
-rw-r--r-- 1 root root   57 May 14 05:07 git
-rw-r--r-- 1 root root    0 May 14 05:08 id
drwxr-xr-x 6 root root 4.0K May 14 05:10 .
-rw-r--r-- 1 root root 206K May 14 05:10 test.log
Last login: Tue May 14 05:10:10 UTC 2019
total 320K
-rwxr-xr-x 1 root root  139 May 11 16:38 test.sh
-rwxr--r-- 1 root root   93 May 11 16:42 git.sh
drwxr-xr-x 4 root root 4.0K May 12 16:06 work
-rw-r--r-- 1 root root  652 May 12 16:06 ssh.sh
-rw-r--r-- 1 root root   14 May 12 16:06 README.md
drwxr-xr-x 2 root root 4.0K May 12 16:06 ping-a-list-of-urls
-rwxr-xr-x 1 root root   78 May 12 16:06 java-version.sh
-rw-r--r-- 1 root root  134 May 12 16:06 java_version
-rw-r--r-- 1 root root  12K May 12 16:06 .java.sh.swp
-rw-r--r-- 1 root root  161 May 12 16:06 dockerinstall.sh
-rw-r--r-- 1 root root  12K May 12 16:06 .ansible.swp
-rw-r--r-- 1 root root  254 May 12 16:06 ansible.sh
drwxr-xr-x 2 root root 4.0K May 12 16:06 ansible
-rwxr--r-- 1 root root   70 May 12 16:09 process.sh
dr-xr-x--- 5 root root 4.0K May 12 16:22 ..
drwxr-xr-x 8 root root 4.0K May 12 16:23 .git
-rwxr-xr-x 1 root root  339 May 14 03:54 ssh1.sh
-rw-r--r-- 1 root root  12K May 14 03:57 .test.sh.swp
-rw-r--r-- 1 root root  193 May 14 04:12 jenkins.sh
-rwxr-xr-x 1 root root  268 May 14 04:18 java.sh
-rw-r--r-- 1 root root    0 May 14 04:28 typescript
-rw-r--r-- 1 root root   57 May 14 05:07 git
-rw-r--r-- 1 root root    0 May 14 05:08 id
drwxr-xr-x 6 root root 4.0K May 14 05:10 .
-rw-r--r-- 1 root root 207K May 14 05:10 test.log
Last login: Tue May 14 05:10:10 UTC 2019
total 320K
-rwxr-xr-x 1 root root  139 May 11 16:38 test.sh
-rwxr--r-- 1 root root   93 May 11 16:42 git.sh
drwxr-xr-x 4 root root 4.0K May 12 16:06 work
-rw-r--r-- 1 root root  652 May 12 16:06 ssh.sh
-rw-r--r-- 1 root root   14 May 12 16:06 README.md
drwxr-xr-x 2 root root 4.0K May 12 16:06 ping-a-list-of-urls
-rwxr-xr-x 1 root root   78 May 12 16:06 java-version.sh
-rw-r--r-- 1 root root  134 May 12 16:06 java_version
-rw-r--r-- 1 root root  12K May 12 16:06 .java.sh.swp
-rw-r--r-- 1 root root  161 May 12 16:06 dockerinstall.sh
-rw-r--r-- 1 root root  12K May 12 16:06 .ansible.swp
-rw-r--r-- 1 root root  254 May 12 16:06 ansible.sh
drwxr-xr-x 2 root root 4.0K May 12 16:06 ansible
-rwxr--r-- 1 root root   70 May 12 16:09 process.sh
dr-xr-x--- 5 root root 4.0K May 12 16:22 ..
drwxr-xr-x 8 root root 4.0K May 12 16:23 .git
-rwxr-xr-x 1 root root  339 May 14 03:54 ssh1.sh
-rw-r--r-- 1 root root  12K May 14 03:57 .test.sh.swp
-rw-r--r-- 1 root root  193 May 14 04:12 jenkins.sh
-rwxr-xr-x 1 root root  268 May 14 04:18 java.sh
-rw-r--r-- 1 root root    0 May 14 04:28 typescript
-rw-r--r-- 1 root root   57 May 14 05:07 git
-rw-r--r-- 1 root root    0 May 14 05:08 id
drwxr-xr-x 6 root root 4.0K May 14 05:10 .
-rw-r--r-- 1 root root 208K May 14 05:10 test.log
Last login: Tue May 14 05:10:10 UTC 2019
total 324K
-rwxr-xr-x 1 root root  139 May 11 16:38 test.sh
-rwxr--r-- 1 root root   93 May 11 16:42 git.sh
drwxr-xr-x 4 root root 4.0K May 12 16:06 work
-rw-r--r-- 1 root root  652 May 12 16:06 ssh.sh
-rw-r--r-- 1 root root   14 May 12 16:06 README.md
drwxr-xr-x 2 root root 4.0K May 12 16:06 ping-a-list-of-urls
-rwxr-xr-x 1 root root   78 May 12 16:06 java-version.sh
-rw-r--r-- 1 root root  134 May 12 16:06 java_version
-rw-r--r-- 1 root root  12K May 12 16:06 .java.sh.swp
-rw-r--r-- 1 root root  161 May 12 16:06 dockerinstall.sh
-rw-r--r-- 1 root root  12K May 12 16:06 .ansible.swp
-rw-r--r-- 1 root root  254 May 12 16:06 ansible.sh
drwxr-xr-x 2 root root 4.0K May 12 16:06 ansible
-rwxr--r-- 1 root root   70 May 12 16:09 process.sh
dr-xr-x--- 5 root root 4.0K May 12 16:22 ..
drwxr-xr-x 8 root root 4.0K May 12 16:23 .git
-rwxr-xr-x 1 root root  339 May 14 03:54 ssh1.sh
-rw-r--r-- 1 root root  12K May 14 03:57 .test.sh.swp
-rw-r--r-- 1 root root  193 May 14 04:12 jenkins.sh
-rwxr-xr-x 1 root root  268 May 14 04:18 java.sh
-rw-r--r-- 1 root root    0 May 14 04:28 typescript
-rw-r--r-- 1 root root   57 May 14 05:07 git
-rw-r--r-- 1 root root    0 May 14 05:08 id
drwxr-xr-x 6 root root 4.0K May 14 05:10 .
-rw-r--r-- 1 root root 210K May 14 05:10 test.log
Last login: Tue May 14 05:10:10 UTC 2019
total 324K
-rwxr-xr-x 1 root root  139 May 11 16:38 test.sh
-rwxr--r-- 1 root root   93 May 11 16:42 git.sh
drwxr-xr-x 4 root root 4.0K May 12 16:06 work
-rw-r--r-- 1 root root  652 May 12 16:06 ssh.sh
-rw-r--r-- 1 root root   14 May 12 16:06 README.md
drwxr-xr-x 2 root root 4.0K May 12 16:06 ping-a-list-of-urls
-rwxr-xr-x 1 root root   78 May 12 16:06 java-version.sh
-rw-r--r-- 1 root root  134 May 12 16:06 java_version
-rw-r--r-- 1 root root  12K May 12 16:06 .java.sh.swp
-rw-r--r-- 1 root root  161 May 12 16:06 dockerinstall.sh
-rw-r--r-- 1 root root  12K May 12 16:06 .ansible.swp
-rw-r--r-- 1 root root  254 May 12 16:06 ansible.sh
drwxr-xr-x 2 root root 4.0K May 12 16:06 ansible
-rwxr--r-- 1 root root   70 May 12 16:09 process.sh
dr-xr-x--- 5 root root 4.0K May 12 16:22 ..
drwxr-xr-x 8 root root 4.0K May 12 16:23 .git
-rwxr-xr-x 1 root root  339 May 14 03:54 ssh1.sh
-rw-r--r-- 1 root root  12K May 14 03:57 .test.sh.swp
-rw-r--r-- 1 root root  193 May 14 04:12 jenkins.sh
-rwxr-xr-x 1 root root  268 May 14 04:18 java.sh
-rw-r--r-- 1 root root    0 May 14 04:28 typescript
-rw-r--r-- 1 root root   57 May 14 05:07 git
-rw-r--r-- 1 root root    0 May 14 05:08 id
drwxr-xr-x 6 root root 4.0K May 14 05:10 .
-rw-r--r-- 1 root root 211K May 14 05:10 test.log
Last login: Tue May 14 05:10:10 UTC 2019
total 324K
-rwxr-xr-x 1 root root  139 May 11 16:38 test.sh
-rwxr--r-- 1 root root   93 May 11 16:42 git.sh
drwxr-xr-x 4 root root 4.0K May 12 16:06 work
-rw-r--r-- 1 root root  652 May 12 16:06 ssh.sh
-rw-r--r-- 1 root root   14 May 12 16:06 README.md
drwxr-xr-x 2 root root 4.0K May 12 16:06 ping-a-list-of-urls
-rwxr-xr-x 1 root root   78 May 12 16:06 java-version.sh
-rw-r--r-- 1 root root  134 May 12 16:06 java_version
-rw-r--r-- 1 root root  12K May 12 16:06 .java.sh.swp
-rw-r--r-- 1 root root  161 May 12 16:06 dockerinstall.sh
-rw-r--r-- 1 root root  12K May 12 16:06 .ansible.swp
-rw-r--r-- 1 root root  254 May 12 16:06 ansible.sh
drwxr-xr-x 2 root root 4.0K May 12 16:06 ansible
-rwxr--r-- 1 root root   70 May 12 16:09 process.sh
dr-xr-x--- 5 root root 4.0K May 12 16:22 ..
drwxr-xr-x 8 root root 4.0K May 12 16:23 .git
-rwxr-xr-x 1 root root  339 May 14 03:54 ssh1.sh
-rw-r--r-- 1 root root  12K May 14 03:57 .test.sh.swp
-rw-r--r-- 1 root root  193 May 14 04:12 jenkins.sh
-rwxr-xr-x 1 root root  268 May 14 04:18 java.sh
-rw-r--r-- 1 root root    0 May 14 04:28 typescript
-rw-r--r-- 1 root root   57 May 14 05:07 git
-rw-r--r-- 1 root root    0 May 14 05:08 id
drwxr-xr-x 6 root root 4.0K May 14 05:10 .
-rw-r--r-- 1 root root 212K May 14 05:10 test.log
Last login: Tue May 14 05:10:10 UTC 2019
total 328K
-rwxr-xr-x 1 root root  139 May 11 16:38 test.sh
-rwxr--r-- 1 root root   93 May 11 16:42 git.sh
drwxr-xr-x 4 root root 4.0K May 12 16:06 work
-rw-r--r-- 1 root root  652 May 12 16:06 ssh.sh
-rw-r--r-- 1 root root   14 May 12 16:06 README.md
drwxr-xr-x 2 root root 4.0K May 12 16:06 ping-a-list-of-urls
-rwxr-xr-x 1 root root   78 May 12 16:06 java-version.sh
-rw-r--r-- 1 root root  134 May 12 16:06 java_version
-rw-r--r-- 1 root root  12K May 12 16:06 .java.sh.swp
-rw-r--r-- 1 root root  161 May 12 16:06 dockerinstall.sh
-rw-r--r-- 1 root root  12K May 12 16:06 .ansible.swp
-rw-r--r-- 1 root root  254 May 12 16:06 ansible.sh
drwxr-xr-x 2 root root 4.0K May 12 16:06 ansible
-rwxr--r-- 1 root root   70 May 12 16:09 process.sh
dr-xr-x--- 5 root root 4.0K May 12 16:22 ..
drwxr-xr-x 8 root root 4.0K May 12 16:23 .git
-rwxr-xr-x 1 root root  339 May 14 03:54 ssh1.sh
-rw-r--r-- 1 root root  12K May 14 03:57 .test.sh.swp
-rw-r--r-- 1 root root  193 May 14 04:12 jenkins.sh
-rwxr-xr-x 1 root root  268 May 14 04:18 java.sh
-rw-r--r-- 1 root root    0 May 14 04:28 typescript
-rw-r--r-- 1 root root   57 May 14 05:07 git
-rw-r--r-- 1 root root    0 May 14 05:08 id
drwxr-xr-x 6 root root 4.0K May 14 05:10 .
-rw-r--r-- 1 root root 213K May 14 05:10 test.log
Last login: Tue May 14 05:10:10 UTC 2019
total 328K
-rwxr-xr-x 1 root root  139 May 11 16:38 test.sh
-rwxr--r-- 1 root root   93 May 11 16:42 git.sh
drwxr-xr-x 4 root root 4.0K May 12 16:06 work
-rw-r--r-- 1 root root  652 May 12 16:06 ssh.sh
-rw-r--r-- 1 root root   14 May 12 16:06 README.md
drwxr-xr-x 2 root root 4.0K May 12 16:06 ping-a-list-of-urls
-rwxr-xr-x 1 root root   78 May 12 16:06 java-version.sh
-rw-r--r-- 1 root root  134 May 12 16:06 java_version
-rw-r--r-- 1 root root  12K May 12 16:06 .java.sh.swp
-rw-r--r-- 1 root root  161 May 12 16:06 dockerinstall.sh
-rw-r--r-- 1 root root  12K May 12 16:06 .ansible.swp
-rw-r--r-- 1 root root  254 May 12 16:06 ansible.sh
drwxr-xr-x 2 root root 4.0K May 12 16:06 ansible
-rwxr--r-- 1 root root   70 May 12 16:09 process.sh
dr-xr-x--- 5 root root 4.0K May 12 16:22 ..
drwxr-xr-x 8 root root 4.0K May 12 16:23 .git
-rwxr-xr-x 1 root root  339 May 14 03:54 ssh1.sh
-rw-r--r-- 1 root root  12K May 14 03:57 .test.sh.swp
-rw-r--r-- 1 root root  193 May 14 04:12 jenkins.sh
-rwxr-xr-x 1 root root  268 May 14 04:18 java.sh
-rw-r--r-- 1 root root    0 May 14 04:28 typescript
-rw-r--r-- 1 root root   57 May 14 05:07 git
-rw-r--r-- 1 root root    0 May 14 05:08 id
drwxr-xr-x 6 root root 4.0K May 14 05:10 .
-rw-r--r-- 1 root root 215K May 14 05:10 test.log
Last login: Tue May 14 05:10:10 UTC 2019
total 328K
-rwxr-xr-x 1 root root  139 May 11 16:38 test.sh
-rwxr--r-- 1 root root   93 May 11 16:42 git.sh
drwxr-xr-x 4 root root 4.0K May 12 16:06 work
-rw-r--r-- 1 root root  652 May 12 16:06 ssh.sh
-rw-r--r-- 1 root root   14 May 12 16:06 README.md
drwxr-xr-x 2 root root 4.0K May 12 16:06 ping-a-list-of-urls
-rwxr-xr-x 1 root root   78 May 12 16:06 java-version.sh
-rw-r--r-- 1 root root  134 May 12 16:06 java_version
-rw-r--r-- 1 root root  12K May 12 16:06 .java.sh.swp
-rw-r--r-- 1 root root  161 May 12 16:06 dockerinstall.sh
-rw-r--r-- 1 root root  12K May 12 16:06 .ansible.swp
-rw-r--r-- 1 root root  254 May 12 16:06 ansible.sh
drwxr-xr-x 2 root root 4.0K May 12 16:06 ansible
-rwxr--r-- 1 root root   70 May 12 16:09 process.sh
dr-xr-x--- 5 root root 4.0K May 12 16:22 ..
drwxr-xr-x 8 root root 4.0K May 12 16:23 .git
-rwxr-xr-x 1 root root  339 May 14 03:54 ssh1.sh
-rw-r--r-- 1 root root  12K May 14 03:57 .test.sh.swp
-rw-r--r-- 1 root root  193 May 14 04:12 jenkins.sh
-rwxr-xr-x 1 root root  268 May 14 04:18 java.sh
-rw-r--r-- 1 root root    0 May 14 04:28 typescript
-rw-r--r-- 1 root root   57 May 14 05:07 git
-rw-r--r-- 1 root root    0 May 14 05:08 id
drwxr-xr-x 6 root root 4.0K May 14 05:10 .
-rw-r--r-- 1 root root 216K May 14 05:10 test.log
Last login: Tue May 14 05:10:10 UTC 2019
total 332K
-rwxr-xr-x 1 root root  139 May 11 16:38 test.sh
-rwxr--r-- 1 root root   93 May 11 16:42 git.sh
drwxr-xr-x 4 root root 4.0K May 12 16:06 work
-rw-r--r-- 1 root root  652 May 12 16:06 ssh.sh
-rw-r--r-- 1 root root   14 May 12 16:06 README.md
drwxr-xr-x 2 root root 4.0K May 12 16:06 ping-a-list-of-urls
-rwxr-xr-x 1 root root   78 May 12 16:06 java-version.sh
-rw-r--r-- 1 root root  134 May 12 16:06 java_version
-rw-r--r-- 1 root root  12K May 12 16:06 .java.sh.swp
-rw-r--r-- 1 root root  161 May 12 16:06 dockerinstall.sh
-rw-r--r-- 1 root root  12K May 12 16:06 .ansible.swp
-rw-r--r-- 1 root root  254 May 12 16:06 ansible.sh
drwxr-xr-x 2 root root 4.0K May 12 16:06 ansible
-rwxr--r-- 1 root root   70 May 12 16:09 process.sh
dr-xr-x--- 5 root root 4.0K May 12 16:22 ..
drwxr-xr-x 8 root root 4.0K May 12 16:23 .git
-rwxr-xr-x 1 root root  339 May 14 03:54 ssh1.sh
-rw-r--r-- 1 root root  12K May 14 03:57 .test.sh.swp
-rw-r--r-- 1 root root  193 May 14 04:12 jenkins.sh
-rwxr-xr-x 1 root root  268 May 14 04:18 java.sh
-rw-r--r-- 1 root root    0 May 14 04:28 typescript
-rw-r--r-- 1 root root   57 May 14 05:07 git
-rw-r--r-- 1 root root    0 May 14 05:08 id
drwxr-xr-x 6 root root 4.0K May 14 05:10 .
-rw-r--r-- 1 root root 217K May 14 05:10 test.log
Last login: Tue May 14 05:10:10 UTC 2019
total 332K
-rwxr-xr-x 1 root root  139 May 11 16:38 test.sh
-rwxr--r-- 1 root root   93 May 11 16:42 git.sh
drwxr-xr-x 4 root root 4.0K May 12 16:06 work
-rw-r--r-- 1 root root  652 May 12 16:06 ssh.sh
-rw-r--r-- 1 root root   14 May 12 16:06 README.md
drwxr-xr-x 2 root root 4.0K May 12 16:06 ping-a-list-of-urls
-rwxr-xr-x 1 root root   78 May 12 16:06 java-version.sh
-rw-r--r-- 1 root root  134 May 12 16:06 java_version
-rw-r--r-- 1 root root  12K May 12 16:06 .java.sh.swp
-rw-r--r-- 1 root root  161 May 12 16:06 dockerinstall.sh
-rw-r--r-- 1 root root  12K May 12 16:06 .ansible.swp
-rw-r--r-- 1 root root  254 May 12 16:06 ansible.sh
drwxr-xr-x 2 root root 4.0K May 12 16:06 ansible
-rwxr--r-- 1 root root   70 May 12 16:09 process.sh
dr-xr-x--- 5 root root 4.0K May 12 16:22 ..
drwxr-xr-x 8 root root 4.0K May 12 16:23 .git
-rwxr-xr-x 1 root root  339 May 14 03:54 ssh1.sh
-rw-r--r-- 1 root root  12K May 14 03:57 .test.sh.swp
-rw-r--r-- 1 root root  193 May 14 04:12 jenkins.sh
-rwxr-xr-x 1 root root  268 May 14 04:18 java.sh
-rw-r--r-- 1 root root    0 May 14 04:28 typescript
-rw-r--r-- 1 root root   57 May 14 05:07 git
-rw-r--r-- 1 root root    0 May 14 05:08 id
drwxr-xr-x 6 root root 4.0K May 14 05:10 .
-rw-r--r-- 1 root root 219K May 14 05:10 test.log
Last login: Tue May 14 05:10:10 UTC 2019
total 332K
-rwxr-xr-x 1 root root  139 May 11 16:38 test.sh
-rwxr--r-- 1 root root   93 May 11 16:42 git.sh
drwxr-xr-x 4 root root 4.0K May 12 16:06 work
-rw-r--r-- 1 root root  652 May 12 16:06 ssh.sh
-rw-r--r-- 1 root root   14 May 12 16:06 README.md
drwxr-xr-x 2 root root 4.0K May 12 16:06 ping-a-list-of-urls
-rwxr-xr-x 1 root root   78 May 12 16:06 java-version.sh
-rw-r--r-- 1 root root  134 May 12 16:06 java_version
-rw-r--r-- 1 root root  12K May 12 16:06 .java.sh.swp
-rw-r--r-- 1 root root  161 May 12 16:06 dockerinstall.sh
-rw-r--r-- 1 root root  12K May 12 16:06 .ansible.swp
-rw-r--r-- 1 root root  254 May 12 16:06 ansible.sh
drwxr-xr-x 2 root root 4.0K May 12 16:06 ansible
-rwxr--r-- 1 root root   70 May 12 16:09 process.sh
dr-xr-x--- 5 root root 4.0K May 12 16:22 ..
drwxr-xr-x 8 root root 4.0K May 12 16:23 .git
-rwxr-xr-x 1 root root  339 May 14 03:54 ssh1.sh
-rw-r--r-- 1 root root  12K May 14 03:57 .test.sh.swp
-rw-r--r-- 1 root root  193 May 14 04:12 jenkins.sh
-rwxr-xr-x 1 root root  268 May 14 04:18 java.sh
-rw-r--r-- 1 root root    0 May 14 04:28 typescript
-rw-r--r-- 1 root root   57 May 14 05:07 git
-rw-r--r-- 1 root root    0 May 14 05:08 id
drwxr-xr-x 6 root root 4.0K May 14 05:10 .
-rw-r--r-- 1 root root 220K May 14 05:10 test.log
Last login: Tue May 14 05:10:10 UTC 2019
total 336K
-rwxr-xr-x 1 root root  139 May 11 16:38 test.sh
-rwxr--r-- 1 root root   93 May 11 16:42 git.sh
drwxr-xr-x 4 root root 4.0K May 12 16:06 work
-rw-r--r-- 1 root root  652 May 12 16:06 ssh.sh
-rw-r--r-- 1 root root   14 May 12 16:06 README.md
drwxr-xr-x 2 root root 4.0K May 12 16:06 ping-a-list-of-urls
-rwxr-xr-x 1 root root   78 May 12 16:06 java-version.sh
-rw-r--r-- 1 root root  134 May 12 16:06 java_version
-rw-r--r-- 1 root root  12K May 12 16:06 .java.sh.swp
-rw-r--r-- 1 root root  161 May 12 16:06 dockerinstall.sh
-rw-r--r-- 1 root root  12K May 12 16:06 .ansible.swp
-rw-r--r-- 1 root root  254 May 12 16:06 ansible.sh
drwxr-xr-x 2 root root 4.0K May 12 16:06 ansible
-rwxr--r-- 1 root root   70 May 12 16:09 process.sh
dr-xr-x--- 5 root root 4.0K May 12 16:22 ..
drwxr-xr-x 8 root root 4.0K May 12 16:23 .git
-rwxr-xr-x 1 root root  339 May 14 03:54 ssh1.sh
-rw-r--r-- 1 root root  12K May 14 03:57 .test.sh.swp
-rw-r--r-- 1 root root  193 May 14 04:12 jenkins.sh
-rwxr-xr-x 1 root root  268 May 14 04:18 java.sh
-rw-r--r-- 1 root root    0 May 14 04:28 typescript
-rw-r--r-- 1 root root   57 May 14 05:07 git
-rw-r--r-- 1 root root    0 May 14 05:08 id
drwxr-xr-x 6 root root 4.0K May 14 05:10 .
-rw-r--r-- 1 root root 221K May 14 05:10 test.log
Last login: Tue May 14 05:10:10 UTC 2019
total 336K
-rwxr-xr-x 1 root root  139 May 11 16:38 test.sh
-rwxr--r-- 1 root root   93 May 11 16:42 git.sh
drwxr-xr-x 4 root root 4.0K May 12 16:06 work
-rw-r--r-- 1 root root  652 May 12 16:06 ssh.sh
-rw-r--r-- 1 root root   14 May 12 16:06 README.md
drwxr-xr-x 2 root root 4.0K May 12 16:06 ping-a-list-of-urls
-rwxr-xr-x 1 root root   78 May 12 16:06 java-version.sh
-rw-r--r-- 1 root root  134 May 12 16:06 java_version
-rw-r--r-- 1 root root  12K May 12 16:06 .java.sh.swp
-rw-r--r-- 1 root root  161 May 12 16:06 dockerinstall.sh
-rw-r--r-- 1 root root  12K May 12 16:06 .ansible.swp
-rw-r--r-- 1 root root  254 May 12 16:06 ansible.sh
drwxr-xr-x 2 root root 4.0K May 12 16:06 ansible
-rwxr--r-- 1 root root   70 May 12 16:09 process.sh
dr-xr-x--- 5 root root 4.0K May 12 16:22 ..
drwxr-xr-x 8 root root 4.0K May 12 16:23 .git
-rwxr-xr-x 1 root root  339 May 14 03:54 ssh1.sh
-rw-r--r-- 1 root root  12K May 14 03:57 .test.sh.swp
-rw-r--r-- 1 root root  193 May 14 04:12 jenkins.sh
-rwxr-xr-x 1 root root  268 May 14 04:18 java.sh
-rw-r--r-- 1 root root    0 May 14 04:28 typescript
-rw-r--r-- 1 root root   57 May 14 05:07 git
-rw-r--r-- 1 root root    0 May 14 05:08 id
drwxr-xr-x 6 root root 4.0K May 14 05:10 .
-rw-r--r-- 1 root root 222K May 14 05:10 test.log
Last login: Tue May 14 05:10:10 UTC 2019
total 336K
-rwxr-xr-x 1 root root  139 May 11 16:38 test.sh
-rwxr--r-- 1 root root   93 May 11 16:42 git.sh
drwxr-xr-x 4 root root 4.0K May 12 16:06 work
-rw-r--r-- 1 root root  652 May 12 16:06 ssh.sh
-rw-r--r-- 1 root root   14 May 12 16:06 README.md
drwxr-xr-x 2 root root 4.0K May 12 16:06 ping-a-list-of-urls
-rwxr-xr-x 1 root root   78 May 12 16:06 java-version.sh
-rw-r--r-- 1 root root  134 May 12 16:06 java_version
-rw-r--r-- 1 root root  12K May 12 16:06 .java.sh.swp
-rw-r--r-- 1 root root  161 May 12 16:06 dockerinstall.sh
-rw-r--r-- 1 root root  12K May 12 16:06 .ansible.swp
-rw-r--r-- 1 root root  254 May 12 16:06 ansible.sh
drwxr-xr-x 2 root root 4.0K May 12 16:06 ansible
-rwxr--r-- 1 root root   70 May 12 16:09 process.sh
dr-xr-x--- 5 root root 4.0K May 12 16:22 ..
drwxr-xr-x 8 root root 4.0K May 12 16:23 .git
-rwxr-xr-x 1 root root  339 May 14 03:54 ssh1.sh
-rw-r--r-- 1 root root  12K May 14 03:57 .test.sh.swp
-rw-r--r-- 1 root root  193 May 14 04:12 jenkins.sh
-rwxr-xr-x 1 root root  268 May 14 04:18 java.sh
-rw-r--r-- 1 root root    0 May 14 04:28 typescript
-rw-r--r-- 1 root root   57 May 14 05:07 git
-rw-r--r-- 1 root root    0 May 14 05:08 id
drwxr-xr-x 6 root root 4.0K May 14 05:10 .
-rw-r--r-- 1 root root 224K May 14 05:10 test.log
Last login: Tue May 14 05:10:10 UTC 2019
total 340K
-rwxr-xr-x 1 root root  139 May 11 16:38 test.sh
-rwxr--r-- 1 root root   93 May 11 16:42 git.sh
drwxr-xr-x 4 root root 4.0K May 12 16:06 work
-rw-r--r-- 1 root root  652 May 12 16:06 ssh.sh
-rw-r--r-- 1 root root   14 May 12 16:06 README.md
drwxr-xr-x 2 root root 4.0K May 12 16:06 ping-a-list-of-urls
-rwxr-xr-x 1 root root   78 May 12 16:06 java-version.sh
-rw-r--r-- 1 root root  134 May 12 16:06 java_version
-rw-r--r-- 1 root root  12K May 12 16:06 .java.sh.swp
-rw-r--r-- 1 root root  161 May 12 16:06 dockerinstall.sh
-rw-r--r-- 1 root root  12K May 12 16:06 .ansible.swp
-rw-r--r-- 1 root root  254 May 12 16:06 ansible.sh
drwxr-xr-x 2 root root 4.0K May 12 16:06 ansible
-rwxr--r-- 1 root root   70 May 12 16:09 process.sh
dr-xr-x--- 5 root root 4.0K May 12 16:22 ..
drwxr-xr-x 8 root root 4.0K May 12 16:23 .git
-rwxr-xr-x 1 root root  339 May 14 03:54 ssh1.sh
-rw-r--r-- 1 root root  12K May 14 03:57 .test.sh.swp
-rw-r--r-- 1 root root  193 May 14 04:12 jenkins.sh
-rwxr-xr-x 1 root root  268 May 14 04:18 java.sh
-rw-r--r-- 1 root root    0 May 14 04:28 typescript
-rw-r--r-- 1 root root   57 May 14 05:07 git
-rw-r--r-- 1 root root    0 May 14 05:08 id
drwxr-xr-x 6 root root 4.0K May 14 05:10 .
-rw-r--r-- 1 root root 225K May 14 05:10 test.log
Last login: Tue May 14 05:10:11 UTC 2019
total 340K
-rwxr-xr-x 1 root root  139 May 11 16:38 test.sh
-rwxr--r-- 1 root root   93 May 11 16:42 git.sh
drwxr-xr-x 4 root root 4.0K May 12 16:06 work
-rw-r--r-- 1 root root  652 May 12 16:06 ssh.sh
-rw-r--r-- 1 root root   14 May 12 16:06 README.md
drwxr-xr-x 2 root root 4.0K May 12 16:06 ping-a-list-of-urls
-rwxr-xr-x 1 root root   78 May 12 16:06 java-version.sh
-rw-r--r-- 1 root root  134 May 12 16:06 java_version
-rw-r--r-- 1 root root  12K May 12 16:06 .java.sh.swp
-rw-r--r-- 1 root root  161 May 12 16:06 dockerinstall.sh
-rw-r--r-- 1 root root  12K May 12 16:06 .ansible.swp
-rw-r--r-- 1 root root  254 May 12 16:06 ansible.sh
drwxr-xr-x 2 root root 4.0K May 12 16:06 ansible
-rwxr--r-- 1 root root   70 May 12 16:09 process.sh
dr-xr-x--- 5 root root 4.0K May 12 16:22 ..
drwxr-xr-x 8 root root 4.0K May 12 16:23 .git
-rwxr-xr-x 1 root root  339 May 14 03:54 ssh1.sh
-rw-r--r-- 1 root root  12K May 14 03:57 .test.sh.swp
-rw-r--r-- 1 root root  193 May 14 04:12 jenkins.sh
-rwxr-xr-x 1 root root  268 May 14 04:18 java.sh
-rw-r--r-- 1 root root    0 May 14 04:28 typescript
-rw-r--r-- 1 root root   57 May 14 05:07 git
-rw-r--r-- 1 root root    0 May 14 05:08 id
drwxr-xr-x 6 root root 4.0K May 14 05:10 .
-rw-r--r-- 1 root root 226K May 14 05:10 test.log
Last login: Tue May 14 05:10:11 UTC 2019
total 340K
-rwxr-xr-x 1 root root  139 May 11 16:38 test.sh
-rwxr--r-- 1 root root   93 May 11 16:42 git.sh
drwxr-xr-x 4 root root 4.0K May 12 16:06 work
-rw-r--r-- 1 root root  652 May 12 16:06 ssh.sh
-rw-r--r-- 1 root root   14 May 12 16:06 README.md
drwxr-xr-x 2 root root 4.0K May 12 16:06 ping-a-list-of-urls
-rwxr-xr-x 1 root root   78 May 12 16:06 java-version.sh
-rw-r--r-- 1 root root  134 May 12 16:06 java_version
-rw-r--r-- 1 root root  12K May 12 16:06 .java.sh.swp
-rw-r--r-- 1 root root  161 May 12 16:06 dockerinstall.sh
-rw-r--r-- 1 root root  12K May 12 16:06 .ansible.swp
-rw-r--r-- 1 root root  254 May 12 16:06 ansible.sh
drwxr-xr-x 2 root root 4.0K May 12 16:06 ansible
-rwxr--r-- 1 root root   70 May 12 16:09 process.sh
dr-xr-x--- 5 root root 4.0K May 12 16:22 ..
drwxr-xr-x 8 root root 4.0K May 12 16:23 .git
-rwxr-xr-x 1 root root  339 May 14 03:54 ssh1.sh
-rw-r--r-- 1 root root  12K May 14 03:57 .test.sh.swp
-rw-r--r-- 1 root root  193 May 14 04:12 jenkins.sh
-rwxr-xr-x 1 root root  268 May 14 04:18 java.sh
-rw-r--r-- 1 root root    0 May 14 04:28 typescript
-rw-r--r-- 1 root root   57 May 14 05:07 git
-rw-r--r-- 1 root root    0 May 14 05:08 id
drwxr-xr-x 6 root root 4.0K May 14 05:10 .
-rw-r--r-- 1 root root 228K May 14 05:10 test.log
Last login: Tue May 14 05:10:11 UTC 2019
total 344K
-rwxr-xr-x 1 root root  139 May 11 16:38 test.sh
-rwxr--r-- 1 root root   93 May 11 16:42 git.sh
drwxr-xr-x 4 root root 4.0K May 12 16:06 work
-rw-r--r-- 1 root root  652 May 12 16:06 ssh.sh
-rw-r--r-- 1 root root   14 May 12 16:06 README.md
drwxr-xr-x 2 root root 4.0K May 12 16:06 ping-a-list-of-urls
-rwxr-xr-x 1 root root   78 May 12 16:06 java-version.sh
-rw-r--r-- 1 root root  134 May 12 16:06 java_version
-rw-r--r-- 1 root root  12K May 12 16:06 .java.sh.swp
-rw-r--r-- 1 root root  161 May 12 16:06 dockerinstall.sh
-rw-r--r-- 1 root root  12K May 12 16:06 .ansible.swp
-rw-r--r-- 1 root root  254 May 12 16:06 ansible.sh
drwxr-xr-x 2 root root 4.0K May 12 16:06 ansible
-rwxr--r-- 1 root root   70 May 12 16:09 process.sh
dr-xr-x--- 5 root root 4.0K May 12 16:22 ..
drwxr-xr-x 8 root root 4.0K May 12 16:23 .git
-rwxr-xr-x 1 root root  339 May 14 03:54 ssh1.sh
-rw-r--r-- 1 root root  12K May 14 03:57 .test.sh.swp
-rw-r--r-- 1 root root  193 May 14 04:12 jenkins.sh
-rwxr-xr-x 1 root root  268 May 14 04:18 java.sh
-rw-r--r-- 1 root root    0 May 14 04:28 typescript
-rw-r--r-- 1 root root   57 May 14 05:07 git
-rw-r--r-- 1 root root    0 May 14 05:08 id
drwxr-xr-x 6 root root 4.0K May 14 05:10 .
-rw-r--r-- 1 root root 229K May 14 05:10 test.log
Last login: Tue May 14 05:10:11 UTC 2019
total 344K
-rwxr-xr-x 1 root root  139 May 11 16:38 test.sh
-rwxr--r-- 1 root root   93 May 11 16:42 git.sh
drwxr-xr-x 4 root root 4.0K May 12 16:06 work
-rw-r--r-- 1 root root  652 May 12 16:06 ssh.sh
-rw-r--r-- 1 root root   14 May 12 16:06 README.md
drwxr-xr-x 2 root root 4.0K May 12 16:06 ping-a-list-of-urls
-rwxr-xr-x 1 root root   78 May 12 16:06 java-version.sh
-rw-r--r-- 1 root root  134 May 12 16:06 java_version
-rw-r--r-- 1 root root  12K May 12 16:06 .java.sh.swp
-rw-r--r-- 1 root root  161 May 12 16:06 dockerinstall.sh
-rw-r--r-- 1 root root  12K May 12 16:06 .ansible.swp
-rw-r--r-- 1 root root  254 May 12 16:06 ansible.sh
drwxr-xr-x 2 root root 4.0K May 12 16:06 ansible
-rwxr--r-- 1 root root   70 May 12 16:09 process.sh
dr-xr-x--- 5 root root 4.0K May 12 16:22 ..
drwxr-xr-x 8 root root 4.0K May 12 16:23 .git
-rwxr-xr-x 1 root root  339 May 14 03:54 ssh1.sh
-rw-r--r-- 1 root root  12K May 14 03:57 .test.sh.swp
-rw-r--r-- 1 root root  193 May 14 04:12 jenkins.sh
-rwxr-xr-x 1 root root  268 May 14 04:18 java.sh
-rw-r--r-- 1 root root    0 May 14 04:28 typescript
-rw-r--r-- 1 root root   57 May 14 05:07 git
-rw-r--r-- 1 root root    0 May 14 05:08 id
drwxr-xr-x 6 root root 4.0K May 14 05:10 .
-rw-r--r-- 1 root root 230K May 14 05:10 test.log
Last login: Tue May 14 05:10:11 UTC 2019
total 344K
-rwxr-xr-x 1 root root  139 May 11 16:38 test.sh
-rwxr--r-- 1 root root   93 May 11 16:42 git.sh
drwxr-xr-x 4 root root 4.0K May 12 16:06 work
-rw-r--r-- 1 root root  652 May 12 16:06 ssh.sh
-rw-r--r-- 1 root root   14 May 12 16:06 README.md
drwxr-xr-x 2 root root 4.0K May 12 16:06 ping-a-list-of-urls
-rwxr-xr-x 1 root root   78 May 12 16:06 java-version.sh
-rw-r--r-- 1 root root  134 May 12 16:06 java_version
-rw-r--r-- 1 root root  12K May 12 16:06 .java.sh.swp
-rw-r--r-- 1 root root  161 May 12 16:06 dockerinstall.sh
-rw-r--r-- 1 root root  12K May 12 16:06 .ansible.swp
-rw-r--r-- 1 root root  254 May 12 16:06 ansible.sh
drwxr-xr-x 2 root root 4.0K May 12 16:06 ansible
-rwxr--r-- 1 root root   70 May 12 16:09 process.sh
dr-xr-x--- 5 root root 4.0K May 12 16:22 ..
drwxr-xr-x 8 root root 4.0K May 12 16:23 .git
-rwxr-xr-x 1 root root  339 May 14 03:54 ssh1.sh
-rw-r--r-- 1 root root  12K May 14 03:57 .test.sh.swp
-rw-r--r-- 1 root root  193 May 14 04:12 jenkins.sh
-rwxr-xr-x 1 root root  268 May 14 04:18 java.sh
-rw-r--r-- 1 root root    0 May 14 04:28 typescript
-rw-r--r-- 1 root root   57 May 14 05:07 git
-rw-r--r-- 1 root root    0 May 14 05:08 id
drwxr-xr-x 6 root root 4.0K May 14 05:10 .
-rw-r--r-- 1 root root 231K May 14 05:10 test.log
Last login: Tue May 14 05:10:11 UTC 2019
total 348K
-rwxr-xr-x 1 root root  139 May 11 16:38 test.sh
-rwxr--r-- 1 root root   93 May 11 16:42 git.sh
drwxr-xr-x 4 root root 4.0K May 12 16:06 work
-rw-r--r-- 1 root root  652 May 12 16:06 ssh.sh
-rw-r--r-- 1 root root   14 May 12 16:06 README.md
drwxr-xr-x 2 root root 4.0K May 12 16:06 ping-a-list-of-urls
-rwxr-xr-x 1 root root   78 May 12 16:06 java-version.sh
-rw-r--r-- 1 root root  134 May 12 16:06 java_version
-rw-r--r-- 1 root root  12K May 12 16:06 .java.sh.swp
-rw-r--r-- 1 root root  161 May 12 16:06 dockerinstall.sh
-rw-r--r-- 1 root root  12K May 12 16:06 .ansible.swp
-rw-r--r-- 1 root root  254 May 12 16:06 ansible.sh
drwxr-xr-x 2 root root 4.0K May 12 16:06 ansible
-rwxr--r-- 1 root root   70 May 12 16:09 process.sh
dr-xr-x--- 5 root root 4.0K May 12 16:22 ..
drwxr-xr-x 8 root root 4.0K May 12 16:23 .git
-rwxr-xr-x 1 root root  339 May 14 03:54 ssh1.sh
-rw-r--r-- 1 root root  12K May 14 03:57 .test.sh.swp
-rw-r--r-- 1 root root  193 May 14 04:12 jenkins.sh
-rwxr-xr-x 1 root root  268 May 14 04:18 java.sh
-rw-r--r-- 1 root root    0 May 14 04:28 typescript
-rw-r--r-- 1 root root   57 May 14 05:07 git
-rw-r--r-- 1 root root    0 May 14 05:08 id
drwxr-xr-x 6 root root 4.0K May 14 05:10 .
-rw-r--r-- 1 root root 233K May 14 05:10 test.log
Last login: Tue May 14 05:10:11 UTC 2019
total 348K
-rwxr-xr-x 1 root root  139 May 11 16:38 test.sh
-rwxr--r-- 1 root root   93 May 11 16:42 git.sh
drwxr-xr-x 4 root root 4.0K May 12 16:06 work
-rw-r--r-- 1 root root  652 May 12 16:06 ssh.sh
-rw-r--r-- 1 root root   14 May 12 16:06 README.md
drwxr-xr-x 2 root root 4.0K May 12 16:06 ping-a-list-of-urls
-rwxr-xr-x 1 root root   78 May 12 16:06 java-version.sh
-rw-r--r-- 1 root root  134 May 12 16:06 java_version
-rw-r--r-- 1 root root  12K May 12 16:06 .java.sh.swp
-rw-r--r-- 1 root root  161 May 12 16:06 dockerinstall.sh
-rw-r--r-- 1 root root  12K May 12 16:06 .ansible.swp
-rw-r--r-- 1 root root  254 May 12 16:06 ansible.sh
drwxr-xr-x 2 root root 4.0K May 12 16:06 ansible
-rwxr--r-- 1 root root   70 May 12 16:09 process.sh
dr-xr-x--- 5 root root 4.0K May 12 16:22 ..
drwxr-xr-x 8 root root 4.0K May 12 16:23 .git
-rwxr-xr-x 1 root root  339 May 14 03:54 ssh1.sh
-rw-r--r-- 1 root root  12K May 14 03:57 .test.sh.swp
-rw-r--r-- 1 root root  193 May 14 04:12 jenkins.sh
-rwxr-xr-x 1 root root  268 May 14 04:18 java.sh
-rw-r--r-- 1 root root    0 May 14 04:28 typescript
-rw-r--r-- 1 root root   57 May 14 05:07 git
-rw-r--r-- 1 root root    0 May 14 05:08 id
drwxr-xr-x 6 root root 4.0K May 14 05:10 .
-rw-r--r-- 1 root root 234K May 14 05:10 test.log
Last login: Tue May 14 05:10:11 UTC 2019
total 348K
-rwxr-xr-x 1 root root  139 May 11 16:38 test.sh
-rwxr--r-- 1 root root   93 May 11 16:42 git.sh
drwxr-xr-x 4 root root 4.0K May 12 16:06 work
-rw-r--r-- 1 root root  652 May 12 16:06 ssh.sh
-rw-r--r-- 1 root root   14 May 12 16:06 README.md
drwxr-xr-x 2 root root 4.0K May 12 16:06 ping-a-list-of-urls
-rwxr-xr-x 1 root root   78 May 12 16:06 java-version.sh
-rw-r--r-- 1 root root  134 May 12 16:06 java_version
-rw-r--r-- 1 root root  12K May 12 16:06 .java.sh.swp
-rw-r--r-- 1 root root  161 May 12 16:06 dockerinstall.sh
-rw-r--r-- 1 root root  12K May 12 16:06 .ansible.swp
-rw-r--r-- 1 root root  254 May 12 16:06 ansible.sh
drwxr-xr-x 2 root root 4.0K May 12 16:06 ansible
-rwxr--r-- 1 root root   70 May 12 16:09 process.sh
dr-xr-x--- 5 root root 4.0K May 12 16:22 ..
drwxr-xr-x 8 root root 4.0K May 12 16:23 .git
-rwxr-xr-x 1 root root  339 May 14 03:54 ssh1.sh
-rw-r--r-- 1 root root  12K May 14 03:57 .test.sh.swp
-rw-r--r-- 1 root root  193 May 14 04:12 jenkins.sh
-rwxr-xr-x 1 root root  268 May 14 04:18 java.sh
-rw-r--r-- 1 root root    0 May 14 04:28 typescript
-rw-r--r-- 1 root root   57 May 14 05:07 git
-rw-r--r-- 1 root root    0 May 14 05:08 id
drwxr-xr-x 6 root root 4.0K May 14 05:10 .
-rw-r--r-- 1 root root 235K May 14 05:10 test.log
Last login: Tue May 14 05:10:11 UTC 2019
total 348K
-rwxr-xr-x 1 root root  139 May 11 16:38 test.sh
-rwxr--r-- 1 root root   93 May 11 16:42 git.sh
drwxr-xr-x 4 root root 4.0K May 12 16:06 work
-rw-r--r-- 1 root root  652 May 12 16:06 ssh.sh
-rw-r--r-- 1 root root   14 May 12 16:06 README.md
drwxr-xr-x 2 root root 4.0K May 12 16:06 ping-a-list-of-urls
-rwxr-xr-x 1 root root   78 May 12 16:06 java-version.sh
-rw-r--r-- 1 root root  134 May 12 16:06 java_version
-rw-r--r-- 1 root root  12K May 12 16:06 .java.sh.swp
-rw-r--r-- 1 root root  161 May 12 16:06 dockerinstall.sh
-rw-r--r-- 1 root root  12K May 12 16:06 .ansible.swp
-rw-r--r-- 1 root root  254 May 12 16:06 ansible.sh
drwxr-xr-x 2 root root 4.0K May 12 16:06 ansible
-rwxr--r-- 1 root root   70 May 12 16:09 process.sh
dr-xr-x--- 5 root root 4.0K May 12 16:22 ..
drwxr-xr-x 8 root root 4.0K May 12 16:23 .git
-rwxr-xr-x 1 root root  339 May 14 03:54 ssh1.sh
-rw-r--r-- 1 root root  12K May 14 03:57 .test.sh.swp
-rw-r--r-- 1 root root  193 May 14 04:12 jenkins.sh
-rwxr-xr-x 1 root root  268 May 14 04:18 java.sh
-rw-r--r-- 1 root root    0 May 14 04:28 typescript
-rw-r--r-- 1 root root   57 May 14 05:07 git
-rw-r--r-- 1 root root    0 May 14 05:08 id
drwxr-xr-x 6 root root 4.0K May 14 05:10 .
-rw-r--r-- 1 root root 236K May 14 05:10 test.log
Last login: Tue May 14 05:10:11 UTC 2019
total 352K
-rwxr-xr-x 1 root root  139 May 11 16:38 test.sh
-rwxr--r-- 1 root root   93 May 11 16:42 git.sh
drwxr-xr-x 4 root root 4.0K May 12 16:06 work
-rw-r--r-- 1 root root  652 May 12 16:06 ssh.sh
-rw-r--r-- 1 root root   14 May 12 16:06 README.md
drwxr-xr-x 2 root root 4.0K May 12 16:06 ping-a-list-of-urls
-rwxr-xr-x 1 root root   78 May 12 16:06 java-version.sh
-rw-r--r-- 1 root root  134 May 12 16:06 java_version
-rw-r--r-- 1 root root  12K May 12 16:06 .java.sh.swp
-rw-r--r-- 1 root root  161 May 12 16:06 dockerinstall.sh
-rw-r--r-- 1 root root  12K May 12 16:06 .ansible.swp
-rw-r--r-- 1 root root  254 May 12 16:06 ansible.sh
drwxr-xr-x 2 root root 4.0K May 12 16:06 ansible
-rwxr--r-- 1 root root   70 May 12 16:09 process.sh
dr-xr-x--- 5 root root 4.0K May 12 16:22 ..
drwxr-xr-x 8 root root 4.0K May 12 16:23 .git
-rwxr-xr-x 1 root root  339 May 14 03:54 ssh1.sh
-rw-r--r-- 1 root root  12K May 14 03:57 .test.sh.swp
-rw-r--r-- 1 root root  193 May 14 04:12 jenkins.sh
-rwxr-xr-x 1 root root  268 May 14 04:18 java.sh
-rw-r--r-- 1 root root    0 May 14 04:28 typescript
-rw-r--r-- 1 root root   57 May 14 05:07 git
-rw-r--r-- 1 root root    0 May 14 05:08 id
drwxr-xr-x 6 root root 4.0K May 14 05:10 .
-rw-r--r-- 1 root root 238K May 14 05:10 test.log
Last login: Tue May 14 05:10:11 UTC 2019
total 352K
-rwxr-xr-x 1 root root  139 May 11 16:38 test.sh
-rwxr--r-- 1 root root   93 May 11 16:42 git.sh
drwxr-xr-x 4 root root 4.0K May 12 16:06 work
-rw-r--r-- 1 root root  652 May 12 16:06 ssh.sh
-rw-r--r-- 1 root root   14 May 12 16:06 README.md
drwxr-xr-x 2 root root 4.0K May 12 16:06 ping-a-list-of-urls
-rwxr-xr-x 1 root root   78 May 12 16:06 java-version.sh
-rw-r--r-- 1 root root  134 May 12 16:06 java_version
-rw-r--r-- 1 root root  12K May 12 16:06 .java.sh.swp
-rw-r--r-- 1 root root  161 May 12 16:06 dockerinstall.sh
-rw-r--r-- 1 root root  12K May 12 16:06 .ansible.swp
-rw-r--r-- 1 root root  254 May 12 16:06 ansible.sh
drwxr-xr-x 2 root root 4.0K May 12 16:06 ansible
-rwxr--r-- 1 root root   70 May 12 16:09 process.sh
dr-xr-x--- 5 root root 4.0K May 12 16:22 ..
drwxr-xr-x 8 root root 4.0K May 12 16:23 .git
-rwxr-xr-x 1 root root  339 May 14 03:54 ssh1.sh
-rw-r--r-- 1 root root  12K May 14 03:57 .test.sh.swp
-rw-r--r-- 1 root root  193 May 14 04:12 jenkins.sh
-rwxr-xr-x 1 root root  268 May 14 04:18 java.sh
-rw-r--r-- 1 root root    0 May 14 04:28 typescript
-rw-r--r-- 1 root root   57 May 14 05:07 git
-rw-r--r-- 1 root root    0 May 14 05:08 id
drwxr-xr-x 6 root root 4.0K May 14 05:10 .
-rw-r--r-- 1 root root 239K May 14 05:10 test.log
Last login: Tue May 14 05:10:11 UTC 2019
total 352K
-rwxr-xr-x 1 root root  139 May 11 16:38 test.sh
-rwxr--r-- 1 root root   93 May 11 16:42 git.sh
drwxr-xr-x 4 root root 4.0K May 12 16:06 work
-rw-r--r-- 1 root root  652 May 12 16:06 ssh.sh
-rw-r--r-- 1 root root   14 May 12 16:06 README.md
drwxr-xr-x 2 root root 4.0K May 12 16:06 ping-a-list-of-urls
-rwxr-xr-x 1 root root   78 May 12 16:06 java-version.sh
-rw-r--r-- 1 root root  134 May 12 16:06 java_version
-rw-r--r-- 1 root root  12K May 12 16:06 .java.sh.swp
-rw-r--r-- 1 root root  161 May 12 16:06 dockerinstall.sh
-rw-r--r-- 1 root root  12K May 12 16:06 .ansible.swp
-rw-r--r-- 1 root root  254 May 12 16:06 ansible.sh
drwxr-xr-x 2 root root 4.0K May 12 16:06 ansible
-rwxr--r-- 1 root root   70 May 12 16:09 process.sh
dr-xr-x--- 5 root root 4.0K May 12 16:22 ..
drwxr-xr-x 8 root root 4.0K May 12 16:23 .git
-rwxr-xr-x 1 root root  339 May 14 03:54 ssh1.sh
-rw-r--r-- 1 root root  12K May 14 03:57 .test.sh.swp
-rw-r--r-- 1 root root  193 May 14 04:12 jenkins.sh
-rwxr-xr-x 1 root root  268 May 14 04:18 java.sh
-rw-r--r-- 1 root root    0 May 14 04:28 typescript
-rw-r--r-- 1 root root   57 May 14 05:07 git
-rw-r--r-- 1 root root    0 May 14 05:08 id
drwxr-xr-x 6 root root 4.0K May 14 05:10 .
-rw-r--r-- 1 root root 240K May 14 05:10 test.log
Last login: Tue May 14 05:10:11 UTC 2019
total 356K
-rwxr-xr-x 1 root root  139 May 11 16:38 test.sh
-rwxr--r-- 1 root root   93 May 11 16:42 git.sh
drwxr-xr-x 4 root root 4.0K May 12 16:06 work
-rw-r--r-- 1 root root  652 May 12 16:06 ssh.sh
-rw-r--r-- 1 root root   14 May 12 16:06 README.md
drwxr-xr-x 2 root root 4.0K May 12 16:06 ping-a-list-of-urls
-rwxr-xr-x 1 root root   78 May 12 16:06 java-version.sh
-rw-r--r-- 1 root root  134 May 12 16:06 java_version
-rw-r--r-- 1 root root  12K May 12 16:06 .java.sh.swp
-rw-r--r-- 1 root root  161 May 12 16:06 dockerinstall.sh
-rw-r--r-- 1 root root  12K May 12 16:06 .ansible.swp
-rw-r--r-- 1 root root  254 May 12 16:06 ansible.sh
drwxr-xr-x 2 root root 4.0K May 12 16:06 ansible
-rwxr--r-- 1 root root   70 May 12 16:09 process.sh
dr-xr-x--- 5 root root 4.0K May 12 16:22 ..
drwxr-xr-x 8 root root 4.0K May 12 16:23 .git
-rwxr-xr-x 1 root root  339 May 14 03:54 ssh1.sh
-rw-r--r-- 1 root root  12K May 14 03:57 .test.sh.swp
-rw-r--r-- 1 root root  193 May 14 04:12 jenkins.sh
-rwxr-xr-x 1 root root  268 May 14 04:18 java.sh
-rw-r--r-- 1 root root    0 May 14 04:28 typescript
-rw-r--r-- 1 root root   57 May 14 05:07 git
-rw-r--r-- 1 root root    0 May 14 05:08 id
drwxr-xr-x 6 root root 4.0K May 14 05:10 .
-rw-r--r-- 1 root root 242K May 14 05:10 test.log
Last login: Tue May 14 05:10:11 UTC 2019
total 356K
-rwxr-xr-x 1 root root  139 May 11 16:38 test.sh
-rwxr--r-- 1 root root   93 May 11 16:42 git.sh
drwxr-xr-x 4 root root 4.0K May 12 16:06 work
-rw-r--r-- 1 root root  652 May 12 16:06 ssh.sh
-rw-r--r-- 1 root root   14 May 12 16:06 README.md
drwxr-xr-x 2 root root 4.0K May 12 16:06 ping-a-list-of-urls
-rwxr-xr-x 1 root root   78 May 12 16:06 java-version.sh
-rw-r--r-- 1 root root  134 May 12 16:06 java_version
-rw-r--r-- 1 root root  12K May 12 16:06 .java.sh.swp
-rw-r--r-- 1 root root  161 May 12 16:06 dockerinstall.sh
-rw-r--r-- 1 root root  12K May 12 16:06 .ansible.swp
-rw-r--r-- 1 root root  254 May 12 16:06 ansible.sh
drwxr-xr-x 2 root root 4.0K May 12 16:06 ansible
-rwxr--r-- 1 root root   70 May 12 16:09 process.sh
dr-xr-x--- 5 root root 4.0K May 12 16:22 ..
drwxr-xr-x 8 root root 4.0K May 12 16:23 .git
-rwxr-xr-x 1 root root  339 May 14 03:54 ssh1.sh
-rw-r--r-- 1 root root  12K May 14 03:57 .test.sh.swp
-rw-r--r-- 1 root root  193 May 14 04:12 jenkins.sh
-rwxr-xr-x 1 root root  268 May 14 04:18 java.sh
-rw-r--r-- 1 root root    0 May 14 04:28 typescript
-rw-r--r-- 1 root root   57 May 14 05:07 git
-rw-r--r-- 1 root root    0 May 14 05:08 id
drwxr-xr-x 6 root root 4.0K May 14 05:10 .
-rw-r--r-- 1 root root 243K May 14 05:10 test.log
Last login: Tue May 14 05:10:11 UTC 2019
total 356K
-rwxr-xr-x 1 root root  139 May 11 16:38 test.sh
-rwxr--r-- 1 root root   93 May 11 16:42 git.sh
drwxr-xr-x 4 root root 4.0K May 12 16:06 work
-rw-r--r-- 1 root root  652 May 12 16:06 ssh.sh
-rw-r--r-- 1 root root   14 May 12 16:06 README.md
drwxr-xr-x 2 root root 4.0K May 12 16:06 ping-a-list-of-urls
-rwxr-xr-x 1 root root   78 May 12 16:06 java-version.sh
-rw-r--r-- 1 root root  134 May 12 16:06 java_version
-rw-r--r-- 1 root root  12K May 12 16:06 .java.sh.swp
-rw-r--r-- 1 root root  161 May 12 16:06 dockerinstall.sh
-rw-r--r-- 1 root root  12K May 12 16:06 .ansible.swp
-rw-r--r-- 1 root root  254 May 12 16:06 ansible.sh
drwxr-xr-x 2 root root 4.0K May 12 16:06 ansible
-rwxr--r-- 1 root root   70 May 12 16:09 process.sh
dr-xr-x--- 5 root root 4.0K May 12 16:22 ..
drwxr-xr-x 8 root root 4.0K May 12 16:23 .git
-rwxr-xr-x 1 root root  339 May 14 03:54 ssh1.sh
-rw-r--r-- 1 root root  12K May 14 03:57 .test.sh.swp
-rw-r--r-- 1 root root  193 May 14 04:12 jenkins.sh
-rwxr-xr-x 1 root root  268 May 14 04:18 java.sh
-rw-r--r-- 1 root root    0 May 14 04:28 typescript
-rw-r--r-- 1 root root   57 May 14 05:07 git
-rw-r--r-- 1 root root    0 May 14 05:08 id
drwxr-xr-x 6 root root 4.0K May 14 05:10 .
-rw-r--r-- 1 root root 244K May 14 05:10 test.log
Last login: Tue May 14 05:10:11 UTC 2019
total 360K
-rwxr-xr-x 1 root root  139 May 11 16:38 test.sh
-rwxr--r-- 1 root root   93 May 11 16:42 git.sh
drwxr-xr-x 4 root root 4.0K May 12 16:06 work
-rw-r--r-- 1 root root  652 May 12 16:06 ssh.sh
-rw-r--r-- 1 root root   14 May 12 16:06 README.md
drwxr-xr-x 2 root root 4.0K May 12 16:06 ping-a-list-of-urls
-rwxr-xr-x 1 root root   78 May 12 16:06 java-version.sh
-rw-r--r-- 1 root root  134 May 12 16:06 java_version
-rw-r--r-- 1 root root  12K May 12 16:06 .java.sh.swp
-rw-r--r-- 1 root root  161 May 12 16:06 dockerinstall.sh
-rw-r--r-- 1 root root  12K May 12 16:06 .ansible.swp
-rw-r--r-- 1 root root  254 May 12 16:06 ansible.sh
drwxr-xr-x 2 root root 4.0K May 12 16:06 ansible
-rwxr--r-- 1 root root   70 May 12 16:09 process.sh
dr-xr-x--- 5 root root 4.0K May 12 16:22 ..
drwxr-xr-x 8 root root 4.0K May 12 16:23 .git
-rwxr-xr-x 1 root root  339 May 14 03:54 ssh1.sh
-rw-r--r-- 1 root root  12K May 14 03:57 .test.sh.swp
-rw-r--r-- 1 root root  193 May 14 04:12 jenkins.sh
-rwxr-xr-x 1 root root  268 May 14 04:18 java.sh
-rw-r--r-- 1 root root    0 May 14 04:28 typescript
-rw-r--r-- 1 root root   57 May 14 05:07 git
-rw-r--r-- 1 root root    0 May 14 05:08 id
drwxr-xr-x 6 root root 4.0K May 14 05:10 .
-rw-r--r-- 1 root root 245K May 14 05:10 test.log
Last login: Tue May 14 05:10:11 UTC 2019
total 360K
-rwxr-xr-x 1 root root  139 May 11 16:38 test.sh
-rwxr--r-- 1 root root   93 May 11 16:42 git.sh
drwxr-xr-x 4 root root 4.0K May 12 16:06 work
-rw-r--r-- 1 root root  652 May 12 16:06 ssh.sh
-rw-r--r-- 1 root root   14 May 12 16:06 README.md
drwxr-xr-x 2 root root 4.0K May 12 16:06 ping-a-list-of-urls
-rwxr-xr-x 1 root root   78 May 12 16:06 java-version.sh
-rw-r--r-- 1 root root  134 May 12 16:06 java_version
-rw-r--r-- 1 root root  12K May 12 16:06 .java.sh.swp
-rw-r--r-- 1 root root  161 May 12 16:06 dockerinstall.sh
-rw-r--r-- 1 root root  12K May 12 16:06 .ansible.swp
-rw-r--r-- 1 root root  254 May 12 16:06 ansible.sh
drwxr-xr-x 2 root root 4.0K May 12 16:06 ansible
-rwxr--r-- 1 root root   70 May 12 16:09 process.sh
dr-xr-x--- 5 root root 4.0K May 12 16:22 ..
drwxr-xr-x 8 root root 4.0K May 12 16:23 .git
-rwxr-xr-x 1 root root  339 May 14 03:54 ssh1.sh
-rw-r--r-- 1 root root  12K May 14 03:57 .test.sh.swp
-rw-r--r-- 1 root root  193 May 14 04:12 jenkins.sh
-rwxr-xr-x 1 root root  268 May 14 04:18 java.sh
-rw-r--r-- 1 root root    0 May 14 04:28 typescript
-rw-r--r-- 1 root root   57 May 14 05:07 git
-rw-r--r-- 1 root root    0 May 14 05:08 id
drwxr-xr-x 6 root root 4.0K May 14 05:10 .
-rw-r--r-- 1 root root 247K May 14 05:10 test.log
Last login: Tue May 14 05:10:11 UTC 2019
total 360K
-rwxr-xr-x 1 root root  139 May 11 16:38 test.sh
-rwxr--r-- 1 root root   93 May 11 16:42 git.sh
drwxr-xr-x 4 root root 4.0K May 12 16:06 work
-rw-r--r-- 1 root root  652 May 12 16:06 ssh.sh
-rw-r--r-- 1 root root   14 May 12 16:06 README.md
drwxr-xr-x 2 root root 4.0K May 12 16:06 ping-a-list-of-urls
-rwxr-xr-x 1 root root   78 May 12 16:06 java-version.sh
-rw-r--r-- 1 root root  134 May 12 16:06 java_version
-rw-r--r-- 1 root root  12K May 12 16:06 .java.sh.swp
-rw-r--r-- 1 root root  161 May 12 16:06 dockerinstall.sh
-rw-r--r-- 1 root root  12K May 12 16:06 .ansible.swp
-rw-r--r-- 1 root root  254 May 12 16:06 ansible.sh
drwxr-xr-x 2 root root 4.0K May 12 16:06 ansible
-rwxr--r-- 1 root root   70 May 12 16:09 process.sh
dr-xr-x--- 5 root root 4.0K May 12 16:22 ..
drwxr-xr-x 8 root root 4.0K May 12 16:23 .git
-rwxr-xr-x 1 root root  339 May 14 03:54 ssh1.sh
-rw-r--r-- 1 root root  12K May 14 03:57 .test.sh.swp
-rw-r--r-- 1 root root  193 May 14 04:12 jenkins.sh
-rwxr-xr-x 1 root root  268 May 14 04:18 java.sh
-rw-r--r-- 1 root root    0 May 14 04:28 typescript
-rw-r--r-- 1 root root   57 May 14 05:07 git
-rw-r--r-- 1 root root    0 May 14 05:08 id
drwxr-xr-x 6 root root 4.0K May 14 05:10 .
-rw-r--r-- 1 root root 248K May 14 05:10 test.log
Last login: Tue May 14 05:10:11 UTC 2019
total 364K
-rwxr-xr-x 1 root root  139 May 11 16:38 test.sh
-rwxr--r-- 1 root root   93 May 11 16:42 git.sh
drwxr-xr-x 4 root root 4.0K May 12 16:06 work
-rw-r--r-- 1 root root  652 May 12 16:06 ssh.sh
-rw-r--r-- 1 root root   14 May 12 16:06 README.md
drwxr-xr-x 2 root root 4.0K May 12 16:06 ping-a-list-of-urls
-rwxr-xr-x 1 root root   78 May 12 16:06 java-version.sh
-rw-r--r-- 1 root root  134 May 12 16:06 java_version
-rw-r--r-- 1 root root  12K May 12 16:06 .java.sh.swp
-rw-r--r-- 1 root root  161 May 12 16:06 dockerinstall.sh
-rw-r--r-- 1 root root  12K May 12 16:06 .ansible.swp
-rw-r--r-- 1 root root  254 May 12 16:06 ansible.sh
drwxr-xr-x 2 root root 4.0K May 12 16:06 ansible
-rwxr--r-- 1 root root   70 May 12 16:09 process.sh
dr-xr-x--- 5 root root 4.0K May 12 16:22 ..
drwxr-xr-x 8 root root 4.0K May 12 16:23 .git
-rwxr-xr-x 1 root root  339 May 14 03:54 ssh1.sh
-rw-r--r-- 1 root root  12K May 14 03:57 .test.sh.swp
-rw-r--r-- 1 root root  193 May 14 04:12 jenkins.sh
-rwxr-xr-x 1 root root  268 May 14 04:18 java.sh
-rw-r--r-- 1 root root    0 May 14 04:28 typescript
-rw-r--r-- 1 root root   57 May 14 05:07 git
-rw-r--r-- 1 root root    0 May 14 05:08 id
drwxr-xr-x 6 root root 4.0K May 14 05:10 .
-rw-r--r-- 1 root root 249K May 14 05:10 test.log
Last login: Tue May 14 05:10:11 UTC 2019
total 364K
-rwxr-xr-x 1 root root  139 May 11 16:38 test.sh
-rwxr--r-- 1 root root   93 May 11 16:42 git.sh
drwxr-xr-x 4 root root 4.0K May 12 16:06 work
-rw-r--r-- 1 root root  652 May 12 16:06 ssh.sh
-rw-r--r-- 1 root root   14 May 12 16:06 README.md
drwxr-xr-x 2 root root 4.0K May 12 16:06 ping-a-list-of-urls
-rwxr-xr-x 1 root root   78 May 12 16:06 java-version.sh
-rw-r--r-- 1 root root  134 May 12 16:06 java_version
-rw-r--r-- 1 root root  12K May 12 16:06 .java.sh.swp
-rw-r--r-- 1 root root  161 May 12 16:06 dockerinstall.sh
-rw-r--r-- 1 root root  12K May 12 16:06 .ansible.swp
-rw-r--r-- 1 root root  254 May 12 16:06 ansible.sh
drwxr-xr-x 2 root root 4.0K May 12 16:06 ansible
-rwxr--r-- 1 root root   70 May 12 16:09 process.sh
dr-xr-x--- 5 root root 4.0K May 12 16:22 ..
drwxr-xr-x 8 root root 4.0K May 12 16:23 .git
-rwxr-xr-x 1 root root  339 May 14 03:54 ssh1.sh
-rw-r--r-- 1 root root  12K May 14 03:57 .test.sh.swp
-rw-r--r-- 1 root root  193 May 14 04:12 jenkins.sh
-rwxr-xr-x 1 root root  268 May 14 04:18 java.sh
-rw-r--r-- 1 root root    0 May 14 04:28 typescript
-rw-r--r-- 1 root root   57 May 14 05:07 git
-rw-r--r-- 1 root root    0 May 14 05:08 id
drwxr-xr-x 6 root root 4.0K May 14 05:10 .
-rw-r--r-- 1 root root 251K May 14 05:10 test.log
Last login: Tue May 14 05:10:11 UTC 2019
total 364K
-rwxr-xr-x 1 root root  139 May 11 16:38 test.sh
-rwxr--r-- 1 root root   93 May 11 16:42 git.sh
drwxr-xr-x 4 root root 4.0K May 12 16:06 work
-rw-r--r-- 1 root root  652 May 12 16:06 ssh.sh
-rw-r--r-- 1 root root   14 May 12 16:06 README.md
drwxr-xr-x 2 root root 4.0K May 12 16:06 ping-a-list-of-urls
-rwxr-xr-x 1 root root   78 May 12 16:06 java-version.sh
-rw-r--r-- 1 root root  134 May 12 16:06 java_version
-rw-r--r-- 1 root root  12K May 12 16:06 .java.sh.swp
-rw-r--r-- 1 root root  161 May 12 16:06 dockerinstall.sh
-rw-r--r-- 1 root root  12K May 12 16:06 .ansible.swp
-rw-r--r-- 1 root root  254 May 12 16:06 ansible.sh
drwxr-xr-x 2 root root 4.0K May 12 16:06 ansible
-rwxr--r-- 1 root root   70 May 12 16:09 process.sh
dr-xr-x--- 5 root root 4.0K May 12 16:22 ..
drwxr-xr-x 8 root root 4.0K May 12 16:23 .git
-rwxr-xr-x 1 root root  339 May 14 03:54 ssh1.sh
-rw-r--r-- 1 root root  12K May 14 03:57 .test.sh.swp
-rw-r--r-- 1 root root  193 May 14 04:12 jenkins.sh
-rwxr-xr-x 1 root root  268 May 14 04:18 java.sh
-rw-r--r-- 1 root root    0 May 14 04:28 typescript
-rw-r--r-- 1 root root   57 May 14 05:07 git
-rw-r--r-- 1 root root    0 May 14 05:08 id
drwxr-xr-x 6 root root 4.0K May 14 05:10 .
-rw-r--r-- 1 root root 252K May 14 05:10 test.log
Last login: Tue May 14 05:10:11 UTC 2019
total 368K
-rwxr-xr-x 1 root root  139 May 11 16:38 test.sh
-rwxr--r-- 1 root root   93 May 11 16:42 git.sh
drwxr-xr-x 4 root root 4.0K May 12 16:06 work
-rw-r--r-- 1 root root  652 May 12 16:06 ssh.sh
-rw-r--r-- 1 root root   14 May 12 16:06 README.md
drwxr-xr-x 2 root root 4.0K May 12 16:06 ping-a-list-of-urls
-rwxr-xr-x 1 root root   78 May 12 16:06 java-version.sh
-rw-r--r-- 1 root root  134 May 12 16:06 java_version
-rw-r--r-- 1 root root  12K May 12 16:06 .java.sh.swp
-rw-r--r-- 1 root root  161 May 12 16:06 dockerinstall.sh
-rw-r--r-- 1 root root  12K May 12 16:06 .ansible.swp
-rw-r--r-- 1 root root  254 May 12 16:06 ansible.sh
drwxr-xr-x 2 root root 4.0K May 12 16:06 ansible
-rwxr--r-- 1 root root   70 May 12 16:09 process.sh
dr-xr-x--- 5 root root 4.0K May 12 16:22 ..
drwxr-xr-x 8 root root 4.0K May 12 16:23 .git
-rwxr-xr-x 1 root root  339 May 14 03:54 ssh1.sh
-rw-r--r-- 1 root root  12K May 14 03:57 .test.sh.swp
-rw-r--r-- 1 root root  193 May 14 04:12 jenkins.sh
-rwxr-xr-x 1 root root  268 May 14 04:18 java.sh
-rw-r--r-- 1 root root    0 May 14 04:28 typescript
-rw-r--r-- 1 root root   57 May 14 05:07 git
-rw-r--r-- 1 root root    0 May 14 05:08 id
drwxr-xr-x 6 root root 4.0K May 14 05:10 .
-rw-r--r-- 1 root root 253K May 14 05:10 test.log
Last login: Tue May 14 05:10:11 UTC 2019
total 368K
-rwxr-xr-x 1 root root  139 May 11 16:38 test.sh
-rwxr--r-- 1 root root   93 May 11 16:42 git.sh
drwxr-xr-x 4 root root 4.0K May 12 16:06 work
-rw-r--r-- 1 root root  652 May 12 16:06 ssh.sh
-rw-r--r-- 1 root root   14 May 12 16:06 README.md
drwxr-xr-x 2 root root 4.0K May 12 16:06 ping-a-list-of-urls
-rwxr-xr-x 1 root root   78 May 12 16:06 java-version.sh
-rw-r--r-- 1 root root  134 May 12 16:06 java_version
-rw-r--r-- 1 root root  12K May 12 16:06 .java.sh.swp
-rw-r--r-- 1 root root  161 May 12 16:06 dockerinstall.sh
-rw-r--r-- 1 root root  12K May 12 16:06 .ansible.swp
-rw-r--r-- 1 root root  254 May 12 16:06 ansible.sh
drwxr-xr-x 2 root root 4.0K May 12 16:06 ansible
-rwxr--r-- 1 root root   70 May 12 16:09 process.sh
dr-xr-x--- 5 root root 4.0K May 12 16:22 ..
drwxr-xr-x 8 root root 4.0K May 12 16:23 .git
-rwxr-xr-x 1 root root  339 May 14 03:54 ssh1.sh
-rw-r--r-- 1 root root  12K May 14 03:57 .test.sh.swp
-rw-r--r-- 1 root root  193 May 14 04:12 jenkins.sh
-rwxr-xr-x 1 root root  268 May 14 04:18 java.sh
-rw-r--r-- 1 root root    0 May 14 04:28 typescript
-rw-r--r-- 1 root root   57 May 14 05:07 git
-rw-r--r-- 1 root root    0 May 14 05:08 id
drwxr-xr-x 6 root root 4.0K May 14 05:10 .
-rw-r--r-- 1 root root 254K May 14 05:10 test.log
Last login: Tue May 14 05:10:11 UTC 2019
total 368K
-rwxr-xr-x 1 root root  139 May 11 16:38 test.sh
-rwxr--r-- 1 root root   93 May 11 16:42 git.sh
drwxr-xr-x 4 root root 4.0K May 12 16:06 work
-rw-r--r-- 1 root root  652 May 12 16:06 ssh.sh
-rw-r--r-- 1 root root   14 May 12 16:06 README.md
drwxr-xr-x 2 root root 4.0K May 12 16:06 ping-a-list-of-urls
-rwxr-xr-x 1 root root   78 May 12 16:06 java-version.sh
-rw-r--r-- 1 root root  134 May 12 16:06 java_version
-rw-r--r-- 1 root root  12K May 12 16:06 .java.sh.swp
-rw-r--r-- 1 root root  161 May 12 16:06 dockerinstall.sh
-rw-r--r-- 1 root root  12K May 12 16:06 .ansible.swp
-rw-r--r-- 1 root root  254 May 12 16:06 ansible.sh
drwxr-xr-x 2 root root 4.0K May 12 16:06 ansible
-rwxr--r-- 1 root root   70 May 12 16:09 process.sh
dr-xr-x--- 5 root root 4.0K May 12 16:22 ..
drwxr-xr-x 8 root root 4.0K May 12 16:23 .git
-rwxr-xr-x 1 root root  339 May 14 03:54 ssh1.sh
-rw-r--r-- 1 root root  12K May 14 03:57 .test.sh.swp
-rw-r--r-- 1 root root  193 May 14 04:12 jenkins.sh
-rwxr-xr-x 1 root root  268 May 14 04:18 java.sh
-rw-r--r-- 1 root root    0 May 14 04:28 typescript
-rw-r--r-- 1 root root   57 May 14 05:07 git
-rw-r--r-- 1 root root    0 May 14 05:08 id
drwxr-xr-x 6 root root 4.0K May 14 05:10 .
-rw-r--r-- 1 root root 256K May 14 05:10 test.log
Last login: Tue May 14 05:10:11 UTC 2019
total 372K
-rwxr-xr-x 1 root root  139 May 11 16:38 test.sh
-rwxr--r-- 1 root root   93 May 11 16:42 git.sh
drwxr-xr-x 4 root root 4.0K May 12 16:06 work
-rw-r--r-- 1 root root  652 May 12 16:06 ssh.sh
-rw-r--r-- 1 root root   14 May 12 16:06 README.md
drwxr-xr-x 2 root root 4.0K May 12 16:06 ping-a-list-of-urls
-rwxr-xr-x 1 root root   78 May 12 16:06 java-version.sh
-rw-r--r-- 1 root root  134 May 12 16:06 java_version
-rw-r--r-- 1 root root  12K May 12 16:06 .java.sh.swp
-rw-r--r-- 1 root root  161 May 12 16:06 dockerinstall.sh
-rw-r--r-- 1 root root  12K May 12 16:06 .ansible.swp
-rw-r--r-- 1 root root  254 May 12 16:06 ansible.sh
drwxr-xr-x 2 root root 4.0K May 12 16:06 ansible
-rwxr--r-- 1 root root   70 May 12 16:09 process.sh
dr-xr-x--- 5 root root 4.0K May 12 16:22 ..
drwxr-xr-x 8 root root 4.0K May 12 16:23 .git
-rwxr-xr-x 1 root root  339 May 14 03:54 ssh1.sh
-rw-r--r-- 1 root root  12K May 14 03:57 .test.sh.swp
-rw-r--r-- 1 root root  193 May 14 04:12 jenkins.sh
-rwxr-xr-x 1 root root  268 May 14 04:18 java.sh
-rw-r--r-- 1 root root    0 May 14 04:28 typescript
-rw-r--r-- 1 root root   57 May 14 05:07 git
-rw-r--r-- 1 root root    0 May 14 05:08 id
drwxr-xr-x 6 root root 4.0K May 14 05:10 .
-rw-r--r-- 1 root root 257K May 14 05:10 test.log
Last login: Tue May 14 05:10:11 UTC 2019
total 372K
-rwxr-xr-x 1 root root  139 May 11 16:38 test.sh
-rwxr--r-- 1 root root   93 May 11 16:42 git.sh
drwxr-xr-x 4 root root 4.0K May 12 16:06 work
-rw-r--r-- 1 root root  652 May 12 16:06 ssh.sh
-rw-r--r-- 1 root root   14 May 12 16:06 README.md
drwxr-xr-x 2 root root 4.0K May 12 16:06 ping-a-list-of-urls
-rwxr-xr-x 1 root root   78 May 12 16:06 java-version.sh
-rw-r--r-- 1 root root  134 May 12 16:06 java_version
-rw-r--r-- 1 root root  12K May 12 16:06 .java.sh.swp
-rw-r--r-- 1 root root  161 May 12 16:06 dockerinstall.sh
-rw-r--r-- 1 root root  12K May 12 16:06 .ansible.swp
-rw-r--r-- 1 root root  254 May 12 16:06 ansible.sh
drwxr-xr-x 2 root root 4.0K May 12 16:06 ansible
-rwxr--r-- 1 root root   70 May 12 16:09 process.sh
dr-xr-x--- 5 root root 4.0K May 12 16:22 ..
drwxr-xr-x 8 root root 4.0K May 12 16:23 .git
-rwxr-xr-x 1 root root  339 May 14 03:54 ssh1.sh
-rw-r--r-- 1 root root  12K May 14 03:57 .test.sh.swp
-rw-r--r-- 1 root root  193 May 14 04:12 jenkins.sh
-rwxr-xr-x 1 root root  268 May 14 04:18 java.sh
-rw-r--r-- 1 root root    0 May 14 04:28 typescript
-rw-r--r-- 1 root root   57 May 14 05:07 git
-rw-r--r-- 1 root root    0 May 14 05:08 id
drwxr-xr-x 6 root root 4.0K May 14 05:10 .
-rw-r--r-- 1 root root 258K May 14 05:10 test.log
Last login: Tue May 14 05:10:11 UTC 2019
total 372K
-rwxr-xr-x 1 root root  139 May 11 16:38 test.sh
-rwxr--r-- 1 root root   93 May 11 16:42 git.sh
drwxr-xr-x 4 root root 4.0K May 12 16:06 work
-rw-r--r-- 1 root root  652 May 12 16:06 ssh.sh
-rw-r--r-- 1 root root   14 May 12 16:06 README.md
drwxr-xr-x 2 root root 4.0K May 12 16:06 ping-a-list-of-urls
-rwxr-xr-x 1 root root   78 May 12 16:06 java-version.sh
-rw-r--r-- 1 root root  134 May 12 16:06 java_version
-rw-r--r-- 1 root root  12K May 12 16:06 .java.sh.swp
-rw-r--r-- 1 root root  161 May 12 16:06 dockerinstall.sh
-rw-r--r-- 1 root root  12K May 12 16:06 .ansible.swp
-rw-r--r-- 1 root root  254 May 12 16:06 ansible.sh
drwxr-xr-x 2 root root 4.0K May 12 16:06 ansible
-rwxr--r-- 1 root root   70 May 12 16:09 process.sh
dr-xr-x--- 5 root root 4.0K May 12 16:22 ..
drwxr-xr-x 8 root root 4.0K May 12 16:23 .git
-rwxr-xr-x 1 root root  339 May 14 03:54 ssh1.sh
-rw-r--r-- 1 root root  12K May 14 03:57 .test.sh.swp
-rw-r--r-- 1 root root  193 May 14 04:12 jenkins.sh
-rwxr-xr-x 1 root root  268 May 14 04:18 java.sh
-rw-r--r-- 1 root root    0 May 14 04:28 typescript
-rw-r--r-- 1 root root   57 May 14 05:07 git
-rw-r--r-- 1 root root    0 May 14 05:08 id
drwxr-xr-x 6 root root 4.0K May 14 05:10 .
-rw-r--r-- 1 root root 260K May 14 05:10 test.log
Last login: Tue May 14 05:10:11 UTC 2019
total 376K
-rwxr-xr-x 1 root root  139 May 11 16:38 test.sh
-rwxr--r-- 1 root root   93 May 11 16:42 git.sh
drwxr-xr-x 4 root root 4.0K May 12 16:06 work
-rw-r--r-- 1 root root  652 May 12 16:06 ssh.sh
-rw-r--r-- 1 root root   14 May 12 16:06 README.md
drwxr-xr-x 2 root root 4.0K May 12 16:06 ping-a-list-of-urls
-rwxr-xr-x 1 root root   78 May 12 16:06 java-version.sh
-rw-r--r-- 1 root root  134 May 12 16:06 java_version
-rw-r--r-- 1 root root  12K May 12 16:06 .java.sh.swp
-rw-r--r-- 1 root root  161 May 12 16:06 dockerinstall.sh
-rw-r--r-- 1 root root  12K May 12 16:06 .ansible.swp
-rw-r--r-- 1 root root  254 May 12 16:06 ansible.sh
drwxr-xr-x 2 root root 4.0K May 12 16:06 ansible
-rwxr--r-- 1 root root   70 May 12 16:09 process.sh
dr-xr-x--- 5 root root 4.0K May 12 16:22 ..
drwxr-xr-x 8 root root 4.0K May 12 16:23 .git
-rwxr-xr-x 1 root root  339 May 14 03:54 ssh1.sh
-rw-r--r-- 1 root root  12K May 14 03:57 .test.sh.swp
-rw-r--r-- 1 root root  193 May 14 04:12 jenkins.sh
-rwxr-xr-x 1 root root  268 May 14 04:18 java.sh
-rw-r--r-- 1 root root    0 May 14 04:28 typescript
-rw-r--r-- 1 root root   57 May 14 05:07 git
-rw-r--r-- 1 root root    0 May 14 05:08 id
drwxr-xr-x 6 root root 4.0K May 14 05:10 .
-rw-r--r-- 1 root root 261K May 14 05:10 test.log
Last login: Tue May 14 05:10:11 UTC 2019
total 376K
-rwxr-xr-x 1 root root  139 May 11 16:38 test.sh
-rwxr--r-- 1 root root   93 May 11 16:42 git.sh
drwxr-xr-x 4 root root 4.0K May 12 16:06 work
-rw-r--r-- 1 root root  652 May 12 16:06 ssh.sh
-rw-r--r-- 1 root root   14 May 12 16:06 README.md
drwxr-xr-x 2 root root 4.0K May 12 16:06 ping-a-list-of-urls
-rwxr-xr-x 1 root root   78 May 12 16:06 java-version.sh
-rw-r--r-- 1 root root  134 May 12 16:06 java_version
-rw-r--r-- 1 root root  12K May 12 16:06 .java.sh.swp
-rw-r--r-- 1 root root  161 May 12 16:06 dockerinstall.sh
-rw-r--r-- 1 root root  12K May 12 16:06 .ansible.swp
-rw-r--r-- 1 root root  254 May 12 16:06 ansible.sh
drwxr-xr-x 2 root root 4.0K May 12 16:06 ansible
-rwxr--r-- 1 root root   70 May 12 16:09 process.sh
dr-xr-x--- 5 root root 4.0K May 12 16:22 ..
drwxr-xr-x 8 root root 4.0K May 12 16:23 .git
-rwxr-xr-x 1 root root  339 May 14 03:54 ssh1.sh
-rw-r--r-- 1 root root  12K May 14 03:57 .test.sh.swp
-rw-r--r-- 1 root root  193 May 14 04:12 jenkins.sh
-rwxr-xr-x 1 root root  268 May 14 04:18 java.sh
-rw-r--r-- 1 root root    0 May 14 04:28 typescript
-rw-r--r-- 1 root root   57 May 14 05:07 git
-rw-r--r-- 1 root root    0 May 14 05:08 id
drwxr-xr-x 6 root root 4.0K May 14 05:10 .
-rw-r--r-- 1 root root 262K May 14 05:10 test.log
Last login: Tue May 14 05:10:11 UTC 2019
total 376K
-rwxr-xr-x 1 root root  139 May 11 16:38 test.sh
-rwxr--r-- 1 root root   93 May 11 16:42 git.sh
drwxr-xr-x 4 root root 4.0K May 12 16:06 work
-rw-r--r-- 1 root root  652 May 12 16:06 ssh.sh
-rw-r--r-- 1 root root   14 May 12 16:06 README.md
drwxr-xr-x 2 root root 4.0K May 12 16:06 ping-a-list-of-urls
-rwxr-xr-x 1 root root   78 May 12 16:06 java-version.sh
-rw-r--r-- 1 root root  134 May 12 16:06 java_version
-rw-r--r-- 1 root root  12K May 12 16:06 .java.sh.swp
-rw-r--r-- 1 root root  161 May 12 16:06 dockerinstall.sh
-rw-r--r-- 1 root root  12K May 12 16:06 .ansible.swp
-rw-r--r-- 1 root root  254 May 12 16:06 ansible.sh
drwxr-xr-x 2 root root 4.0K May 12 16:06 ansible
-rwxr--r-- 1 root root   70 May 12 16:09 process.sh
dr-xr-x--- 5 root root 4.0K May 12 16:22 ..
drwxr-xr-x 8 root root 4.0K May 12 16:23 .git
-rwxr-xr-x 1 root root  339 May 14 03:54 ssh1.sh
-rw-r--r-- 1 root root  12K May 14 03:57 .test.sh.swp
-rw-r--r-- 1 root root  193 May 14 04:12 jenkins.sh
-rwxr-xr-x 1 root root  268 May 14 04:18 java.sh
-rw-r--r-- 1 root root    0 May 14 04:28 typescript
-rw-r--r-- 1 root root   57 May 14 05:07 git
-rw-r--r-- 1 root root    0 May 14 05:08 id
drwxr-xr-x 6 root root 4.0K May 14 05:10 .
-rw-r--r-- 1 root root 263K May 14 05:10 test.log
Last login: Tue May 14 05:10:11 UTC 2019
total 380K
-rwxr-xr-x 1 root root  139 May 11 16:38 test.sh
-rwxr--r-- 1 root root   93 May 11 16:42 git.sh
drwxr-xr-x 4 root root 4.0K May 12 16:06 work
-rw-r--r-- 1 root root  652 May 12 16:06 ssh.sh
-rw-r--r-- 1 root root   14 May 12 16:06 README.md
drwxr-xr-x 2 root root 4.0K May 12 16:06 ping-a-list-of-urls
-rwxr-xr-x 1 root root   78 May 12 16:06 java-version.sh
-rw-r--r-- 1 root root  134 May 12 16:06 java_version
-rw-r--r-- 1 root root  12K May 12 16:06 .java.sh.swp
-rw-r--r-- 1 root root  161 May 12 16:06 dockerinstall.sh
-rw-r--r-- 1 root root  12K May 12 16:06 .ansible.swp
-rw-r--r-- 1 root root  254 May 12 16:06 ansible.sh
drwxr-xr-x 2 root root 4.0K May 12 16:06 ansible
-rwxr--r-- 1 root root   70 May 12 16:09 process.sh
dr-xr-x--- 5 root root 4.0K May 12 16:22 ..
drwxr-xr-x 8 root root 4.0K May 12 16:23 .git
-rwxr-xr-x 1 root root  339 May 14 03:54 ssh1.sh
-rw-r--r-- 1 root root  12K May 14 03:57 .test.sh.swp
-rw-r--r-- 1 root root  193 May 14 04:12 jenkins.sh
-rwxr-xr-x 1 root root  268 May 14 04:18 java.sh
-rw-r--r-- 1 root root    0 May 14 04:28 typescript
-rw-r--r-- 1 root root   57 May 14 05:07 git
-rw-r--r-- 1 root root    0 May 14 05:08 id
drwxr-xr-x 6 root root 4.0K May 14 05:10 .
-rw-r--r-- 1 root root 265K May 14 05:10 test.log
Last login: Tue May 14 05:10:11 UTC 2019
total 380K
-rwxr-xr-x 1 root root  139 May 11 16:38 test.sh
-rwxr--r-- 1 root root   93 May 11 16:42 git.sh
drwxr-xr-x 4 root root 4.0K May 12 16:06 work
-rw-r--r-- 1 root root  652 May 12 16:06 ssh.sh
-rw-r--r-- 1 root root   14 May 12 16:06 README.md
drwxr-xr-x 2 root root 4.0K May 12 16:06 ping-a-list-of-urls
-rwxr-xr-x 1 root root   78 May 12 16:06 java-version.sh
-rw-r--r-- 1 root root  134 May 12 16:06 java_version
-rw-r--r-- 1 root root  12K May 12 16:06 .java.sh.swp
-rw-r--r-- 1 root root  161 May 12 16:06 dockerinstall.sh
-rw-r--r-- 1 root root  12K May 12 16:06 .ansible.swp
-rw-r--r-- 1 root root  254 May 12 16:06 ansible.sh
drwxr-xr-x 2 root root 4.0K May 12 16:06 ansible
-rwxr--r-- 1 root root   70 May 12 16:09 process.sh
dr-xr-x--- 5 root root 4.0K May 12 16:22 ..
drwxr-xr-x 8 root root 4.0K May 12 16:23 .git
-rwxr-xr-x 1 root root  339 May 14 03:54 ssh1.sh
-rw-r--r-- 1 root root  12K May 14 03:57 .test.sh.swp
-rw-r--r-- 1 root root  193 May 14 04:12 jenkins.sh
-rwxr-xr-x 1 root root  268 May 14 04:18 java.sh
-rw-r--r-- 1 root root    0 May 14 04:28 typescript
-rw-r--r-- 1 root root   57 May 14 05:07 git
-rw-r--r-- 1 root root    0 May 14 05:08 id
drwxr-xr-x 6 root root 4.0K May 14 05:10 .
-rw-r--r-- 1 root root 266K May 14 05:10 test.log
Last login: Tue May 14 05:10:11 UTC 2019
total 380K
-rwxr-xr-x 1 root root  139 May 11 16:38 test.sh
-rwxr--r-- 1 root root   93 May 11 16:42 git.sh
drwxr-xr-x 4 root root 4.0K May 12 16:06 work
-rw-r--r-- 1 root root  652 May 12 16:06 ssh.sh
-rw-r--r-- 1 root root   14 May 12 16:06 README.md
drwxr-xr-x 2 root root 4.0K May 12 16:06 ping-a-list-of-urls
-rwxr-xr-x 1 root root   78 May 12 16:06 java-version.sh
-rw-r--r-- 1 root root  134 May 12 16:06 java_version
-rw-r--r-- 1 root root  12K May 12 16:06 .java.sh.swp
-rw-r--r-- 1 root root  161 May 12 16:06 dockerinstall.sh
-rw-r--r-- 1 root root  12K May 12 16:06 .ansible.swp
-rw-r--r-- 1 root root  254 May 12 16:06 ansible.sh
drwxr-xr-x 2 root root 4.0K May 12 16:06 ansible
-rwxr--r-- 1 root root   70 May 12 16:09 process.sh
dr-xr-x--- 5 root root 4.0K May 12 16:22 ..
drwxr-xr-x 8 root root 4.0K May 12 16:23 .git
-rwxr-xr-x 1 root root  339 May 14 03:54 ssh1.sh
-rw-r--r-- 1 root root  12K May 14 03:57 .test.sh.swp
-rw-r--r-- 1 root root  193 May 14 04:12 jenkins.sh
-rwxr-xr-x 1 root root  268 May 14 04:18 java.sh
-rw-r--r-- 1 root root    0 May 14 04:28 typescript
-rw-r--r-- 1 root root   57 May 14 05:07 git
-rw-r--r-- 1 root root    0 May 14 05:08 id
drwxr-xr-x 6 root root 4.0K May 14 05:10 .
-rw-r--r-- 1 root root 267K May 14 05:10 test.log
Last login: Tue May 14 05:10:11 UTC 2019
total 384K
-rwxr-xr-x 1 root root  139 May 11 16:38 test.sh
-rwxr--r-- 1 root root   93 May 11 16:42 git.sh
drwxr-xr-x 4 root root 4.0K May 12 16:06 work
-rw-r--r-- 1 root root  652 May 12 16:06 ssh.sh
-rw-r--r-- 1 root root   14 May 12 16:06 README.md
drwxr-xr-x 2 root root 4.0K May 12 16:06 ping-a-list-of-urls
-rwxr-xr-x 1 root root   78 May 12 16:06 java-version.sh
-rw-r--r-- 1 root root  134 May 12 16:06 java_version
-rw-r--r-- 1 root root  12K May 12 16:06 .java.sh.swp
-rw-r--r-- 1 root root  161 May 12 16:06 dockerinstall.sh
-rw-r--r-- 1 root root  12K May 12 16:06 .ansible.swp
-rw-r--r-- 1 root root  254 May 12 16:06 ansible.sh
drwxr-xr-x 2 root root 4.0K May 12 16:06 ansible
-rwxr--r-- 1 root root   70 May 12 16:09 process.sh
dr-xr-x--- 5 root root 4.0K May 12 16:22 ..
drwxr-xr-x 8 root root 4.0K May 12 16:23 .git
-rwxr-xr-x 1 root root  339 May 14 03:54 ssh1.sh
-rw-r--r-- 1 root root  12K May 14 03:57 .test.sh.swp
-rw-r--r-- 1 root root  193 May 14 04:12 jenkins.sh
-rwxr-xr-x 1 root root  268 May 14 04:18 java.sh
-rw-r--r-- 1 root root    0 May 14 04:28 typescript
-rw-r--r-- 1 root root   57 May 14 05:07 git
-rw-r--r-- 1 root root    0 May 14 05:08 id
drwxr-xr-x 6 root root 4.0K May 14 05:10 .
-rw-r--r-- 1 root root 269K May 14 05:10 test.log
Last login: Tue May 14 05:10:11 UTC 2019
total 384K
-rwxr-xr-x 1 root root  139 May 11 16:38 test.sh
-rwxr--r-- 1 root root   93 May 11 16:42 git.sh
drwxr-xr-x 4 root root 4.0K May 12 16:06 work
-rw-r--r-- 1 root root  652 May 12 16:06 ssh.sh
-rw-r--r-- 1 root root   14 May 12 16:06 README.md
drwxr-xr-x 2 root root 4.0K May 12 16:06 ping-a-list-of-urls
-rwxr-xr-x 1 root root   78 May 12 16:06 java-version.sh
-rw-r--r-- 1 root root  134 May 12 16:06 java_version
-rw-r--r-- 1 root root  12K May 12 16:06 .java.sh.swp
-rw-r--r-- 1 root root  161 May 12 16:06 dockerinstall.sh
-rw-r--r-- 1 root root  12K May 12 16:06 .ansible.swp
-rw-r--r-- 1 root root  254 May 12 16:06 ansible.sh
drwxr-xr-x 2 root root 4.0K May 12 16:06 ansible
-rwxr--r-- 1 root root   70 May 12 16:09 process.sh
dr-xr-x--- 5 root root 4.0K May 12 16:22 ..
drwxr-xr-x 8 root root 4.0K May 12 16:23 .git
-rwxr-xr-x 1 root root  339 May 14 03:54 ssh1.sh
-rw-r--r-- 1 root root  12K May 14 03:57 .test.sh.swp
-rw-r--r-- 1 root root  193 May 14 04:12 jenkins.sh
-rwxr-xr-x 1 root root  268 May 14 04:18 java.sh
-rw-r--r-- 1 root root    0 May 14 04:28 typescript
-rw-r--r-- 1 root root   57 May 14 05:07 git
-rw-r--r-- 1 root root    0 May 14 05:08 id
drwxr-xr-x 6 root root 4.0K May 14 05:10 .
-rw-r--r-- 1 root root 270K May 14 05:10 test.log
Last login: Tue May 14 05:10:11 UTC 2019
total 384K
-rwxr-xr-x 1 root root  139 May 11 16:38 test.sh
-rwxr--r-- 1 root root   93 May 11 16:42 git.sh
drwxr-xr-x 4 root root 4.0K May 12 16:06 work
-rw-r--r-- 1 root root  652 May 12 16:06 ssh.sh
-rw-r--r-- 1 root root   14 May 12 16:06 README.md
drwxr-xr-x 2 root root 4.0K May 12 16:06 ping-a-list-of-urls
-rwxr-xr-x 1 root root   78 May 12 16:06 java-version.sh
-rw-r--r-- 1 root root  134 May 12 16:06 java_version
-rw-r--r-- 1 root root  12K May 12 16:06 .java.sh.swp
-rw-r--r-- 1 root root  161 May 12 16:06 dockerinstall.sh
-rw-r--r-- 1 root root  12K May 12 16:06 .ansible.swp
-rw-r--r-- 1 root root  254 May 12 16:06 ansible.sh
drwxr-xr-x 2 root root 4.0K May 12 16:06 ansible
-rwxr--r-- 1 root root   70 May 12 16:09 process.sh
dr-xr-x--- 5 root root 4.0K May 12 16:22 ..
drwxr-xr-x 8 root root 4.0K May 12 16:23 .git
-rwxr-xr-x 1 root root  339 May 14 03:54 ssh1.sh
-rw-r--r-- 1 root root  12K May 14 03:57 .test.sh.swp
-rw-r--r-- 1 root root  193 May 14 04:12 jenkins.sh
-rwxr-xr-x 1 root root  268 May 14 04:18 java.sh
-rw-r--r-- 1 root root    0 May 14 04:28 typescript
-rw-r--r-- 1 root root   57 May 14 05:07 git
-rw-r--r-- 1 root root    0 May 14 05:08 id
drwxr-xr-x 6 root root 4.0K May 14 05:10 .
-rw-r--r-- 1 root root 271K May 14 05:10 test.log
Last login: Tue May 14 05:10:11 UTC 2019
total 384K
-rwxr-xr-x 1 root root  139 May 11 16:38 test.sh
-rwxr--r-- 1 root root   93 May 11 16:42 git.sh
drwxr-xr-x 4 root root 4.0K May 12 16:06 work
-rw-r--r-- 1 root root  652 May 12 16:06 ssh.sh
-rw-r--r-- 1 root root   14 May 12 16:06 README.md
drwxr-xr-x 2 root root 4.0K May 12 16:06 ping-a-list-of-urls
-rwxr-xr-x 1 root root   78 May 12 16:06 java-version.sh
-rw-r--r-- 1 root root  134 May 12 16:06 java_version
-rw-r--r-- 1 root root  12K May 12 16:06 .java.sh.swp
-rw-r--r-- 1 root root  161 May 12 16:06 dockerinstall.sh
-rw-r--r-- 1 root root  12K May 12 16:06 .ansible.swp
-rw-r--r-- 1 root root  254 May 12 16:06 ansible.sh
drwxr-xr-x 2 root root 4.0K May 12 16:06 ansible
-rwxr--r-- 1 root root   70 May 12 16:09 process.sh
dr-xr-x--- 5 root root 4.0K May 12 16:22 ..
drwxr-xr-x 8 root root 4.0K May 12 16:23 .git
-rwxr-xr-x 1 root root  339 May 14 03:54 ssh1.sh
-rw-r--r-- 1 root root  12K May 14 03:57 .test.sh.swp
-rw-r--r-- 1 root root  193 May 14 04:12 jenkins.sh
-rwxr-xr-x 1 root root  268 May 14 04:18 java.sh
-rw-r--r-- 1 root root    0 May 14 04:28 typescript
-rw-r--r-- 1 root root   57 May 14 05:07 git
-rw-r--r-- 1 root root    0 May 14 05:08 id
drwxr-xr-x 6 root root 4.0K May 14 05:10 .
-rw-r--r-- 1 root root 272K May 14 05:10 test.log
Last login: Tue May 14 05:10:11 UTC 2019
total 388K
-rwxr-xr-x 1 root root  139 May 11 16:38 test.sh
-rwxr--r-- 1 root root   93 May 11 16:42 git.sh
drwxr-xr-x 4 root root 4.0K May 12 16:06 work
-rw-r--r-- 1 root root  652 May 12 16:06 ssh.sh
-rw-r--r-- 1 root root   14 May 12 16:06 README.md
drwxr-xr-x 2 root root 4.0K May 12 16:06 ping-a-list-of-urls
-rwxr-xr-x 1 root root   78 May 12 16:06 java-version.sh
-rw-r--r-- 1 root root  134 May 12 16:06 java_version
-rw-r--r-- 1 root root  12K May 12 16:06 .java.sh.swp
-rw-r--r-- 1 root root  161 May 12 16:06 dockerinstall.sh
-rw-r--r-- 1 root root  12K May 12 16:06 .ansible.swp
-rw-r--r-- 1 root root  254 May 12 16:06 ansible.sh
drwxr-xr-x 2 root root 4.0K May 12 16:06 ansible
-rwxr--r-- 1 root root   70 May 12 16:09 process.sh
dr-xr-x--- 5 root root 4.0K May 12 16:22 ..
drwxr-xr-x 8 root root 4.0K May 12 16:23 .git
-rwxr-xr-x 1 root root  339 May 14 03:54 ssh1.sh
-rw-r--r-- 1 root root  12K May 14 03:57 .test.sh.swp
-rw-r--r-- 1 root root  193 May 14 04:12 jenkins.sh
-rwxr-xr-x 1 root root  268 May 14 04:18 java.sh
-rw-r--r-- 1 root root    0 May 14 04:28 typescript
-rw-r--r-- 1 root root   57 May 14 05:07 git
-rw-r--r-- 1 root root    0 May 14 05:08 id
drwxr-xr-x 6 root root 4.0K May 14 05:10 .
-rw-r--r-- 1 root root 274K May 14 05:10 test.log
Last login: Tue May 14 05:10:11 UTC 2019
total 388K
-rwxr-xr-x 1 root root  139 May 11 16:38 test.sh
-rwxr--r-- 1 root root   93 May 11 16:42 git.sh
drwxr-xr-x 4 root root 4.0K May 12 16:06 work
-rw-r--r-- 1 root root  652 May 12 16:06 ssh.sh
-rw-r--r-- 1 root root   14 May 12 16:06 README.md
drwxr-xr-x 2 root root 4.0K May 12 16:06 ping-a-list-of-urls
-rwxr-xr-x 1 root root   78 May 12 16:06 java-version.sh
-rw-r--r-- 1 root root  134 May 12 16:06 java_version
-rw-r--r-- 1 root root  12K May 12 16:06 .java.sh.swp
-rw-r--r-- 1 root root  161 May 12 16:06 dockerinstall.sh
-rw-r--r-- 1 root root  12K May 12 16:06 .ansible.swp
-rw-r--r-- 1 root root  254 May 12 16:06 ansible.sh
drwxr-xr-x 2 root root 4.0K May 12 16:06 ansible
-rwxr--r-- 1 root root   70 May 12 16:09 process.sh
dr-xr-x--- 5 root root 4.0K May 12 16:22 ..
drwxr-xr-x 8 root root 4.0K May 12 16:23 .git
-rwxr-xr-x 1 root root  339 May 14 03:54 ssh1.sh
-rw-r--r-- 1 root root  12K May 14 03:57 .test.sh.swp
-rw-r--r-- 1 root root  193 May 14 04:12 jenkins.sh
-rwxr-xr-x 1 root root  268 May 14 04:18 java.sh
-rw-r--r-- 1 root root    0 May 14 04:28 typescript
-rw-r--r-- 1 root root   57 May 14 05:07 git
-rw-r--r-- 1 root root    0 May 14 05:08 id
drwxr-xr-x 6 root root 4.0K May 14 05:10 .
-rw-r--r-- 1 root root 275K May 14 05:10 test.log
Last login: Tue May 14 05:10:11 UTC 2019
total 388K
-rwxr-xr-x 1 root root  139 May 11 16:38 test.sh
-rwxr--r-- 1 root root   93 May 11 16:42 git.sh
drwxr-xr-x 4 root root 4.0K May 12 16:06 work
-rw-r--r-- 1 root root  652 May 12 16:06 ssh.sh
-rw-r--r-- 1 root root   14 May 12 16:06 README.md
drwxr-xr-x 2 root root 4.0K May 12 16:06 ping-a-list-of-urls
-rwxr-xr-x 1 root root   78 May 12 16:06 java-version.sh
-rw-r--r-- 1 root root  134 May 12 16:06 java_version
-rw-r--r-- 1 root root  12K May 12 16:06 .java.sh.swp
-rw-r--r-- 1 root root  161 May 12 16:06 dockerinstall.sh
-rw-r--r-- 1 root root  12K May 12 16:06 .ansible.swp
-rw-r--r-- 1 root root  254 May 12 16:06 ansible.sh
drwxr-xr-x 2 root root 4.0K May 12 16:06 ansible
-rwxr--r-- 1 root root   70 May 12 16:09 process.sh
dr-xr-x--- 5 root root 4.0K May 12 16:22 ..
drwxr-xr-x 8 root root 4.0K May 12 16:23 .git
-rwxr-xr-x 1 root root  339 May 14 03:54 ssh1.sh
-rw-r--r-- 1 root root  12K May 14 03:57 .test.sh.swp
-rw-r--r-- 1 root root  193 May 14 04:12 jenkins.sh
-rwxr-xr-x 1 root root  268 May 14 04:18 java.sh
-rw-r--r-- 1 root root    0 May 14 04:28 typescript
-rw-r--r-- 1 root root   57 May 14 05:07 git
-rw-r--r-- 1 root root    0 May 14 05:08 id
drwxr-xr-x 6 root root 4.0K May 14 05:10 .
-rw-r--r-- 1 root root 276K May 14 05:10 test.log
Last login: Tue May 14 05:10:11 UTC 2019
total 392K
-rwxr-xr-x 1 root root  139 May 11 16:38 test.sh
-rwxr--r-- 1 root root   93 May 11 16:42 git.sh
drwxr-xr-x 4 root root 4.0K May 12 16:06 work
-rw-r--r-- 1 root root  652 May 12 16:06 ssh.sh
-rw-r--r-- 1 root root   14 May 12 16:06 README.md
drwxr-xr-x 2 root root 4.0K May 12 16:06 ping-a-list-of-urls
-rwxr-xr-x 1 root root   78 May 12 16:06 java-version.sh
-rw-r--r-- 1 root root  134 May 12 16:06 java_version
-rw-r--r-- 1 root root  12K May 12 16:06 .java.sh.swp
-rw-r--r-- 1 root root  161 May 12 16:06 dockerinstall.sh
-rw-r--r-- 1 root root  12K May 12 16:06 .ansible.swp
-rw-r--r-- 1 root root  254 May 12 16:06 ansible.sh
drwxr-xr-x 2 root root 4.0K May 12 16:06 ansible
-rwxr--r-- 1 root root   70 May 12 16:09 process.sh
dr-xr-x--- 5 root root 4.0K May 12 16:22 ..
drwxr-xr-x 8 root root 4.0K May 12 16:23 .git
-rwxr-xr-x 1 root root  339 May 14 03:54 ssh1.sh
-rw-r--r-- 1 root root  12K May 14 03:57 .test.sh.swp
-rw-r--r-- 1 root root  193 May 14 04:12 jenkins.sh
-rwxr-xr-x 1 root root  268 May 14 04:18 java.sh
-rw-r--r-- 1 root root    0 May 14 04:28 typescript
-rw-r--r-- 1 root root   57 May 14 05:07 git
-rw-r--r-- 1 root root    0 May 14 05:08 id
drwxr-xr-x 6 root root 4.0K May 14 05:10 .
-rw-r--r-- 1 root root 278K May 14 05:10 test.log
Last login: Tue May 14 05:10:11 UTC 2019
total 392K
-rwxr-xr-x 1 root root  139 May 11 16:38 test.sh
-rwxr--r-- 1 root root   93 May 11 16:42 git.sh
drwxr-xr-x 4 root root 4.0K May 12 16:06 work
-rw-r--r-- 1 root root  652 May 12 16:06 ssh.sh
-rw-r--r-- 1 root root   14 May 12 16:06 README.md
drwxr-xr-x 2 root root 4.0K May 12 16:06 ping-a-list-of-urls
-rwxr-xr-x 1 root root   78 May 12 16:06 java-version.sh
-rw-r--r-- 1 root root  134 May 12 16:06 java_version
-rw-r--r-- 1 root root  12K May 12 16:06 .java.sh.swp
-rw-r--r-- 1 root root  161 May 12 16:06 dockerinstall.sh
-rw-r--r-- 1 root root  12K May 12 16:06 .ansible.swp
-rw-r--r-- 1 root root  254 May 12 16:06 ansible.sh
drwxr-xr-x 2 root root 4.0K May 12 16:06 ansible
-rwxr--r-- 1 root root   70 May 12 16:09 process.sh
dr-xr-x--- 5 root root 4.0K May 12 16:22 ..
drwxr-xr-x 8 root root 4.0K May 12 16:23 .git
-rwxr-xr-x 1 root root  339 May 14 03:54 ssh1.sh
-rw-r--r-- 1 root root  12K May 14 03:57 .test.sh.swp
-rw-r--r-- 1 root root  193 May 14 04:12 jenkins.sh
-rwxr-xr-x 1 root root  268 May 14 04:18 java.sh
-rw-r--r-- 1 root root    0 May 14 04:28 typescript
-rw-r--r-- 1 root root   57 May 14 05:07 git
-rw-r--r-- 1 root root    0 May 14 05:08 id
drwxr-xr-x 6 root root 4.0K May 14 05:10 .
-rw-r--r-- 1 root root 279K May 14 05:10 test.log
Last login: Tue May 14 05:10:11 UTC 2019
total 392K
-rwxr-xr-x 1 root root  139 May 11 16:38 test.sh
-rwxr--r-- 1 root root   93 May 11 16:42 git.sh
drwxr-xr-x 4 root root 4.0K May 12 16:06 work
-rw-r--r-- 1 root root  652 May 12 16:06 ssh.sh
-rw-r--r-- 1 root root   14 May 12 16:06 README.md
drwxr-xr-x 2 root root 4.0K May 12 16:06 ping-a-list-of-urls
-rwxr-xr-x 1 root root   78 May 12 16:06 java-version.sh
-rw-r--r-- 1 root root  134 May 12 16:06 java_version
-rw-r--r-- 1 root root  12K May 12 16:06 .java.sh.swp
-rw-r--r-- 1 root root  161 May 12 16:06 dockerinstall.sh
-rw-r--r-- 1 root root  12K May 12 16:06 .ansible.swp
-rw-r--r-- 1 root root  254 May 12 16:06 ansible.sh
drwxr-xr-x 2 root root 4.0K May 12 16:06 ansible
-rwxr--r-- 1 root root   70 May 12 16:09 process.sh
dr-xr-x--- 5 root root 4.0K May 12 16:22 ..
drwxr-xr-x 8 root root 4.0K May 12 16:23 .git
-rwxr-xr-x 1 root root  339 May 14 03:54 ssh1.sh
-rw-r--r-- 1 root root  12K May 14 03:57 .test.sh.swp
-rw-r--r-- 1 root root  193 May 14 04:12 jenkins.sh
-rwxr-xr-x 1 root root  268 May 14 04:18 java.sh
-rw-r--r-- 1 root root    0 May 14 04:28 typescript
-rw-r--r-- 1 root root   57 May 14 05:07 git
-rw-r--r-- 1 root root    0 May 14 05:08 id
drwxr-xr-x 6 root root 4.0K May 14 05:10 .
-rw-r--r-- 1 root root 280K May 14 05:10 test.log
Last login: Tue May 14 05:10:11 UTC 2019
total 396K
-rwxr-xr-x 1 root root  139 May 11 16:38 test.sh
-rwxr--r-- 1 root root   93 May 11 16:42 git.sh
drwxr-xr-x 4 root root 4.0K May 12 16:06 work
-rw-r--r-- 1 root root  652 May 12 16:06 ssh.sh
-rw-r--r-- 1 root root   14 May 12 16:06 README.md
drwxr-xr-x 2 root root 4.0K May 12 16:06 ping-a-list-of-urls
-rwxr-xr-x 1 root root   78 May 12 16:06 java-version.sh
-rw-r--r-- 1 root root  134 May 12 16:06 java_version
-rw-r--r-- 1 root root  12K May 12 16:06 .java.sh.swp
-rw-r--r-- 1 root root  161 May 12 16:06 dockerinstall.sh
-rw-r--r-- 1 root root  12K May 12 16:06 .ansible.swp
-rw-r--r-- 1 root root  254 May 12 16:06 ansible.sh
drwxr-xr-x 2 root root 4.0K May 12 16:06 ansible
-rwxr--r-- 1 root root   70 May 12 16:09 process.sh
dr-xr-x--- 5 root root 4.0K May 12 16:22 ..
drwxr-xr-x 8 root root 4.0K May 12 16:23 .git
-rwxr-xr-x 1 root root  339 May 14 03:54 ssh1.sh
-rw-r--r-- 1 root root  12K May 14 03:57 .test.sh.swp
-rw-r--r-- 1 root root  193 May 14 04:12 jenkins.sh
-rwxr-xr-x 1 root root  268 May 14 04:18 java.sh
-rw-r--r-- 1 root root    0 May 14 04:28 typescript
-rw-r--r-- 1 root root   57 May 14 05:07 git
-rw-r--r-- 1 root root    0 May 14 05:08 id
drwxr-xr-x 6 root root 4.0K May 14 05:10 .
-rw-r--r-- 1 root root 281K May 14 05:10 test.log
Last login: Tue May 14 05:10:11 UTC 2019
total 396K
-rwxr-xr-x 1 root root  139 May 11 16:38 test.sh
-rwxr--r-- 1 root root   93 May 11 16:42 git.sh
drwxr-xr-x 4 root root 4.0K May 12 16:06 work
-rw-r--r-- 1 root root  652 May 12 16:06 ssh.sh
-rw-r--r-- 1 root root   14 May 12 16:06 README.md
drwxr-xr-x 2 root root 4.0K May 12 16:06 ping-a-list-of-urls
-rwxr-xr-x 1 root root   78 May 12 16:06 java-version.sh
-rw-r--r-- 1 root root  134 May 12 16:06 java_version
-rw-r--r-- 1 root root  12K May 12 16:06 .java.sh.swp
-rw-r--r-- 1 root root  161 May 12 16:06 dockerinstall.sh
-rw-r--r-- 1 root root  12K May 12 16:06 .ansible.swp
-rw-r--r-- 1 root root  254 May 12 16:06 ansible.sh
drwxr-xr-x 2 root root 4.0K May 12 16:06 ansible
-rwxr--r-- 1 root root   70 May 12 16:09 process.sh
dr-xr-x--- 5 root root 4.0K May 12 16:22 ..
drwxr-xr-x 8 root root 4.0K May 12 16:23 .git
-rwxr-xr-x 1 root root  339 May 14 03:54 ssh1.sh
-rw-r--r-- 1 root root  12K May 14 03:57 .test.sh.swp
-rw-r--r-- 1 root root  193 May 14 04:12 jenkins.sh
-rwxr-xr-x 1 root root  268 May 14 04:18 java.sh
-rw-r--r-- 1 root root    0 May 14 04:28 typescript
-rw-r--r-- 1 root root   57 May 14 05:07 git
-rw-r--r-- 1 root root    0 May 14 05:08 id
drwxr-xr-x 6 root root 4.0K May 14 05:10 .
-rw-r--r-- 1 root root 283K May 14 05:10 test.log
Last login: Tue May 14 05:10:11 UTC 2019
total 396K
-rwxr-xr-x 1 root root  139 May 11 16:38 test.sh
-rwxr--r-- 1 root root   93 May 11 16:42 git.sh
drwxr-xr-x 4 root root 4.0K May 12 16:06 work
-rw-r--r-- 1 root root  652 May 12 16:06 ssh.sh
-rw-r--r-- 1 root root   14 May 12 16:06 README.md
drwxr-xr-x 2 root root 4.0K May 12 16:06 ping-a-list-of-urls
-rwxr-xr-x 1 root root   78 May 12 16:06 java-version.sh
-rw-r--r-- 1 root root  134 May 12 16:06 java_version
-rw-r--r-- 1 root root  12K May 12 16:06 .java.sh.swp
-rw-r--r-- 1 root root  161 May 12 16:06 dockerinstall.sh
-rw-r--r-- 1 root root  12K May 12 16:06 .ansible.swp
-rw-r--r-- 1 root root  254 May 12 16:06 ansible.sh
drwxr-xr-x 2 root root 4.0K May 12 16:06 ansible
-rwxr--r-- 1 root root   70 May 12 16:09 process.sh
dr-xr-x--- 5 root root 4.0K May 12 16:22 ..
drwxr-xr-x 8 root root 4.0K May 12 16:23 .git
-rwxr-xr-x 1 root root  339 May 14 03:54 ssh1.sh
-rw-r--r-- 1 root root  12K May 14 03:57 .test.sh.swp
-rw-r--r-- 1 root root  193 May 14 04:12 jenkins.sh
-rwxr-xr-x 1 root root  268 May 14 04:18 java.sh
-rw-r--r-- 1 root root    0 May 14 04:28 typescript
-rw-r--r-- 1 root root   57 May 14 05:07 git
-rw-r--r-- 1 root root    0 May 14 05:08 id
drwxr-xr-x 6 root root 4.0K May 14 05:10 .
-rw-r--r-- 1 root root 284K May 14 05:10 test.log
Last login: Tue May 14 05:10:11 UTC 2019
total 400K
-rwxr-xr-x 1 root root  139 May 11 16:38 test.sh
-rwxr--r-- 1 root root   93 May 11 16:42 git.sh
drwxr-xr-x 4 root root 4.0K May 12 16:06 work
-rw-r--r-- 1 root root  652 May 12 16:06 ssh.sh
-rw-r--r-- 1 root root   14 May 12 16:06 README.md
drwxr-xr-x 2 root root 4.0K May 12 16:06 ping-a-list-of-urls
-rwxr-xr-x 1 root root   78 May 12 16:06 java-version.sh
-rw-r--r-- 1 root root  134 May 12 16:06 java_version
-rw-r--r-- 1 root root  12K May 12 16:06 .java.sh.swp
-rw-r--r-- 1 root root  161 May 12 16:06 dockerinstall.sh
-rw-r--r-- 1 root root  12K May 12 16:06 .ansible.swp
-rw-r--r-- 1 root root  254 May 12 16:06 ansible.sh
drwxr-xr-x 2 root root 4.0K May 12 16:06 ansible
-rwxr--r-- 1 root root   70 May 12 16:09 process.sh
dr-xr-x--- 5 root root 4.0K May 12 16:22 ..
drwxr-xr-x 8 root root 4.0K May 12 16:23 .git
-rwxr-xr-x 1 root root  339 May 14 03:54 ssh1.sh
-rw-r--r-- 1 root root  12K May 14 03:57 .test.sh.swp
-rw-r--r-- 1 root root  193 May 14 04:12 jenkins.sh
-rwxr-xr-x 1 root root  268 May 14 04:18 java.sh
-rw-r--r-- 1 root root    0 May 14 04:28 typescript
-rw-r--r-- 1 root root   57 May 14 05:07 git
-rw-r--r-- 1 root root    0 May 14 05:08 id
drwxr-xr-x 6 root root 4.0K May 14 05:10 .
-rw-r--r-- 1 root root 285K May 14 05:10 test.log
Last login: Tue May 14 05:10:11 UTC 2019
total 400K
-rwxr-xr-x 1 root root  139 May 11 16:38 test.sh
-rwxr--r-- 1 root root   93 May 11 16:42 git.sh
drwxr-xr-x 4 root root 4.0K May 12 16:06 work
-rw-r--r-- 1 root root  652 May 12 16:06 ssh.sh
-rw-r--r-- 1 root root   14 May 12 16:06 README.md
drwxr-xr-x 2 root root 4.0K May 12 16:06 ping-a-list-of-urls
-rwxr-xr-x 1 root root   78 May 12 16:06 java-version.sh
-rw-r--r-- 1 root root  134 May 12 16:06 java_version
-rw-r--r-- 1 root root  12K May 12 16:06 .java.sh.swp
-rw-r--r-- 1 root root  161 May 12 16:06 dockerinstall.sh
-rw-r--r-- 1 root root  12K May 12 16:06 .ansible.swp
-rw-r--r-- 1 root root  254 May 12 16:06 ansible.sh
drwxr-xr-x 2 root root 4.0K May 12 16:06 ansible
-rwxr--r-- 1 root root   70 May 12 16:09 process.sh
dr-xr-x--- 5 root root 4.0K May 12 16:22 ..
drwxr-xr-x 8 root root 4.0K May 12 16:23 .git
-rwxr-xr-x 1 root root  339 May 14 03:54 ssh1.sh
-rw-r--r-- 1 root root  12K May 14 03:57 .test.sh.swp
-rw-r--r-- 1 root root  193 May 14 04:12 jenkins.sh
-rwxr-xr-x 1 root root  268 May 14 04:18 java.sh
-rw-r--r-- 1 root root    0 May 14 04:28 typescript
-rw-r--r-- 1 root root   57 May 14 05:07 git
-rw-r--r-- 1 root root    0 May 14 05:08 id
drwxr-xr-x 6 root root 4.0K May 14 05:10 .
-rw-r--r-- 1 root root 287K May 14 05:10 test.log
Last login: Tue May 14 05:10:11 UTC 2019
total 400K
-rwxr-xr-x 1 root root  139 May 11 16:38 test.sh
-rwxr--r-- 1 root root   93 May 11 16:42 git.sh
drwxr-xr-x 4 root root 4.0K May 12 16:06 work
-rw-r--r-- 1 root root  652 May 12 16:06 ssh.sh
-rw-r--r-- 1 root root   14 May 12 16:06 README.md
drwxr-xr-x 2 root root 4.0K May 12 16:06 ping-a-list-of-urls
-rwxr-xr-x 1 root root   78 May 12 16:06 java-version.sh
-rw-r--r-- 1 root root  134 May 12 16:06 java_version
-rw-r--r-- 1 root root  12K May 12 16:06 .java.sh.swp
-rw-r--r-- 1 root root  161 May 12 16:06 dockerinstall.sh
-rw-r--r-- 1 root root  12K May 12 16:06 .ansible.swp
-rw-r--r-- 1 root root  254 May 12 16:06 ansible.sh
drwxr-xr-x 2 root root 4.0K May 12 16:06 ansible
-rwxr--r-- 1 root root   70 May 12 16:09 process.sh
dr-xr-x--- 5 root root 4.0K May 12 16:22 ..
drwxr-xr-x 8 root root 4.0K May 12 16:23 .git
-rwxr-xr-x 1 root root  339 May 14 03:54 ssh1.sh
-rw-r--r-- 1 root root  12K May 14 03:57 .test.sh.swp
-rw-r--r-- 1 root root  193 May 14 04:12 jenkins.sh
-rwxr-xr-x 1 root root  268 May 14 04:18 java.sh
-rw-r--r-- 1 root root    0 May 14 04:28 typescript
-rw-r--r-- 1 root root   57 May 14 05:07 git
-rw-r--r-- 1 root root    0 May 14 05:08 id
drwxr-xr-x 6 root root 4.0K May 14 05:10 .
-rw-r--r-- 1 root root 288K May 14 05:10 test.log
Last login: Tue May 14 05:10:11 UTC 2019
total 404K
-rwxr-xr-x 1 root root  139 May 11 16:38 test.sh
-rwxr--r-- 1 root root   93 May 11 16:42 git.sh
drwxr-xr-x 4 root root 4.0K May 12 16:06 work
-rw-r--r-- 1 root root  652 May 12 16:06 ssh.sh
-rw-r--r-- 1 root root   14 May 12 16:06 README.md
drwxr-xr-x 2 root root 4.0K May 12 16:06 ping-a-list-of-urls
-rwxr-xr-x 1 root root   78 May 12 16:06 java-version.sh
-rw-r--r-- 1 root root  134 May 12 16:06 java_version
-rw-r--r-- 1 root root  12K May 12 16:06 .java.sh.swp
-rw-r--r-- 1 root root  161 May 12 16:06 dockerinstall.sh
-rw-r--r-- 1 root root  12K May 12 16:06 .ansible.swp
-rw-r--r-- 1 root root  254 May 12 16:06 ansible.sh
drwxr-xr-x 2 root root 4.0K May 12 16:06 ansible
-rwxr--r-- 1 root root   70 May 12 16:09 process.sh
dr-xr-x--- 5 root root 4.0K May 12 16:22 ..
drwxr-xr-x 8 root root 4.0K May 12 16:23 .git
-rwxr-xr-x 1 root root  339 May 14 03:54 ssh1.sh
-rw-r--r-- 1 root root  12K May 14 03:57 .test.sh.swp
-rw-r--r-- 1 root root  193 May 14 04:12 jenkins.sh
-rwxr-xr-x 1 root root  268 May 14 04:18 java.sh
-rw-r--r-- 1 root root    0 May 14 04:28 typescript
-rw-r--r-- 1 root root   57 May 14 05:07 git
-rw-r--r-- 1 root root    0 May 14 05:08 id
drwxr-xr-x 6 root root 4.0K May 14 05:10 .
-rw-r--r-- 1 root root 289K May 14 05:10 test.log
Last login: Tue May 14 05:10:11 UTC 2019
total 404K
-rwxr-xr-x 1 root root  139 May 11 16:38 test.sh
-rwxr--r-- 1 root root   93 May 11 16:42 git.sh
drwxr-xr-x 4 root root 4.0K May 12 16:06 work
-rw-r--r-- 1 root root  652 May 12 16:06 ssh.sh
-rw-r--r-- 1 root root   14 May 12 16:06 README.md
drwxr-xr-x 2 root root 4.0K May 12 16:06 ping-a-list-of-urls
-rwxr-xr-x 1 root root   78 May 12 16:06 java-version.sh
-rw-r--r-- 1 root root  134 May 12 16:06 java_version
-rw-r--r-- 1 root root  12K May 12 16:06 .java.sh.swp
-rw-r--r-- 1 root root  161 May 12 16:06 dockerinstall.sh
-rw-r--r-- 1 root root  12K May 12 16:06 .ansible.swp
-rw-r--r-- 1 root root  254 May 12 16:06 ansible.sh
drwxr-xr-x 2 root root 4.0K May 12 16:06 ansible
-rwxr--r-- 1 root root   70 May 12 16:09 process.sh
dr-xr-x--- 5 root root 4.0K May 12 16:22 ..
drwxr-xr-x 8 root root 4.0K May 12 16:23 .git
-rwxr-xr-x 1 root root  339 May 14 03:54 ssh1.sh
-rw-r--r-- 1 root root  12K May 14 03:57 .test.sh.swp
-rw-r--r-- 1 root root  193 May 14 04:12 jenkins.sh
-rwxr-xr-x 1 root root  268 May 14 04:18 java.sh
-rw-r--r-- 1 root root    0 May 14 04:28 typescript
-rw-r--r-- 1 root root   57 May 14 05:07 git
-rw-r--r-- 1 root root    0 May 14 05:08 id
drwxr-xr-x 6 root root 4.0K May 14 05:10 .
-rw-r--r-- 1 root root 290K May 14 05:10 test.log
Last login: Tue May 14 05:10:11 UTC 2019
total 404K
-rwxr-xr-x 1 root root  139 May 11 16:38 test.sh
-rwxr--r-- 1 root root   93 May 11 16:42 git.sh
drwxr-xr-x 4 root root 4.0K May 12 16:06 work
-rw-r--r-- 1 root root  652 May 12 16:06 ssh.sh
-rw-r--r-- 1 root root   14 May 12 16:06 README.md
drwxr-xr-x 2 root root 4.0K May 12 16:06 ping-a-list-of-urls
-rwxr-xr-x 1 root root   78 May 12 16:06 java-version.sh
-rw-r--r-- 1 root root  134 May 12 16:06 java_version
-rw-r--r-- 1 root root  12K May 12 16:06 .java.sh.swp
-rw-r--r-- 1 root root  161 May 12 16:06 dockerinstall.sh
-rw-r--r-- 1 root root  12K May 12 16:06 .ansible.swp
-rw-r--r-- 1 root root  254 May 12 16:06 ansible.sh
drwxr-xr-x 2 root root 4.0K May 12 16:06 ansible
-rwxr--r-- 1 root root   70 May 12 16:09 process.sh
dr-xr-x--- 5 root root 4.0K May 12 16:22 ..
drwxr-xr-x 8 root root 4.0K May 12 16:23 .git
-rwxr-xr-x 1 root root  339 May 14 03:54 ssh1.sh
-rw-r--r-- 1 root root  12K May 14 03:57 .test.sh.swp
-rw-r--r-- 1 root root  193 May 14 04:12 jenkins.sh
-rwxr-xr-x 1 root root  268 May 14 04:18 java.sh
-rw-r--r-- 1 root root    0 May 14 04:28 typescript
-rw-r--r-- 1 root root   57 May 14 05:07 git
-rw-r--r-- 1 root root    0 May 14 05:08 id
drwxr-xr-x 6 root root 4.0K May 14 05:10 .
-rw-r--r-- 1 root root 292K May 14 05:10 test.log
Last login: Tue May 14 05:10:11 UTC 2019
total 408K
-rwxr-xr-x 1 root root  139 May 11 16:38 test.sh
-rwxr--r-- 1 root root   93 May 11 16:42 git.sh
drwxr-xr-x 4 root root 4.0K May 12 16:06 work
-rw-r--r-- 1 root root  652 May 12 16:06 ssh.sh
-rw-r--r-- 1 root root   14 May 12 16:06 README.md
drwxr-xr-x 2 root root 4.0K May 12 16:06 ping-a-list-of-urls
-rwxr-xr-x 1 root root   78 May 12 16:06 java-version.sh
-rw-r--r-- 1 root root  134 May 12 16:06 java_version
-rw-r--r-- 1 root root  12K May 12 16:06 .java.sh.swp
-rw-r--r-- 1 root root  161 May 12 16:06 dockerinstall.sh
-rw-r--r-- 1 root root  12K May 12 16:06 .ansible.swp
-rw-r--r-- 1 root root  254 May 12 16:06 ansible.sh
drwxr-xr-x 2 root root 4.0K May 12 16:06 ansible
-rwxr--r-- 1 root root   70 May 12 16:09 process.sh
dr-xr-x--- 5 root root 4.0K May 12 16:22 ..
drwxr-xr-x 8 root root 4.0K May 12 16:23 .git
-rwxr-xr-x 1 root root  339 May 14 03:54 ssh1.sh
-rw-r--r-- 1 root root  12K May 14 03:57 .test.sh.swp
-rw-r--r-- 1 root root  193 May 14 04:12 jenkins.sh
-rwxr-xr-x 1 root root  268 May 14 04:18 java.sh
-rw-r--r-- 1 root root    0 May 14 04:28 typescript
-rw-r--r-- 1 root root   57 May 14 05:07 git
-rw-r--r-- 1 root root    0 May 14 05:08 id
drwxr-xr-x 6 root root 4.0K May 14 05:10 .
-rw-r--r-- 1 root root 293K May 14 05:10 test.log
